Microchip MPLAB XC8 Compiler V1.30 ()

Linker command line:

--edf=/opt/microchip/xc8/v1.30/dat/en_msgs.txt -cs \
  -h+dist/default/production/lcd_first_steps.X.production.sym \
  --cmf=dist/default/production/lcd_first_steps.X.production.cmf -z \
  -Q16F628A -o/tmp/cgturlfoU \
  -Mdist/default/production/lcd_first_steps.X.production.map -E1 -ver=XC8 \
  -ASTACK=0A0h-0efh -pstack=STACK -ACONST=00h-0FFhx8 -ACODE=00h-07FFh \
  -ASTRCODE=00h-07FFh -AENTRY=00h-0FFhx8 -ASTRING=00h-0FFhx8 \
  -ACOMMON=070h-07Fh -ABANK0=020h-06Fh -ABANK1=0A0h-0EFh \
  -ABANK2=0120h-014Fh -ARAM=020h-06Fh,0A0h-0EFh,0120h-014Fh \
  -AABS1=020h-07Fh,0A0h-0EFh,0120h-014Fh -ASFR0=00h-01Fh -ASFR1=080h-09Fh \
  -ASFR2=0100h-011Fh -ASFR3=0180h-01EFh \
  -preset_vec=00h,intentry,init,end_init -ppowerup=CODE -pcinit=CODE \
  -pfunctab=CODE -ACONFIG=02007h-02007h -pconfig=CONFIG -DCONFIG=2 \
  -AIDLOC=02000h-02003h -pidloc=IDLOC -DIDLOC=2 -AEEDATA=00h-07Fh/02100h \
  -peeprom_data=EEDATA -DEEDATA=2 -DCODE=2 -DSTRCODE=2 -DSTRING=2 -DCONST=2 \
  -DENTRY=2 -k /tmp/cgtpymgZB.obj \
  dist/default/production/lcd_first_steps.X.production.obj 

Object code version is 3.11

Machine type is 16F628A



                Name                               Link     Load   Length Selector   Space Scale
/tmp/cgtpymgZB.obj
                end_init                              0        0        1        0       0
                config                             2007     2007        1     400E       0
dist/default/production/lcd_first_steps.X.production.obj
                cinit                               7FE      7FE        2      FFC       0
                text5                               657      657       13      CAE       0
                text4                               76D      76D       91      EDA       0
                text3                               66A      66A       31      CD4       0
                text2                               6E5      6E5       88      DCA       0
                text1                               647      647       10      C8E       0
                maintext                            69B      69B       4A      D36       0
                cstackBANK0                          20       20        1       20       1
                cstackCOMMON                         70       70        E       70       1
                strings                               1        1       2A        2       0

TOTAL           Name                               Link     Load   Length     Space
        CLASS   STACK          

        CLASS   CONST          

        CLASS   CODE           
                end_init                              0        0        1         0
                cinit                               7FE      7FE        2         0
                text5                               657      657       13         0
                text4                               76D      76D       91         0
                text3                               66A      66A       31         0
                text2                               6E5      6E5       88         0
                text1                               647      647       10         0
                maintext                            69B      69B       4A         0

        CLASS   STRCODE        

        CLASS   ENTRY          

        CLASS   STRING         
                strings                               1        1       2A         0

        CLASS   COMMON         
                cstackCOMMON                         70       70        E         1

        CLASS   BANK0          
                cstackBANK0                          20       20        1         1

        CLASS   BANK1          

        CLASS   BANK2          

        CLASS   RAM            

        CLASS   ABS1           
                abs_s1                               7E       7E        2         1

        CLASS   SFR0           

        CLASS   SFR1           

        CLASS   SFR2           

        CLASS   SFR3           

        CLASS   CONFIG         
                config                             2007     2007        1         0

        CLASS   IDLOC          

        CLASS   EEDATA         

        CLASS   BANK3          



SEGMENTS        Name                           Load    Length   Top    Selector   Space  Class     Delta

                reset_vec                      000000  000001  000001         0       0  CODE        2
                strings                        000001  00002A  00002B         2       0  STRING      2
                cstackBANK0                    000020  000001  000021        20       1  BANK0       1
                cstackCOMMON                   000070  00000E  00007E        70       1  COMMON      1
                text1                          000647  000010  000657       C8E       0  CODE        2
                text5                          000657  000013  00066A       CAE       0  CODE        2
                text3                          00066A  000031  00069B       CD4       0  CODE        2
                maintext                       00069B  00004A  0006E5       D36       0  CODE        2
                text2                          0006E5  000088  00076D       DCA       0  CODE        2
                text4                          00076D  000091  0007FE       EDA       0  CODE        2
                cinit                          0007FE  000002  000800       FFC       0  CODE        2
                config                         002007  000001  002008      400E       0  CONFIG      2


UNUSED ADDRESS RANGES

        Name                Unused          Largest block    Delta
        BANK0            0021-006F             4F           1
        BANK1            00A0-00EF             50           1
        BANK2            0120-014F             30           1
        CODE             002B-0646            61C           2
        CONST            002B-0646            100           2
        EEDATA           2100-217F             80           2
        ENTRY            002B-0646            100           2
        IDLOC            2000-2003              4           2
        RAM              0021-006F             4F           1
                         00A0-00EF             50
                         0120-014F             30
        SFR0             0000-001F             20           1
        SFR1             0080-009F             20           1
        SFR2             0100-011F             20           1
        SFR3             0180-01EF             70           1
        STACK            00A0-00EF             50           1
        STRCODE          002B-0646            61C           2
        STRING           002B-0646            100           2

                                  Symbol Table

_CMCON                   (abs)        001F
_INTCON                  (abs)        000B
_PIE1                    (abs)        008C
_PORTA                   (abs)        0005
_PORTAbits               (abs)        0005
_PORTB                   (abs)        0006
_PORTBbits               (abs)        0006
_TRISA                   (abs)        0085
_TRISB                   (abs)        0086
__CFG_BOREN$ON           (abs)        0000
__CFG_CP$OFF             (abs)        0000
__CFG_CPD$OFF            (abs)        0000
__CFG_FOSC$XT            (abs)        0000
__CFG_LVP$ON             (abs)        0000
__CFG_MCLRE$ON           (abs)        0000
__CFG_PWRTE$OFF          (abs)        0000
__CFG_WDTE$ON            (abs)        0000
__Habs1                  abs1         0000
__Hbank0                 bank0        0000
__Hbank1                 bank1        0000
__Hbank2                 bank2        0000
__Hbank3                 bank3        0000
__Hcinit                 cinit        0800
__Hclrtext               clrtext      0000
__Hcode                  code         0000
__Hcommon                common       0000
__Hconfig                config       2008
__HcstackBANK0           cstackBANK0  0000
__HcstackCOMMON          cstackCOMMON 0000
__Heeprom_data           eeprom_data  0000
__Hend_init              end_init     0001
__Hfunctab               functab      0000
__Hidloc                 idloc        0000
__Hinit                  init         0000
__Hintentry              intentry     0000
__Hmaintext              maintext     0000
__Hpowerup               powerup      0000
__Hram                   ram          0000
__Hreset_vec             reset_vec    0000
__Hsfr0                  sfr0         0000
__Hsfr1                  sfr1         0000
__Hsfr2                  sfr2         0000
__Hsfr3                  sfr3         0000
__Hstack                 stack        0000
__Hstrings               strings      0000
__Htext                  text         0000
__Labs1                  abs1         0000
__Lbank0                 bank0        0000
__Lbank1                 bank1        0000
__Lbank2                 bank2        0000
__Lbank3                 bank3        0000
__Lcinit                 cinit        07FE
__Lclrtext               clrtext      0000
__Lcode                  code         0000
__Lcommon                common       0000
__Lconfig                config       2007
__LcstackBANK0           cstackBANK0  0000
__LcstackCOMMON          cstackCOMMON 0000
__Leeprom_data           eeprom_data  0000
__Lend_init              end_init     0000
__Lfunctab               functab      0000
__Lidloc                 idloc        0000
__Linit                  init         0000
__Lintentry              intentry     0000
__Lmaintext              maintext     0000
__Lpowerup               powerup      0000
__Lram                   ram          0000
__Lreset_vec             reset_vec    0000
__Lsfr0                  sfr0         0000
__Lsfr1                  sfr1         0000
__Lsfr2                  sfr2         0000
__Lsfr3                  sfr3         0000
__Lstack                 stack        0000
__Lstrings               strings      0000
__Ltext                  text         0000
__S0                     (abs)        2008
__S1                     (abs)        007E
__S2                     (abs)        0000
__S3                     (abs)        0000
___int_sp                stack        0000
___latbits               (abs)        0000
___sp                    stack        0000
__end_of__initialization cinit        07FE
__end_of__stringdata     strings      002B
__end_of__stringtab      strings      0007
__end_of_lcd_init        text3        069B
__end_of_lcd_send_cmd    text4        07FE
__end_of_lcd_send_dat    text2        076D
__end_of_main            maintext     06E5
__end_of_pulseEnable     text5        066A
__end_of_writeString     text1        0657
__initialization         cinit        07FE
__pcstackBANK0           cstackBANK0  0020
__pcstackCOMMON          cstackCOMMON 0070
__pmaintext              maintext     069B
__pstrings               strings      0001
__ptext1                 text1        0647
__ptext2                 text2        06E5
__ptext3                 text3        066A
__ptext4                 text4        076D
__ptext5                 text5        0657
__size_of_lcd_init       (abs)        0000
__size_of_lcd_send_cmd   (abs)        0000
__size_of_lcd_send_dat   (abs)        0000
__size_of_main           (abs)        0000
__size_of_pulseEnable    (abs)        0000
__size_of_writeString    (abs)        0000
__stringbase             strings      0006
__stringdata             strings      0007
__stringtab              strings      0001
_lcd_init                text3        066A
_lcd_send_cmd            text4        076D
_lcd_send_dat            text2        06E5
_main                    maintext     069B
_pulseEnable             text5        0657
_writeString             text1        0647
btemp                    (abs)        007E
end_of_initialization    cinit        07FE
intlevel0                functab      0000
intlevel1                functab      0000
intlevel2                functab      0000
intlevel3                functab      0000
intlevel4                functab      0000
intlevel5                functab      0000
lcd_send_cmd@value       cstackCOMMON 0074
lcd_send_cmd@value2      cstackCOMMON 0073
lcd_send_dat@value       cstackCOMMON 0074
lcd_send_dat@value2      cstackCOMMON 0073
ltemp                    (abs)        007E
ltemp0                   (abs)        007E
ltemp1                   (abs)        0082
ltemp2                   (abs)        0086
ltemp3                   (abs)        0080
main@i                   cstackBANK0  0020
reset_vec                reset_vec    0000
stackhi                  (abs)        0000
stacklo                  (abs)        0000
start                    init         0000
start_initialization     cinit        07FE
ttemp                    (abs)        007E
ttemp0                   (abs)        007E
ttemp1                   (abs)        0081
ttemp2                   (abs)        0084
ttemp3                   (abs)        0087
ttemp4                   (abs)        007F
writeString@msg          cstackCOMMON 0076
wtemp                    (abs)        007E
wtemp0                   (abs)        007E
wtemp1                   (abs)        0080
wtemp2                   (abs)        0082
wtemp3                   (abs)        0084
wtemp4                   (abs)        0086
wtemp5                   (abs)        0088
wtemp6                   (abs)        007F


FUNCTION INFORMATION:

 *************** function _main *****************
 Defined at:
		line 111 in file "lcd_first_step_main.c"
 Parameters:    Size  Location     Type
  argc            2    7[COMMON] int 
  argv            2    9[COMMON] PTR PTR unsigned char 
 Auto vars:     Size  Location     Type
  i               1    0[BANK0 ] unsigned char 
 Return value:  Size  Location     Type
                  2    7[COMMON] int 
 Registers used:
		wreg, fsr0l, fsr0h, status,2, status,0, pclath, cstack
 Tracked objects:
		On entry : 
		On exit  : 
		Unchanged: 
 Data sizes:     COMMON   BANK0   BANK1   BANK2
      Params:         4       0       0       0
      Locals:         0       1       0       0
      Temps:          3       0       0       0
      Totals:         7       1       0       0
Total ram usage:        8 bytes
 Hardware stack levels required when called:    3
 This function calls:
		_lcd_init
		_lcd_send_cmd
		_writeString
 This function is called by:
		Startup code after reset
 This function uses a non-reentrant model


 *************** function _writeString *****************
 Defined at:
		line 102 in file "lcd_first_step_main.c"
 Parameters:    Size  Location     Type
  msg             1    wreg     PTR unsigned char 
		 -> STR_2(22), STR_1(14), 
 Auto vars:     Size  Location     Type
  msg             1    6[COMMON] PTR unsigned char 
		 -> STR_2(22), STR_1(14), 
 Return value:  Size  Location     Type
		None               void
 Registers used:
		wreg, fsr0l, fsr0h, status,2, status,0, pclath, cstack
 Tracked objects:
		On entry : 
		On exit  : 
		Unchanged: 
 Data sizes:     COMMON   BANK0   BANK1   BANK2
      Params:         0       0       0       0
      Locals:         1       0       0       0
      Temps:          1       0       0       0
      Totals:         2       0       0       0
Total ram usage:        2 bytes
 Hardware stack levels used:    1
 Hardware stack levels required when called:    2
 This function calls:
		_lcd_send_dat
 This function is called by:
		_main
 This function uses a non-reentrant model


 *************** function _lcd_send_dat *****************
 Defined at:
		line 63 in file "lcd_first_step_main.c"
 Parameters:    Size  Location     Type
  value           1    wreg     unsigned char 
 Auto vars:     Size  Location     Type
  value           1    4[COMMON] unsigned char 
  value2          1    3[COMMON] unsigned char 
 Return value:  Size  Location     Type
		None               void
 Registers used:
		wreg, status,2, status,0, pclath, cstack
 Tracked objects:
		On entry : 
		On exit  : 
		Unchanged: 
 Data sizes:     COMMON   BANK0   BANK1   BANK2
      Params:         0       0       0       0
      Locals:         2       0       0       0
      Temps:          2       0       0       0
      Totals:         4       0       0       0
Total ram usage:        4 bytes
 Hardware stack levels used:    1
 Hardware stack levels required when called:    1
 This function calls:
		_pulseEnable
 This function is called by:
		_writeString
 This function uses a non-reentrant model


 *************** function _lcd_init *****************
 Defined at:
		line 31 in file "lcd_first_step_main.c"
 Parameters:    Size  Location     Type
		None
 Auto vars:     Size  Location     Type
		None
 Return value:  Size  Location     Type
		None               void
 Registers used:
		wreg, status,2, status,0, pclath, cstack
 Tracked objects:
		On entry : 
		On exit  : 
		Unchanged: 
 Data sizes:     COMMON   BANK0   BANK1   BANK2
      Params:         0       0       0       0
      Locals:         0       0       0       0
      Temps:          2       0       0       0
      Totals:         2       0       0       0
Total ram usage:        2 bytes
 Hardware stack levels used:    1
 Hardware stack levels required when called:    2
 This function calls:
		_lcd_send_cmd
 This function is called by:
		_main
 This function uses a non-reentrant model


 *************** function _lcd_send_cmd *****************
 Defined at:
		line 81 in file "lcd_first_step_main.c"
 Parameters:    Size  Location     Type
  value           1    wreg     unsigned char 
 Auto vars:     Size  Location     Type
  value           1    4[COMMON] unsigned char 
  value2          1    3[COMMON] unsigned char 
 Return value:  Size  Location     Type
		None               void
 Registers used:
		wreg, status,2, status,0, pclath, cstack
 Tracked objects:
		On entry : 
		On exit  : 
		Unchanged: 
 Data sizes:     COMMON   BANK0   BANK1   BANK2
      Params:         0       0       0       0
      Locals:         2       0       0       0
      Temps:          2       0       0       0
      Totals:         4       0       0       0
Total ram usage:        4 bytes
 Hardware stack levels used:    1
 Hardware stack levels required when called:    1
 This function calls:
		_pulseEnable
 This function is called by:
		_lcd_init
		_main
 This function uses a non-reentrant model


 *************** function _pulseEnable *****************
 Defined at:
		line 53 in file "lcd_first_step_main.c"
 Parameters:    Size  Location     Type
		None
 Auto vars:     Size  Location     Type
		None
 Return value:  Size  Location     Type
		None               void
 Registers used:
		wreg
 Tracked objects:
		On entry : 
		On exit  : 
		Unchanged: 
 Data sizes:     COMMON   BANK0   BANK1   BANK2
      Params:         0       0       0       0
      Locals:         0       0       0       0
      Temps:          1       0       0       0
      Totals:         1       0       0       0
Total ram usage:        1 bytes
 Hardware stack levels used:    1
 This function calls:
		Nothing
 This function is called by:
		_lcd_send_dat
		_lcd_send_cmd
 This function uses a non-reentrant model



MODULE INFORMATION

Module		Function		Class		Link	Load	Size
shared
		__stringtab    		STRING         	0001	0000	6
		__stringdata   		STRING         	0007	0000	36
		__initializatio		CODE           	07FE	0000	0

shared estimated size: 42

lcd_first_step_main.c
		_writeString   		CODE           	0647	0000	16
		_lcd_send_cmd  		CODE           	076D	0000	145
		_lcd_send_dat  		CODE           	06E5	0000	136
		_pulseEnable   		CODE           	0657	0000	19
		_main          		CODE           	069B	0000	74
		_lcd_init      		CODE           	066A	0000	49

lcd_first_step_main.c estimated size: 439

