Microchip MPLAB XC8 Compiler V1.30 ()

Linker command line:

--edf=/opt/microchip/xc8/v1.30/dat/en_msgs.txt -cs \
  -h+dist/default/production/sensor_temperatura_adc_1.X.production.sym \
  --cmf=dist/default/production/sensor_temperatura_adc_1.X.production.cmf \
  -z -Q18F2550 -o/tmp/cgt6KF3De \
  -Mdist/default/production/sensor_temperatura_adc_1.X.production.map -E1 \
  -ver=XC8 -ASTACK=095h-07ffh -pstack=STACK -ACODE=00h-07FFFh \
  -ACONST=00h-07FFFh -ASMALLCONST=0800h-08FFhx120 \
  -AMEDIUMCONST=0800h-07FFFh -ACOMRAM=01h-05Fh -AABS1=00h-07FFh \
  -ABIGRAM=01h-07FFh -ARAM=060h-0FFh,0100h-01FFhx7 -ABANK0=060h-0FFh \
  -ABANK1=0100h-01FFh -ABANK2=0200h-02FFh -ABANK3=0300h-03FFh \
  -ABANK4=0400h-04FFh -ABANK5=0500h-05FFh -ABANK6=0600h-06FFh \
  -ABANK7=0700h-07FFh -ASFR=0F60h-0FFFh \
  -preset_vec=00h,intcode,intcodelo,powerup,init,end_init -pramtop=0800h \
  -psmallconst=SMALLCONST -pmediumconst=MEDIUMCONST -pconst=CONST \
  -AFARRAM=00h-00h -ACONFIG=0300000h-030000Dh -pconfig=CONFIG \
  -AIDLOC=0200000h-0200007h -pidloc=IDLOC -AEEDATA=0F00000h-0F000FFh \
  -peeprom_data=EEDATA \
  -prdata=COMRAM,nvrram=COMRAM,nvbit=COMRAM,rbss=COMRAM,rbit=COMRAM \
  -pfarbss=FARRAM,fardata=FARRAM,nvFARRAM=FARRAM \
  -pintsave_regs=BIGRAM,bigbss=BIGRAM,bigdata=BIGRAM -pbss=RAM \
  -pidata=CODE,irdata=CODE,ibigdata=CODE,ifardata=CODE /tmp/cgtRa7NqK.obj \
  dist/default/production/sensor_temperatura_adc_1.X.production.obj 

Object code version is 3.11

Machine type is 18F2550

Call graph: (short form)




                Name                               Link     Load   Length Selector   Space Scale
/tmp/cgtRa7NqK.obj
                end_init                              0        0        4        0       0
                idloc                            200000   200000        8   200000       0
                config                           300000   300000        E   300000       0
dist/default/production/sensor_temperatura_adc_1.X.production.obj
                smallconst                          800      800       88      400       0
                text41                             2A2E     2A2E        C      444       0
                text40                             2A56     2A56        4      444       0
                text39                             2A1C     2A1C       12      444       0
                text38                             2934     2934       2C      444       0
                text37                             2614     2614       60      444       0
                text36                             29B0     29B0       26      444       0
                text35                             2898     2898       3A      444       0
                text34                             29F2     29F2       18      444       0
                text33                             2A0A     2A0A       12      444       0
                text32                             2A4E     2A4E        8      444       0
                text31                             26D0     26D0       5A      444       0
                text30                             276A     276A       40      444       0
                text29                             22EE     22EE       A6      444       0
                text28                             2A44     2A44        A      444       0
                text27                             1FE8     1FE8       DA      444       0
                text26                             2246     2246       A8      444       0
                text25                             2908     2908       2C      444       0
                text24                             272A     272A       40      444       0
                text23                             2674     2674       5C      444       0
                text22                             29D6     29D6       1C      444       0
                text21                             196C     196C      1B8      444       0
                text20                             2822     2822       3C      444       0
                text19                             1EFC     1EFC       EC      444       0
                text18                             27E6     27E6       3C      444       0
                text17                             28D2     28D2       36      444       0
                text16                             27AA     27AA       3C      444       0
                text15                             2430     2430       90      444       0
                text14                             298A     298A       26      444       0
                text13                             20C2     20C2       D4      444       0
                text12                             24C0     24C0       86      444       0
                text11                             2546     2546       6A      444       0
                text10                             25B0     25B0       64      444       0
                text9                              1CBE     1CBE      13A      444       0
                text8                              1DF8     1DF8      104      444       0
                text7                              2196     2196       B0      444       0
                text6                              2394     2394       9C      444       0
                text5                              285E     285E       3A      444       0
                text4                              1730     1730      23C      444       0
                text3                              2960     2960       2A      444       0
                text2                              1360     1360      3D0      444       0
                text1                               888      888      AD8      444       0
                text0                              1B24     1B24      19A      444       0
                cstackCOMRAM                          1        1       52        1       1
                cstackBANK0                          60       60       35       60       1
                cinit                              2A3A     2A3A        A      444       0

TOTAL           Name                               Link     Load   Length     Space
        CLASS   STACK          

        CLASS   CODE           
                end_init                              0        0        4         0
                text41                             2A2E     2A2E        C         0
                text40                             2A56     2A56        4         0
                text39                             2A1C     2A1C       12         0
                text38                             2934     2934       2C         0
                text37                             2614     2614       60         0
                text36                             29B0     29B0       26         0
                text35                             2898     2898       3A         0
                text34                             29F2     29F2       18         0
                text33                             2A0A     2A0A       12         0
                text32                             2A4E     2A4E        8         0
                text31                             26D0     26D0       5A         0
                text30                             276A     276A       40         0
                text29                             22EE     22EE       A6         0
                text28                             2A44     2A44        A         0
                text27                             1FE8     1FE8       DA         0
                text26                             2246     2246       A8         0
                text25                             2908     2908       2C         0
                text24                             272A     272A       40         0
                text23                             2674     2674       5C         0
                text22                             29D6     29D6       1C         0
                text21                             196C     196C      1B8         0
                text20                             2822     2822       3C         0
                text19                             1EFC     1EFC       EC         0
                text18                             27E6     27E6       3C         0
                text17                             28D2     28D2       36         0
                text16                             27AA     27AA       3C         0
                text15                             2430     2430       90         0
                text14                             298A     298A       26         0
                text13                             20C2     20C2       D4         0
                text12                             24C0     24C0       86         0
                text11                             2546     2546       6A         0
                text10                             25B0     25B0       64         0
                text9                              1CBE     1CBE      13A         0
                text8                              1DF8     1DF8      104         0
                text7                              2196     2196       B0         0
                text6                              2394     2394       9C         0
                text5                              285E     285E       3A         0
                text4                              1730     1730      23C         0
                text3                              2960     2960       2A         0
                text2                              1360     1360      3D0         0
                text1                               888      888      AD8         0
                text0                              1B24     1B24      19A         0
                cinit                              2A3A     2A3A        A         0

        CLASS   CONST          

        CLASS   SMALLCONST     
                smallconst                          800      800       88         0

        CLASS   MEDIUMCONST    

        CLASS   COMRAM         
                cstackCOMRAM                          1        1       52         1

        CLASS   ABS1           

        CLASS   BIGRAM         

        CLASS   RAM            

        CLASS   BANK0          
                cstackBANK0                          60       60       35         1

        CLASS   BANK1          

        CLASS   BANK2          

        CLASS   BANK3          

        CLASS   BANK4          

        CLASS   BANK5          

        CLASS   BANK6          

        CLASS   BANK7          

        CLASS   SFR            

        CLASS   FARRAM         

        CLASS   CONFIG         
                config                           300000   300000        E         0

        CLASS   IDLOC          
                idloc                            200000   200000        8         0

        CLASS   EEDATA         



SEGMENTS        Name                           Load    Length   Top    Selector   Space  Class

                reset_vec                      000000  000004  000004         0       0  CODE    
                cstackCOMRAM                   000001  000052  000053         1       1  COMRAM  
                cstackBANK0                    000060  000035  000095        60       1  BANK0   
                smallconst                     000800  000088  000888       400       0  SMALLCON
                text1                          000888  0021D2  002A5A       444       0  CODE    
                idloc                          200000  000008  200008    200000       0  IDLOC   
                config                         300000  00000E  30000E    300000       0  CONFIG  


UNUSED ADDRESS RANGES

        Name                Unused          Largest block    Delta
        BANK0            000095-0000FF               6B
        BANK1            000100-0001FF              100
        BANK2            000200-0002FF              100
        BANK3            000300-0003FF              100
        BANK4            000400-0004FF              100
        BANK5            000500-0005FF              100
        BANK6            000600-0006FF              100
        BANK7            000700-0007FF              100
        BIGRAM           000053-00005F                D
                         000095-0007FF              76B
        CODE             000004-0007FF              7FC
                         002A5A-007FFF             55A6
        COMRAM           000053-00005F                D
        CONST            000004-0007FF              7FC
                         002A5A-007FFF             55A6
        EEDATA           F00000-F000FF              100
        MEDIUMCONST      002A5A-007FFF             55A6
        RAM              000095-0007FF              100
        SFR              000F60-000FFF               A0
        SMALLCONST       002A5A-007FFF              100
        STACK            000095-0007FF              76B

                                  Symbol Table

?_ReadADC                cstackCOMRAM 000001
?___awdiv                cstackCOMRAM 000008
?___awmod                cstackCOMRAM 000001
?___ftadd                cstackCOMRAM 000009
?___ftdiv                cstackCOMRAM 000035
?___ftmul                cstackCOMRAM 000026
?___ftneg                cstackCOMRAM 000001
?___ftpack               cstackCOMRAM 000001
?___ftsub                cstackCOMRAM 000015
?___fttol                cstackCOMRAM 000017
?___lldiv                cstackCOMRAM 000001
?___llmod                cstackCOMRAM 000001
?___lltoft               cstackCOMRAM 000009
?___lwtoft               cstackCOMRAM 000009
?___wmul                 cstackCOMRAM 000011
?__div_to_l_             cstackCOMRAM 000001
?__tdiv_to_l_            cstackCOMRAM 000001
?_fround                 cstackCOMRAM 000035
?_scale                  cstackCOMRAM 000035
?_sprintf                cstackCOMRAM 000044
Delay10KTCYx@unit        cstackCOMRAM 000002
Delay10TCYx@unit         cstackCOMRAM 000001
Delay1KTCYx@unit         cstackCOMRAM 000001
Delay_ms@i               cstackCOMRAM 000004
Delay_ms@ms              cstackCOMRAM 000001
OpenADC@config           cstackCOMRAM 000005
OpenADC@config2          cstackCOMRAM 000001
OpenADC@portconfig       cstackCOMRAM 000002
OpenXLCD@lcdtype         cstackCOMRAM 000005
SetDDRamAddr@DDaddr      cstackCOMRAM 000004
WriteCmdXLCD@cmd         cstackCOMRAM 000001
WriteDataXLCD@data       cstackCOMRAM 000001
_ADCON0                  (abs)        000FC2
_ADCON0bits              (abs)        000FC2
_ADCON1                  (abs)        000FC1
_ADCON2                  (abs)        000FC0
_ADRESH                  (abs)        000FC4
_ADRESL                  (abs)        000FC3
_BusyADC                 text41       002A2E
_BusyXLCD                text35       002898
_CMCONbits               (abs)        000FB4
_ConvertADC              text40       002A56
_Delay10KTCYx            text34       0029F2
_Delay10TCYx             text39       002A1C
_Delay1KTCYx             text33       002A0A
_DelayFor18TCY           text36       0029B0
_DelayPORXLCD            text32       002A4E
_Delay_ms                text38       002934
_INTCONbits              (abs)        000FF2
_LATBbits                (abs)        000F8A
_OpenADC                 text37       002614
_OpenXLCD                text29       0022EE
_PIE1bits                (abs)        000F9D
_PIR1bits                (abs)        000F9E
_PORTB                   (abs)        000F81
_ReadADC                 text28       002A44
_SetDDRamAddr            text31       0026D0
_TRISAbits               (abs)        000F92
_TRISB                   (abs)        000F93
_TRISBbits               (abs)        000F93
_WriteCmdXLCD            text30       00276A
_WriteDataXLCD           text24       00272A
__CFG_BOR$OFF            (abs)        000000
__CFG_CPUDIV$OSC1_PLL2   (abs)        000000
__CFG_FCMEN$OFF          (abs)        000000
__CFG_FOSC$HS            (abs)        000000
__CFG_IESO$OFF           (abs)        000000
__CFG_LPT1OSC$OFF        (abs)        000000
__CFG_LVP$OFF            (abs)        000000
__CFG_MCLRE$ON           (abs)        000000
__CFG_PBADEN$OFF         (abs)        000000
__CFG_PLLDIV$1           (abs)        000000
__CFG_PWRT$OFF           (abs)        000000
__CFG_STVREN$ON          (abs)        000000
__CFG_USBDIV$1           (abs)        000000
__CFG_VREGEN$OFF         (abs)        000000
__CFG_WDT$OFF            (abs)        000000
__CFG_WDTPS$32768        (abs)        000000
__CFG_XINST$OFF          (abs)        000000
__HRAM                   (abs)        000000
__Habs1                  abs1         000000
__Hbank0                 bank0        000000
__Hbank1                 bank1        000000
__Hbank2                 bank2        000000
__Hbank3                 bank3        000000
__Hbank4                 bank4        000000
__Hbank5                 bank5        000000
__Hbank6                 bank6        000000
__Hbank7                 bank7        000000
__Hbigbss                bigbss       000000
__Hbigdata               bigdata      000000
__Hbigram                bigram       000000
__Hbss                   bss          000000
__Hcinit                 cinit        000000
__Hclrtext               clrtext      000000
__Hcomram                comram       000000
__Hconfig                config       30000E
__Hconst                 const        000000
__HcstackBANK0           cstackBANK0  000000
__HcstackCOMRAM          cstackCOMRAM 000000
__Hdata                  data         000000
__Heeprom_data           eeprom_data  000000
__Hend_init              end_init     000004
__Hfarbss                farbss       000000
__Hfardata               fardata      000000
__Hibigdata              ibigdata     000000
__Hidata                 idata        000000
__Hidloc                 idloc        200008
__Hifardata              ifardata     000000
__Hinit                  init         000000
__Hintcode               intcode      000000
__Hintcode_body          intcode_body 000000
__Hintcodelo             intcodelo    000000
__Hintentry              intentry     000000
__Hintret                intret       000000
__Hintsave_regs          intsave_regs 000000
__Hirdata                irdata       000000
__Hmediumconst           mediumconst  000000
__HnvFARRAM              nvFARRAM     000000
__Hnvbit                 nvbit        000000
__Hnvrram                nvrram       000000
__Hparam                 rparam       000000
__Hpowerup               powerup      000000
__Hram                   ram          000000
__Hramtop                ramtop       000800
__Hrbit                  rbit         000000
__Hrbss                  rbss         000000
__Hrdata                 rdata        000000
__Hreset_vec             reset_vec    000000
__Hrparam                rparam       000000
__Hsfr                   sfr          000000
__Hsmallconst            smallconst   000888
__Hstack                 stack        000000
__Hstruct                struct       000000
__Htemp                  temp         000000
__Htext                  text         000000
__Htext0                 text0        000000
__Htext1                 text1        000000
__Htext10                text10       000000
__Htext11                text11       000000
__Htext12                text12       000000
__Htext13                text13       000000
__Htext14                text14       000000
__Htext15                text15       000000
__Htext16                text16       000000
__Htext17                text17       000000
__Htext18                text18       000000
__Htext19                text19       000000
__Htext2                 text2        000000
__Htext20                text20       000000
__Htext21                text21       000000
__Htext22                text22       000000
__Htext23                text23       000000
__Htext24                text24       000000
__Htext25                text25       000000
__Htext26                text26       000000
__Htext27                text27       000000
__Htext28                text28       000000
__Htext29                text29       000000
__Htext3                 text3        000000
__Htext30                text30       000000
__Htext31                text31       000000
__Htext32                text32       000000
__Htext33                text33       000000
__Htext34                text34       000000
__Htext35                text35       000000
__Htext36                text36       000000
__Htext37                text37       000000
__Htext38                text38       000000
__Htext39                text39       000000
__Htext4                 text4        000000
__Htext40                text40       000000
__Htext41                text41       000000
__Htext5                 text5        000000
__Htext6                 text6        000000
__Htext7                 text7        000000
__Htext8                 text8        000000
__Htext9                 text9        000000
__LRAM                   (abs)        000001
__Labs1                  abs1         000000
__Lbank0                 bank0        000000
__Lbank1                 bank1        000000
__Lbank2                 bank2        000000
__Lbank3                 bank3        000000
__Lbank4                 bank4        000000
__Lbank5                 bank5        000000
__Lbank6                 bank6        000000
__Lbank7                 bank7        000000
__Lbigbss                bigbss       000000
__Lbigdata               bigdata      000000
__Lbigram                bigram       000000
__Lbss                   bss          000000
__Lcinit                 cinit        000000
__Lclrtext               clrtext      000000
__Lcomram                comram       000000
__Lconfig                config       300000
__Lconst                 const        000000
__LcstackBANK0           cstackBANK0  000000
__LcstackCOMRAM          cstackCOMRAM 000000
__Ldata                  data         000000
__Leeprom_data           eeprom_data  000000
__Lend_init              end_init     000000
__Lfarbss                farbss       000000
__Lfardata               fardata      000000
__Libigdata              ibigdata     000000
__Lidata                 idata        000000
__Lidloc                 idloc        200000
__Lifardata              ifardata     000000
__Linit                  init         000000
__Lintcode               intcode      000000
__Lintcode_body          intcode_body 000000
__Lintcodelo             intcodelo    000000
__Lintentry              intentry     000000
__Lintret                intret       000000
__Lintsave_regs          intsave_regs 000000
__Lirdata                irdata       000000
__Lmediumconst           mediumconst  000000
__LnvFARRAM              nvFARRAM     000000
__Lnvbit                 nvbit        000000
__Lnvrram                nvrram       000000
__Lparam                 rparam       000000
__Lpowerup               powerup      000000
__Lram                   ram          000000
__Lramtop                ramtop       000800
__Lrbit                  rbit         000000
__Lrbss                  rbss         000000
__Lrdata                 rdata        000000
__Lreset_vec             reset_vec    000000
__Lrparam                rparam       000000
__Lsfr                   sfr          000000
__Lsmallconst            smallconst   000800
__Lstack                 stack        000000
__Lstruct                struct       000000
__Ltemp                  temp         000000
__Ltext                  text         000000
__Ltext0                 text0        000000
__Ltext1                 text1        000000
__Ltext10                text10       000000
__Ltext11                text11       000000
__Ltext12                text12       000000
__Ltext13                text13       000000
__Ltext14                text14       000000
__Ltext15                text15       000000
__Ltext16                text16       000000
__Ltext17                text17       000000
__Ltext18                text18       000000
__Ltext19                text19       000000
__Ltext2                 text2        000000
__Ltext20                text20       000000
__Ltext21                text21       000000
__Ltext22                text22       000000
__Ltext23                text23       000000
__Ltext24                text24       000000
__Ltext25                text25       000000
__Ltext26                text26       000000
__Ltext27                text27       000000
__Ltext28                text28       000000
__Ltext29                text29       000000
__Ltext3                 text3        000000
__Ltext30                text30       000000
__Ltext31                text31       000000
__Ltext32                text32       000000
__Ltext33                text33       000000
__Ltext34                text34       000000
__Ltext35                text35       000000
__Ltext36                text36       000000
__Ltext37                text37       000000
__Ltext38                text38       000000
__Ltext39                text39       000000
__Ltext4                 text4        000000
__Ltext40                text40       000000
__Ltext41                text41       000000
__Ltext5                 text5        000000
__Ltext6                 text6        000000
__Ltext7                 text7        000000
__Ltext8                 text8        000000
__Ltext9                 text9        000000
__S0                     (abs)        30000E
__S1                     (abs)        000095
__S2                     (abs)        000000
___asftadd               text20       002822
___asftadd@f1p           cstackCOMRAM 00003F
___asftadd@f2            cstackCOMRAM 000041
___asftmul               text18       0027E6
___asftmul@f1p           cstackCOMRAM 000035
___asftmul@f2            cstackCOMRAM 000037
___asftsub               text16       0027AA
___asftsub@f1p           cstackCOMRAM 00001B
___asftsub@f2            cstackCOMRAM 00001D
___awdiv                 text7        002196
___awdiv@counter         cstackCOMRAM 00000D
___awdiv@dividend        cstackCOMRAM 000008
___awdiv@divisor         cstackCOMRAM 00000A
___awdiv@quotient        cstackCOMRAM 00000F
___awdiv@sign            cstackCOMRAM 00000E
___awmod                 text6        002394
___awmod@counter         cstackCOMRAM 000006
___awmod@dividend        cstackCOMRAM 000001
___awmod@divisor         cstackCOMRAM 000003
___awmod@sign            cstackCOMRAM 000007
___ftadd                 text21       00196C
___ftadd@exp1            cstackCOMRAM 000014
___ftadd@exp2            cstackCOMRAM 000013
___ftadd@f1              cstackCOMRAM 000009
___ftadd@f2              cstackCOMRAM 00000C
___ftadd@sign            cstackCOMRAM 000012
___ftdiv                 text27       001FE8
___ftdiv@cntr            cstackCOMRAM 00003E
___ftdiv@exp             cstackCOMRAM 000042
___ftdiv@f1              cstackCOMRAM 000035
___ftdiv@f2              cstackCOMRAM 000038
___ftdiv@f3              cstackCOMRAM 00003F
___ftdiv@sign            cstackCOMRAM 000043
___ftge                  text15       002430
___ftge@ff1              cstackCOMRAM 000001
___ftge@ff2              cstackCOMRAM 000004
___ftmul                 text19       001EFC
___ftmul@cntr            cstackCOMRAM 000033
___ftmul@exp             cstackCOMRAM 00002F
___ftmul@f1              cstackCOMRAM 000026
___ftmul@f2              cstackCOMRAM 000029
___ftmul@f3_as_product   cstackCOMRAM 000030
___ftmul@sign            cstackCOMRAM 000034
___ftneg                 text14       00298A
___ftneg@f1              cstackCOMRAM 000001
___ftpack                text26       002246
___ftpack@arg            cstackCOMRAM 000001
___ftpack@exp            cstackCOMRAM 000004
___ftpack@sign           cstackCOMRAM 000005
___ftsub                 text17       0028D2
___ftsub@f1              cstackCOMRAM 000015
___ftsub@f2              cstackCOMRAM 000018
___fttol                 text13       0020C2
___fttol@exp1            cstackCOMRAM 000025
___fttol@f1              cstackCOMRAM 000017
___fttol@lval            cstackCOMRAM 000021
___fttol@sign1           cstackCOMRAM 000020
___inthi_sp              stack        000000
___intlo_sp              stack        000000
___lldiv                 text12       0024C0
___lldiv@counter         cstackCOMRAM 00000E
___lldiv@dividend        cstackCOMRAM 000001
___lldiv@divisor         cstackCOMRAM 000005
___lldiv@quotient        cstackCOMRAM 00000A
___llmod                 text11       002546
___llmod@counter         cstackCOMRAM 00000A
___llmod@dividend        cstackCOMRAM 000001
___llmod@divisor         cstackCOMRAM 000005
___lltoft                text10       0025B0
___lltoft@c              cstackCOMRAM 000009
___lltoft@exp            cstackCOMRAM 000011
___lwtoft                text25       002908
___lwtoft@c              cstackCOMRAM 000009
___sp                    stack        000000
___wmul                  text5        00285E
___wmul@multiplicand     cstackCOMRAM 000013
___wmul@multiplier       cstackCOMRAM 000011
___wmul@product          cstackCOMRAM 000015
__accesstop              (abs)        000060
__activetblptr           (abs)        000002
__div_to_l_              text9        001CBE
__div_to_l_@cntr         cstackCOMRAM 00000F
__div_to_l_@exp1         cstackCOMRAM 000010
__div_to_l_@f1           cstackCOMRAM 000001
__div_to_l_@f2           cstackCOMRAM 000004
__div_to_l_@quot         cstackCOMRAM 00000B
__end_of_BusyADC         text41       002A3A
__end_of_BusyXLCD        text35       0028D2
__end_of_ConvertADC      text40       002A5A
__end_of_Delay10KTCYx    text34       002A0A
__end_of_Delay10TCYx     text39       002A2E
__end_of_Delay1KTCYx     text33       002A1C
__end_of_DelayFor18TCY   text36       0029D6
__end_of_DelayPORXLCD    text32       002A56
__end_of_Delay_ms        text38       002960
__end_of_OpenADC         text37       002674
__end_of_OpenXLCD        text29       002394
__end_of_ReadADC         text28       002A4E
__end_of_SetDDRamAddr    text31       00272A
__end_of_WriteCmdXLCD    text30       0027AA
__end_of_WriteDataXLCD   text24       00276A
__end_of___asftadd       text20       00285E
__end_of___asftmul       text18       002822
__end_of___asftsub       text16       0027E6
__end_of___awdiv         text7        002246
__end_of___awmod         text6        002430
__end_of___ftadd         text21       001B24
__end_of___ftdiv         text27       0020C2
__end_of___ftge          text15       0024C0
__end_of___ftmul         text19       001FE8
__end_of___ftneg         text14       0029B0
__end_of___ftpack        text26       0022EE
__end_of___ftsub         text17       002908
__end_of___fttol         text13       002196
__end_of___lldiv         text12       002546
__end_of___llmod         text11       0025B0
__end_of___lltoft        text10       002614
__end_of___lwtoft        text25       002934
__end_of___wmul          text5        002898
__end_of__div_to_l_      text9        001DF8
__end_of__initialization cinit        002A3A
__end_of__npowers_       smallconst   000850
__end_of__powers_        smallconst   000877
__end_of__stringdata     smallconst   000886
__end_of__tdiv_to_l_     text8        001EFC
__end_of_dpowers         smallconst   000829
__end_of_fround          text4        00196C
__end_of_isdigit         text3        00298A
__end_of_main            text0        001CBE
__end_of_putrsXLCD       text23       0026D0
__end_of_scale           text2        001730
__end_of_setupMCU        text22       0029F2
__end_of_sprintf         text1        001360
__initialization         cinit        002A3A
__mediumconst            mediumconst  000000
__npowers_               smallconst   000829
__pcinit                 cinit        002A3A
__pcstackBANK0           cstackBANK0  000060
__pcstackCOMRAM          cstackCOMRAM 000001
__powers_                smallconst   000850
__psmallconst            smallconst   000800
__ptext0                 text0        001B24
__ptext1                 text1        000888
__ptext10                text10       0025B0
__ptext11                text11       002546
__ptext12                text12       0024C0
__ptext13                text13       0020C2
__ptext14                text14       00298A
__ptext15                text15       002430
__ptext16                text16       0027AA
__ptext17                text17       0028D2
__ptext18                text18       0027E6
__ptext19                text19       001EFC
__ptext2                 text2        001360
__ptext20                text20       002822
__ptext21                text21       00196C
__ptext22                text22       0029D6
__ptext23                text23       002674
__ptext24                text24       00272A
__ptext25                text25       002908
__ptext26                text26       002246
__ptext27                text27       001FE8
__ptext28                text28       002A44
__ptext29                text29       0022EE
__ptext3                 text3        002960
__ptext30                text30       00276A
__ptext31                text31       0026D0
__ptext32                text32       002A4E
__ptext33                text33       002A0A
__ptext34                text34       0029F2
__ptext35                text35       002898
__ptext36                text36       0029B0
__ptext37                text37       002614
__ptext38                text38       002934
__ptext39                text39       002A1C
__ptext4                 text4        001730
__ptext40                text40       002A56
__ptext41                text41       002A2E
__ptext5                 text5        00285E
__ptext6                 text6        002394
__ptext7                 text7        002196
__ptext8                 text8        001DF8
__ptext9                 text9        001CBE
__ramtop                 ramtop       000800
__size_of_BusyADC        (abs)        000000
__size_of_BusyXLCD       (abs)        000000
__size_of_ConvertADC     (abs)        000000
__size_of_Delay10KTCYx   (abs)        000000
__size_of_Delay10TCYx    (abs)        000000
__size_of_Delay1KTCYx    (abs)        000000
__size_of_DelayFor18TCY  (abs)        000000
__size_of_DelayPORXLCD   (abs)        000000
__size_of_Delay_ms       (abs)        000000
__size_of_OpenADC        (abs)        000000
__size_of_OpenXLCD       (abs)        000000
__size_of_ReadADC        (abs)        000000
__size_of_SetDDRamAddr   (abs)        000000
__size_of_WriteCmdXLCD   (abs)        000000
__size_of_WriteDataXLCD  (abs)        000000
__size_of___asftadd      (abs)        000000
__size_of___asftmul      (abs)        000000
__size_of___asftsub      (abs)        000000
__size_of___awdiv        (abs)        000000
__size_of___awmod        (abs)        000000
__size_of___ftadd        (abs)        000000
__size_of___ftdiv        (abs)        000000
__size_of___ftge         (abs)        000000
__size_of___ftmul        (abs)        000000
__size_of___ftneg        (abs)        000000
__size_of___ftpack       (abs)        000000
__size_of___ftsub        (abs)        000000
__size_of___fttol        (abs)        000000
__size_of___lldiv        (abs)        000000
__size_of___llmod        (abs)        000000
__size_of___lltoft       (abs)        000000
__size_of___lwtoft       (abs)        000000
__size_of___wmul         (abs)        000000
__size_of__div_to_l_     (abs)        000000
__size_of__tdiv_to_l_    (abs)        000000
__size_of_fround         (abs)        000000
__size_of_isdigit        (abs)        000000
__size_of_main           (abs)        000000
__size_of_putrsXLCD      (abs)        000000
__size_of_scale          (abs)        000000
__size_of_setupMCU       (abs)        000000
__size_of_sprintf        (abs)        000000
__smallconst             smallconst   000800
__stringdata             smallconst   000877
__tdiv_to_l_             text8        001DF8
__tdiv_to_l_@cntr        cstackCOMRAM 00000E
__tdiv_to_l_@exp1        cstackCOMRAM 00000F
__tdiv_to_l_@f1          cstackCOMRAM 000001
__tdiv_to_l_@f2          cstackCOMRAM 000004
__tdiv_to_l_@quot        cstackCOMRAM 00000A
_dpowers                 smallconst   000801
_fround                  text4        001730
_fround$1605             cstackCOMRAM 00003B
_fround$1606             cstackCOMRAM 000038
_isdigit                 text3        002960
_isdigit$1286            cstackCOMRAM 000002
_main                    text0        001B24
_main$1604               cstackBANK0  00008D
_putrsXLCD               text23       002674
_scale                   text2        001360
_scale$1607              cstackCOMRAM 000038
_setupMCU                text22       0029D6
_sprintf                 text1        000888
_sprintf$1608            cstackBANK0  000060
_sprintf$339             cstackBANK0  000063
end_of_initialization    cinit        002A3A
fround@prec              cstackCOMRAM 00003E
intlevel0                text         000000
intlevel1                text         000000
intlevel2                text         000000
intlevel3                text         000000
isdigit@c                cstackCOMRAM 000003
main@buffer              cstackBANK0  000087
main@max                 cstackBANK0  000085
main@result              cstackBANK0  000093
main@temp                cstackBANK0  000090
putrsXLCD@buffer         cstackCOMRAM 000002
scale@scl                cstackCOMRAM 00003B
sprintf@_val             cstackBANK0  000071
sprintf@ap               cstackBANK0  000067
sprintf@c                cstackBANK0  000084
sprintf@exp              cstackBANK0  00007D
sprintf@f                cstackCOMRAM 000046
sprintf@flag             cstackBANK0  000079
sprintf@fval             cstackBANK0  00007F
sprintf@integ            cstackBANK0  000076
sprintf@prec             cstackBANK0  000082
sprintf@sp               cstackCOMRAM 000044
sprintf@vd               cstackBANK0  000069
sprintf@vd_341           cstackBANK0  00006D
sprintf@width            cstackBANK0  00007B
stackhi                  (abs)        0007FF
stacklo                  (abs)        000095
start                    init         000000
start_initialization     cinit        002A3A


FUNCTION INFORMATION:

 *************** function _main *****************
 Defined at:
		line 64 in file "sensor_temp01_main.c"
 Parameters:    Size  Location     Type
		None
 Auto vars:     Size  Location     Type
  buffer          6   39[BANK0 ] unsigned char [6]
  temp            3   48[BANK0 ] float 
  result          2   51[BANK0 ] unsigned int 
  max             2   37[BANK0 ] unsigned int 
 Return value:  Size  Location     Type
		None               void
 Registers used:
		wreg, fsr0l, fsr0h, fsr2l, fsr2h, status,2, status,0, tblptrl, tblptrh, tblptru, prodl, prodh, cstack
 Tracked objects:
		On entry : 
		On exit  : 
		Unchanged: 
 Data sizes:     COMRAM   BANK0   BANK1   BANK2   BANK3   BANK4   BANK5   BANK6   BANK7
      Params:         0       0       0       0       0       0       0       0       0
      Locals:         0      16       0       0       0       0       0       0       0
      Temps:          2       0       0       0       0       0       0       0       0
      Totals:         2      16       0       0       0       0       0       0       0
Total ram usage:       18 bytes
 Hardware stack levels required when called:    5
 This function calls:
		_BusyADC
		_BusyXLCD
		_ConvertADC
		_Delay10TCYx
		_Delay_ms
		_OpenADC
		_OpenXLCD
		_ReadADC
		_SetDDRamAddr
		_WriteCmdXLCD
		___ftdiv
		___ftmul
		___lwtoft
		_putrsXLCD
		_setupMCU
		_sprintf
 This function is called by:
		Startup code after reset
 This function uses a non-reentrant model


 *************** function _sprintf *****************
 Defined at:
		line 492 in file "/opt/microchip/xc8/v1.30/sources/common/doprnt.c"
 Parameters:    Size  Location     Type
  sp              2   67[COMRAM] PTR unsigned char 
		 -> main@buffer(6), 
  f               2   69[COMRAM] PTR const unsigned char 
		 -> STR_3(6), 
 Auto vars:     Size  Location     Type
  vd              4    9[BANK0 ] unsigned long 
  vd              4   13[BANK0 ] unsigned long 
  _val            5   17[BANK0 ] struct .
  fval            3   31[BANK0 ] struct .
  integ           3   22[BANK0 ] struct .
  ival            3    0        struct .
  prec            2   34[BANK0 ] int 
  exp             2   29[BANK0 ] int 
  width           2   27[BANK0 ] int 
  flag            2   25[BANK0 ] unsigned short 
  ap              2    7[BANK0 ] PTR void [1]
		 -> ?_sprintf(2), 
  c               1   36[BANK0 ] char 
  d               1    0        unsigned char 
 Return value:  Size  Location     Type
                  2   67[COMRAM] int 
 Registers used:
		wreg, fsr2l, fsr2h, status,2, status,0, tblptrl, tblptrh, tblptru, prodl, prodh, cstack
 Tracked objects:
		On entry : 
		On exit  : 
		Unchanged: 
 Data sizes:     COMRAM   BANK0   BANK1   BANK2   BANK3   BANK4   BANK5   BANK6   BANK7
      Params:         7       0       0       0       0       0       0       0       0
      Locals:         0      37       0       0       0       0       0       0       0
      Temps:          6       0       0       0       0       0       0       0       0
      Totals:        13      37       0       0       0       0       0       0       0
Total ram usage:       50 bytes
 Hardware stack levels used:    1
 Hardware stack levels required when called:    4
 This function calls:
		___asftadd
		___asftmul
		___asftsub
		___awdiv
		___ftge
		___ftmul
		___ftneg
		___fttol
		___lldiv
		___llmod
		___lltoft
		___wmul
		__div_to_l_
		__tdiv_to_l_
		_fround
		_isdigit
		_scale
 This function is called by:
		_main
 This function uses a non-reentrant model


 *************** function _scale *****************
 Defined at:
		line 425 in file "/opt/microchip/xc8/v1.30/sources/common/doprnt.c"
 Parameters:    Size  Location     Type
  scl             1    wreg     char 
 Auto vars:     Size  Location     Type
  scl             1   58[COMRAM] char 
 Return value:  Size  Location     Type
                  3   52[COMRAM] char 
 Registers used:
		wreg, status,2, status,0, tblptrl, tblptrh, tblptru, prodl, prodh, cstack
 Tracked objects:
		On entry : 
		On exit  : 
		Unchanged: 
 Data sizes:     COMRAM   BANK0   BANK1   BANK2   BANK3   BANK4   BANK5   BANK6   BANK7
      Params:         3       0       0       0       0       0       0       0       0
      Locals:         4       0       0       0       0       0       0       0       0
      Temps:          0       0       0       0       0       0       0       0       0
      Totals:         7       0       0       0       0       0       0       0       0
Total ram usage:        7 bytes
 Hardware stack levels used:    1
 Hardware stack levels required when called:    2
 This function calls:
		___awdiv
		___awmod
		___ftmul
		___wmul
 This function is called by:
		_sprintf
 This function uses a non-reentrant model


 *************** function _isdigit *****************
 Defined at:
		line 8 in file "/opt/microchip/xc8/v1.30/sources/common/isdigit.c"
 Parameters:    Size  Location     Type
  c               1    wreg     unsigned char 
 Auto vars:     Size  Location     Type
  c               1    2[COMRAM] unsigned char 
 Return value:  Size  Location     Type
		None               void
 Registers used:
		wreg, status,2, status,0
 Tracked objects:
		On entry : 
		On exit  : 
		Unchanged: 
 Data sizes:     COMRAM   BANK0   BANK1   BANK2   BANK3   BANK4   BANK5   BANK6   BANK7
      Params:         0       0       0       0       0       0       0       0       0
      Locals:         2       0       0       0       0       0       0       0       0
      Temps:          1       0       0       0       0       0       0       0       0
      Totals:         3       0       0       0       0       0       0       0       0
Total ram usage:        3 bytes
 Hardware stack levels used:    1
 This function calls:
		Nothing
 This function is called by:
		_sprintf
 This function uses a non-reentrant model


 *************** function _fround *****************
 Defined at:
		line 409 in file "/opt/microchip/xc8/v1.30/sources/common/doprnt.c"
 Parameters:    Size  Location     Type
  prec            1    wreg     unsigned char 
 Auto vars:     Size  Location     Type
  prec            1   61[COMRAM] unsigned char 
 Return value:  Size  Location     Type
                  3   52[COMRAM] unsigned char 
 Registers used:
		wreg, status,2, status,0, tblptrl, tblptrh, tblptru, prodl, prodh, cstack
 Tracked objects:
		On entry : 
		On exit  : 
		Unchanged: 
 Data sizes:     COMRAM   BANK0   BANK1   BANK2   BANK3   BANK4   BANK5   BANK6   BANK7
      Params:         3       0       0       0       0       0       0       0       0
      Locals:         7       0       0       0       0       0       0       0       0
      Temps:          0       0       0       0       0       0       0       0       0
      Totals:        10       0       0       0       0       0       0       0       0
Total ram usage:       10 bytes
 Hardware stack levels used:    1
 Hardware stack levels required when called:    2
 This function calls:
		___awdiv
		___awmod
		___ftmul
		___wmul
 This function is called by:
		_sprintf
 This function uses a non-reentrant model


 *************** function ___wmul *****************
 Defined at:
		line 4 in file "/opt/microchip/xc8/v1.30/sources/common/wmul.c"
 Parameters:    Size  Location     Type
  multiplier      2   16[COMRAM] unsigned int 
  multiplicand    2   18[COMRAM] unsigned int 
 Auto vars:     Size  Location     Type
  product         2   20[COMRAM] unsigned int 
 Return value:  Size  Location     Type
                  2   16[COMRAM] unsigned int 
 Registers used:
		wreg, status,2, status,0, prodl, prodh
 Tracked objects:
		On entry : 
		On exit  : 
		Unchanged: 
 Data sizes:     COMRAM   BANK0   BANK1   BANK2   BANK3   BANK4   BANK5   BANK6   BANK7
      Params:         4       0       0       0       0       0       0       0       0
      Locals:         2       0       0       0       0       0       0       0       0
      Temps:          0       0       0       0       0       0       0       0       0
      Totals:         6       0       0       0       0       0       0       0       0
Total ram usage:        6 bytes
 Hardware stack levels used:    1
 This function calls:
		Nothing
 This function is called by:
		_fround
		_scale
		_sprintf
 This function uses a non-reentrant model


 *************** function ___awmod *****************
 Defined at:
		line 8 in file "/opt/microchip/xc8/v1.30/sources/common/awmod.c"
 Parameters:    Size  Location     Type
  dividend        2    0[COMRAM] int 
  divisor         2    2[COMRAM] int 
 Auto vars:     Size  Location     Type
  sign            1    6[COMRAM] unsigned char 
  counter         1    5[COMRAM] unsigned char 
 Return value:  Size  Location     Type
                  2    0[COMRAM] int 
 Registers used:
		wreg, status,2, status,0, prodl
 Tracked objects:
		On entry : 
		On exit  : 
		Unchanged: 
 Data sizes:     COMRAM   BANK0   BANK1   BANK2   BANK3   BANK4   BANK5   BANK6   BANK7
      Params:         4       0       0       0       0       0       0       0       0
      Locals:         2       0       0       0       0       0       0       0       0
      Temps:          1       0       0       0       0       0       0       0       0
      Totals:         7       0       0       0       0       0       0       0       0
Total ram usage:        7 bytes
 Hardware stack levels used:    1
 This function calls:
		Nothing
 This function is called by:
		_fround
		_scale
 This function uses a non-reentrant model


 *************** function ___awdiv *****************
 Defined at:
		line 8 in file "/opt/microchip/xc8/v1.30/sources/common/awdiv.c"
 Parameters:    Size  Location     Type
  dividend        2    7[COMRAM] int 
  divisor         2    9[COMRAM] int 
 Auto vars:     Size  Location     Type
  quotient        2   14[COMRAM] int 
  sign            1   13[COMRAM] unsigned char 
  counter         1   12[COMRAM] unsigned char 
 Return value:  Size  Location     Type
                  2    7[COMRAM] int 
 Registers used:
		wreg, status,2, status,0, prodl
 Tracked objects:
		On entry : 
		On exit  : 
		Unchanged: 
 Data sizes:     COMRAM   BANK0   BANK1   BANK2   BANK3   BANK4   BANK5   BANK6   BANK7
      Params:         4       0       0       0       0       0       0       0       0
      Locals:         4       0       0       0       0       0       0       0       0
      Temps:          1       0       0       0       0       0       0       0       0
      Totals:         9       0       0       0       0       0       0       0       0
Total ram usage:        9 bytes
 Hardware stack levels used:    1
 This function calls:
		Nothing
 This function is called by:
		_fround
		_scale
		_sprintf
 This function uses a non-reentrant model


 *************** function __tdiv_to_l_ *****************
 Defined at:
		line 60 in file "/opt/microchip/xc8/v1.30/sources/common/ftdivl.c"
 Parameters:    Size  Location     Type
  f1              3    0[COMRAM] float 
  f2              3    3[COMRAM] float 
 Auto vars:     Size  Location     Type
  quot            4    9[COMRAM] unsigned long 
  exp1            1   14[COMRAM] unsigned char 
  cntr            1   13[COMRAM] unsigned char 
 Return value:  Size  Location     Type
                  4    0[COMRAM] unsigned long 
 Registers used:
		wreg, status,2, status,0
 Tracked objects:
		On entry : 
		On exit  : 
		Unchanged: 
 Data sizes:     COMRAM   BANK0   BANK1   BANK2   BANK3   BANK4   BANK5   BANK6   BANK7
      Params:         6       0       0       0       0       0       0       0       0
      Locals:         6       0       0       0       0       0       0       0       0
      Temps:          3       0       0       0       0       0       0       0       0
      Totals:        15       0       0       0       0       0       0       0       0
Total ram usage:       15 bytes
 Hardware stack levels used:    1
 This function calls:
		Nothing
 This function is called by:
		_sprintf
 This function uses a non-reentrant model


 *************** function __div_to_l_ *****************
 Defined at:
		line 60 in file "/opt/microchip/xc8/v1.30/sources/common/fldivl.c"
 Parameters:    Size  Location     Type
  f1              3    0[COMRAM] unsigned long 
  f2              3    3[COMRAM] unsigned long 
 Auto vars:     Size  Location     Type
  quot            4   10[COMRAM] unsigned long 
  exp1            1   15[COMRAM] unsigned char 
  cntr            1   14[COMRAM] unsigned char 
 Return value:  Size  Location     Type
                  4    0[COMRAM] unsigned long 
 Registers used:
		wreg, status,2, status,0
 Tracked objects:
		On entry : 
		On exit  : 
		Unchanged: 
 Data sizes:     COMRAM   BANK0   BANK1   BANK2   BANK3   BANK4   BANK5   BANK6   BANK7
      Params:         6       0       0       0       0       0       0       0       0
      Locals:         6       0       0       0       0       0       0       0       0
      Temps:          4       0       0       0       0       0       0       0       0
      Totals:        16       0       0       0       0       0       0       0       0
Total ram usage:       16 bytes
 Hardware stack levels used:    1
 This function calls:
		Nothing
 This function is called by:
		_sprintf
 This function uses a non-reentrant model


 *************** function ___lltoft *****************
 Defined at:
		line 35 in file "/opt/microchip/xc8/v1.30/sources/common/lltoft.c"
 Parameters:    Size  Location     Type
  c               4    8[COMRAM] unsigned long 
 Auto vars:     Size  Location     Type
  exp             1   16[COMRAM] unsigned char 
 Return value:  Size  Location     Type
                  3    8[COMRAM] float 
 Registers used:
		wreg, status,2, status,0, cstack
 Tracked objects:
		On entry : 
		On exit  : 
		Unchanged: 
 Data sizes:     COMRAM   BANK0   BANK1   BANK2   BANK3   BANK4   BANK5   BANK6   BANK7
      Params:         4       0       0       0       0       0       0       0       0
      Locals:         1       0       0       0       0       0       0       0       0
      Temps:          4       0       0       0       0       0       0       0       0
      Totals:         9       0       0       0       0       0       0       0       0
Total ram usage:        9 bytes
 Hardware stack levels used:    1
 Hardware stack levels required when called:    1
 This function calls:
		___ftpack
 This function is called by:
		_sprintf
 This function uses a non-reentrant model


 *************** function ___llmod *****************
 Defined at:
		line 8 in file "/opt/microchip/xc8/v1.30/sources/common/llmod.c"
 Parameters:    Size  Location     Type
  dividend        4    0[COMRAM] unsigned long 
  divisor         4    4[COMRAM] unsigned long 
 Auto vars:     Size  Location     Type
  counter         1    9[COMRAM] unsigned char 
 Return value:  Size  Location     Type
                  4    0[COMRAM] unsigned long 
 Registers used:
		wreg, status,2, status,0
 Tracked objects:
		On entry : 
		On exit  : 
		Unchanged: 
 Data sizes:     COMRAM   BANK0   BANK1   BANK2   BANK3   BANK4   BANK5   BANK6   BANK7
      Params:         8       0       0       0       0       0       0       0       0
      Locals:         1       0       0       0       0       0       0       0       0
      Temps:          1       0       0       0       0       0       0       0       0
      Totals:        10       0       0       0       0       0       0       0       0
Total ram usage:       10 bytes
 Hardware stack levels used:    1
 This function calls:
		Nothing
 This function is called by:
		_sprintf
 This function uses a non-reentrant model


 *************** function ___lldiv *****************
 Defined at:
		line 8 in file "/opt/microchip/xc8/v1.30/sources/common/lldiv.c"
 Parameters:    Size  Location     Type
  dividend        4    0[COMRAM] unsigned long 
  divisor         4    4[COMRAM] unsigned long 
 Auto vars:     Size  Location     Type
  quotient        4    9[COMRAM] unsigned long 
  counter         1   13[COMRAM] unsigned char 
 Return value:  Size  Location     Type
                  4    0[COMRAM] unsigned long 
 Registers used:
		wreg, status,2, status,0
 Tracked objects:
		On entry : 
		On exit  : 
		Unchanged: 
 Data sizes:     COMRAM   BANK0   BANK1   BANK2   BANK3   BANK4   BANK5   BANK6   BANK7
      Params:         8       0       0       0       0       0       0       0       0
      Locals:         5       0       0       0       0       0       0       0       0
      Temps:          1       0       0       0       0       0       0       0       0
      Totals:        14       0       0       0       0       0       0       0       0
Total ram usage:       14 bytes
 Hardware stack levels used:    1
 This function calls:
		Nothing
 This function is called by:
		_sprintf
 This function uses a non-reentrant model


 *************** function ___fttol *****************
 Defined at:
		line 44 in file "/opt/microchip/xc8/v1.30/sources/common/fttol.c"
 Parameters:    Size  Location     Type
  f1              3   22[COMRAM] float 
 Auto vars:     Size  Location     Type
  lval            4   32[COMRAM] unsigned long 
  exp1            1   36[COMRAM] unsigned char 
  sign1           1   31[COMRAM] unsigned char 
 Return value:  Size  Location     Type
                  4   22[COMRAM] long 
 Registers used:
		wreg, status,2, status,0
 Tracked objects:
		On entry : 
		On exit  : 
		Unchanged: 
 Data sizes:     COMRAM   BANK0   BANK1   BANK2   BANK3   BANK4   BANK5   BANK6   BANK7
      Params:         4       0       0       0       0       0       0       0       0
      Locals:         6       0       0       0       0       0       0       0       0
      Temps:          5       0       0       0       0       0       0       0       0
      Totals:        15       0       0       0       0       0       0       0       0
Total ram usage:       15 bytes
 Hardware stack levels used:    1
 This function calls:
		Nothing
 This function is called by:
		_sprintf
 This function uses a non-reentrant model


 *************** function ___ftneg *****************
 Defined at:
		line 15 in file "/opt/microchip/xc8/v1.30/sources/common/ftneg.c"
 Parameters:    Size  Location     Type
  f1              3    0[COMRAM] float 
 Auto vars:     Size  Location     Type
		None
 Return value:  Size  Location     Type
                  3    0[COMRAM] float 
 Registers used:
		wreg, status,2, status,0
 Tracked objects:
		On entry : 
		On exit  : 
		Unchanged: 
 Data sizes:     COMRAM   BANK0   BANK1   BANK2   BANK3   BANK4   BANK5   BANK6   BANK7
      Params:         3       0       0       0       0       0       0       0       0
      Locals:         0       0       0       0       0       0       0       0       0
      Temps:          0       0       0       0       0       0       0       0       0
      Totals:         3       0       0       0       0       0       0       0       0
Total ram usage:        3 bytes
 Hardware stack levels used:    1
 This function calls:
		Nothing
 This function is called by:
		_sprintf
 This function uses a non-reentrant model


 *************** function ___ftge *****************
 Defined at:
		line 4 in file "/opt/microchip/xc8/v1.30/sources/common/ftge.c"
 Parameters:    Size  Location     Type
  ff1             3    0[COMRAM] float 
  ff2             3    3[COMRAM] float 
 Auto vars:     Size  Location     Type
		None
 Return value:  Size  Location     Type
		None               void
 Registers used:
		wreg, status,2, status,0
 Tracked objects:
		On entry : 
		On exit  : 
		Unchanged: 
 Data sizes:     COMRAM   BANK0   BANK1   BANK2   BANK3   BANK4   BANK5   BANK6   BANK7
      Params:         6       0       0       0       0       0       0       0       0
      Locals:         0       0       0       0       0       0       0       0       0
      Temps:          3       0       0       0       0       0       0       0       0
      Totals:         9       0       0       0       0       0       0       0       0
Total ram usage:        9 bytes
 Hardware stack levels used:    1
 This function calls:
		Nothing
 This function is called by:
		_sprintf
 This function uses a non-reentrant model


 *************** function ___asftsub *****************
 Defined at:
		line 4 in file "/opt/microchip/xc8/v1.30/sources/pic18/asftsub.c"
 Parameters:    Size  Location     Type
  f1p             2   26[COMRAM] PTR float 
		 -> sprintf@fval(3), 
  f2              3   28[COMRAM] float 
 Auto vars:     Size  Location     Type
		None
 Return value:  Size  Location     Type
                  3   26[COMRAM] float 
 Registers used:
		wreg, fsr2l, fsr2h, status,2, status,0, cstack
 Tracked objects:
		On entry : 
		On exit  : 
		Unchanged: 
 Data sizes:     COMRAM   BANK0   BANK1   BANK2   BANK3   BANK4   BANK5   BANK6   BANK7
      Params:         5       0       0       0       0       0       0       0       0
      Locals:         0       0       0       0       0       0       0       0       0
      Temps:          0       0       0       0       0       0       0       0       0
      Totals:         5       0       0       0       0       0       0       0       0
Total ram usage:        5 bytes
 Hardware stack levels used:    1
 Hardware stack levels required when called:    3
 This function calls:
		___ftsub
 This function is called by:
		_sprintf
 This function uses a non-reentrant model


 *************** function ___ftsub *****************
 Defined at:
		line 20 in file "/opt/microchip/xc8/v1.30/sources/common/ftsub.c"
 Parameters:    Size  Location     Type
  f1              3   20[COMRAM] float 
  f2              3   23[COMRAM] float 
 Auto vars:     Size  Location     Type
		None
 Return value:  Size  Location     Type
                  3   20[COMRAM] float 
 Registers used:
		wreg, status,2, status,0, cstack
 Tracked objects:
		On entry : 
		On exit  : 
		Unchanged: 
 Data sizes:     COMRAM   BANK0   BANK1   BANK2   BANK3   BANK4   BANK5   BANK6   BANK7
      Params:         6       0       0       0       0       0       0       0       0
      Locals:         0       0       0       0       0       0       0       0       0
      Temps:          0       0       0       0       0       0       0       0       0
      Totals:         6       0       0       0       0       0       0       0       0
Total ram usage:        6 bytes
 Hardware stack levels used:    1
 Hardware stack levels required when called:    2
 This function calls:
		___ftadd
 This function is called by:
		___asftsub
 This function uses a non-reentrant model


 *************** function ___asftmul *****************
 Defined at:
		line 4 in file "/opt/microchip/xc8/v1.30/sources/pic18/asftmul.c"
 Parameters:    Size  Location     Type
  f1p             2   52[COMRAM] PTR float 
		 -> sprintf@integ(3), 
  f2              3   54[COMRAM] float 
 Auto vars:     Size  Location     Type
		None
 Return value:  Size  Location     Type
                  3   52[COMRAM] float 
 Registers used:
		wreg, fsr2l, fsr2h, status,2, status,0, cstack
 Tracked objects:
		On entry : 
		On exit  : 
		Unchanged: 
 Data sizes:     COMRAM   BANK0   BANK1   BANK2   BANK3   BANK4   BANK5   BANK6   BANK7
      Params:         5       0       0       0       0       0       0       0       0
      Locals:         0       0       0       0       0       0       0       0       0
      Temps:          0       0       0       0       0       0       0       0       0
      Totals:         5       0       0       0       0       0       0       0       0
Total ram usage:        5 bytes
 Hardware stack levels used:    1
 Hardware stack levels required when called:    2
 This function calls:
		___ftmul
 This function is called by:
		_sprintf
 This function uses a non-reentrant model


 *************** function ___ftmul *****************
 Defined at:
		line 51 in file "/opt/microchip/xc8/v1.30/sources/common/ftmul.c"
 Parameters:    Size  Location     Type
  f1              3   37[COMRAM] float 
  f2              3   40[COMRAM] float 
 Auto vars:     Size  Location     Type
  f3_as_produc    3   47[COMRAM] unsigned um
  sign            1   51[COMRAM] unsigned char 
  cntr            1   50[COMRAM] unsigned char 
  exp             1   46[COMRAM] unsigned char 
 Return value:  Size  Location     Type
                  3   37[COMRAM] float 
 Registers used:
		wreg, status,2, status,0, cstack
 Tracked objects:
		On entry : 
		On exit  : 
		Unchanged: 
 Data sizes:     COMRAM   BANK0   BANK1   BANK2   BANK3   BANK4   BANK5   BANK6   BANK7
      Params:         6       0       0       0       0       0       0       0       0
      Locals:         6       0       0       0       0       0       0       0       0
      Temps:          3       0       0       0       0       0       0       0       0
      Totals:        15       0       0       0       0       0       0       0       0
Total ram usage:       15 bytes
 Hardware stack levels used:    1
 Hardware stack levels required when called:    1
 This function calls:
		___ftpack
 This function is called by:
		_main
		_fround
		_scale
		_sprintf
		___asftmul
 This function uses a non-reentrant model


 *************** function ___asftadd *****************
 Defined at:
		line 4 in file "/opt/microchip/xc8/v1.30/sources/pic18/asftadd.c"
 Parameters:    Size  Location     Type
  f1p             2   62[COMRAM] PTR float 
		 -> sprintf@fval(3), 
  f2              3   64[COMRAM] float 
 Auto vars:     Size  Location     Type
		None
 Return value:  Size  Location     Type
                  3   62[COMRAM] float 
 Registers used:
		wreg, fsr2l, fsr2h, status,2, status,0, cstack
 Tracked objects:
		On entry : 
		On exit  : 
		Unchanged: 
 Data sizes:     COMRAM   BANK0   BANK1   BANK2   BANK3   BANK4   BANK5   BANK6   BANK7
      Params:         5       0       0       0       0       0       0       0       0
      Locals:         0       0       0       0       0       0       0       0       0
      Temps:          0       0       0       0       0       0       0       0       0
      Totals:         5       0       0       0       0       0       0       0       0
Total ram usage:        5 bytes
 Hardware stack levels used:    1
 Hardware stack levels required when called:    2
 This function calls:
		___ftadd
 This function is called by:
		_sprintf
 This function uses a non-reentrant model


 *************** function ___ftadd *****************
 Defined at:
		line 86 in file "/opt/microchip/xc8/v1.30/sources/common/ftadd.c"
 Parameters:    Size  Location     Type
  f1              3    8[COMRAM] float 
  f2              3   11[COMRAM] float 
 Auto vars:     Size  Location     Type
  exp1            1   19[COMRAM] unsigned char 
  exp2            1   18[COMRAM] unsigned char 
  sign            1   17[COMRAM] unsigned char 
 Return value:  Size  Location     Type
                  3    8[COMRAM] float 
 Registers used:
		wreg, status,2, status,0, cstack
 Tracked objects:
		On entry : 
		On exit  : 
		Unchanged: 
 Data sizes:     COMRAM   BANK0   BANK1   BANK2   BANK3   BANK4   BANK5   BANK6   BANK7
      Params:         6       0       0       0       0       0       0       0       0
      Locals:         3       0       0       0       0       0       0       0       0
      Temps:          3       0       0       0       0       0       0       0       0
      Totals:        12       0       0       0       0       0       0       0       0
Total ram usage:       12 bytes
 Hardware stack levels used:    1
 Hardware stack levels required when called:    1
 This function calls:
		___ftpack
 This function is called by:
		___asftadd
		___ftsub
 This function uses a non-reentrant model


 *************** function _setupMCU *****************
 Defined at:
		line 45 in file "sensor_temp01_main.c"
 Parameters:    Size  Location     Type
		None
 Auto vars:     Size  Location     Type
		None
 Return value:  Size  Location     Type
		None               void
 Registers used:
		wreg, status,2
 Tracked objects:
		On entry : 
		On exit  : 
		Unchanged: 
 Data sizes:     COMRAM   BANK0   BANK1   BANK2   BANK3   BANK4   BANK5   BANK6   BANK7
      Params:         0       0       0       0       0       0       0       0       0
      Locals:         0       0       0       0       0       0       0       0       0
      Temps:          0       0       0       0       0       0       0       0       0
      Totals:         0       0       0       0       0       0       0       0       0
Total ram usage:        0 bytes
 Hardware stack levels used:    1
 This function calls:
		Nothing
 This function is called by:
		_main
 This function uses a non-reentrant model


 *************** function _putrsXLCD *****************
 Defined at:
		line 16 in file "/opt/microchip/xc8/v1.30/sources/pic18/plib/XLCD/putrxlcd.c"
 Parameters:    Size  Location     Type
  buffer          2    1[COMRAM] PTR const unsigned char 
		 -> main@buffer(6), STR_2(2), STR_1(7), 
 Auto vars:     Size  Location     Type
		None
 Return value:  Size  Location     Type
		None               void
 Registers used:
		wreg, fsr0l, fsr0h, status,2, status,0, tblptrl, tblptrh, tblptru, cstack
 Tracked objects:
		On entry : 
		On exit  : 
		Unchanged: 
 Data sizes:     COMRAM   BANK0   BANK1   BANK2   BANK3   BANK4   BANK5   BANK6   BANK7
      Params:         2       0       0       0       0       0       0       0       0
      Locals:         0       0       0       0       0       0       0       0       0
      Temps:          0       0       0       0       0       0       0       0       0
      Totals:         2       0       0       0       0       0       0       0       0
Total ram usage:        2 bytes
 Hardware stack levels used:    1
 Hardware stack levels required when called:    2
 This function calls:
		_BusyXLCD
		_WriteDataXLCD
 This function is called by:
		_main
 This function uses a non-reentrant model


 *************** function _WriteDataXLCD *****************
 Defined at:
		line 16 in file "/opt/microchip/xc8/v1.30/sources/pic18/plib/XLCD/writdata.c"
 Parameters:    Size  Location     Type
  data            1    wreg     unsigned char 
 Auto vars:     Size  Location     Type
  data            1    0[COMRAM] unsigned char 
 Return value:  Size  Location     Type
		None               void
 Registers used:
		wreg, status,2, status,0, cstack
 Tracked objects:
		On entry : 
		On exit  : 
		Unchanged: 
 Data sizes:     COMRAM   BANK0   BANK1   BANK2   BANK3   BANK4   BANK5   BANK6   BANK7
      Params:         0       0       0       0       0       0       0       0       0
      Locals:         1       0       0       0       0       0       0       0       0
      Temps:          0       0       0       0       0       0       0       0       0
      Totals:         1       0       0       0       0       0       0       0       0
Total ram usage:        1 bytes
 Hardware stack levels used:    1
 Hardware stack levels required when called:    1
 This function calls:
		_DelayFor18TCY
 This function is called by:
		_putrsXLCD
 This function uses a non-reentrant model


 *************** function ___lwtoft *****************
 Defined at:
		line 28 in file "/opt/microchip/xc8/v1.30/sources/common/lwtoft.c"
 Parameters:    Size  Location     Type
  c               2    8[COMRAM] unsigned int 
 Auto vars:     Size  Location     Type
		None
 Return value:  Size  Location     Type
                  3    8[COMRAM] float 
 Registers used:
		wreg, status,2, status,0, cstack
 Tracked objects:
		On entry : 
		On exit  : 
		Unchanged: 
 Data sizes:     COMRAM   BANK0   BANK1   BANK2   BANK3   BANK4   BANK5   BANK6   BANK7
      Params:         3       0       0       0       0       0       0       0       0
      Locals:         0       0       0       0       0       0       0       0       0
      Temps:          2       0       0       0       0       0       0       0       0
      Totals:         5       0       0       0       0       0       0       0       0
Total ram usage:        5 bytes
 Hardware stack levels used:    1
 Hardware stack levels required when called:    1
 This function calls:
		___ftpack
 This function is called by:
		_main
 This function uses a non-reentrant model


 *************** function ___ftpack *****************
 Defined at:
		line 62 in file "/opt/microchip/xc8/v1.30/sources/common/float.c"
 Parameters:    Size  Location     Type
  arg             3    0[COMRAM] unsigned um
  exp             1    3[COMRAM] unsigned char 
  sign            1    4[COMRAM] unsigned char 
 Auto vars:     Size  Location     Type
		None
 Return value:  Size  Location     Type
                  3    0[COMRAM] float 
 Registers used:
		wreg, status,2, status,0
 Tracked objects:
		On entry : 
		On exit  : 
		Unchanged: 
 Data sizes:     COMRAM   BANK0   BANK1   BANK2   BANK3   BANK4   BANK5   BANK6   BANK7
      Params:         5       0       0       0       0       0       0       0       0
      Locals:         0       0       0       0       0       0       0       0       0
      Temps:          3       0       0       0       0       0       0       0       0
      Totals:         8       0       0       0       0       0       0       0       0
Total ram usage:        8 bytes
 Hardware stack levels used:    1
 This function calls:
		Nothing
 This function is called by:
		___ftadd
		___ftdiv
		___ftmul
		___lltoft
		___lwtoft
 This function uses a non-reentrant model


 *************** function ___ftdiv *****************
 Defined at:
		line 49 in file "/opt/microchip/xc8/v1.30/sources/common/ftdiv.c"
 Parameters:    Size  Location     Type
  f1              3   52[COMRAM] float 
  f2              3   55[COMRAM] float 
 Auto vars:     Size  Location     Type
  f3              3   62[COMRAM] float 
  sign            1   66[COMRAM] unsigned char 
  exp             1   65[COMRAM] unsigned char 
  cntr            1   61[COMRAM] unsigned char 
 Return value:  Size  Location     Type
                  3   52[COMRAM] float 
 Registers used:
		wreg, status,2, status,0, cstack
 Tracked objects:
		On entry : 
		On exit  : 
		Unchanged: 
 Data sizes:     COMRAM   BANK0   BANK1   BANK2   BANK3   BANK4   BANK5   BANK6   BANK7
      Params:         6       0       0       0       0       0       0       0       0
      Locals:         6       0       0       0       0       0       0       0       0
      Temps:          3       0       0       0       0       0       0       0       0
      Totals:        15       0       0       0       0       0       0       0       0
Total ram usage:       15 bytes
 Hardware stack levels used:    1
 Hardware stack levels required when called:    1
 This function calls:
		___ftpack
 This function is called by:
		_main
 This function uses a non-reentrant model


 *************** function _ReadADC *****************
 Defined at:
		line 24 in file "/opt/microchip/xc8/v1.30/sources/pic18/plib/ADC/adcread.c"
 Parameters:    Size  Location     Type
		None
 Auto vars:     Size  Location     Type
		None
 Return value:  Size  Location     Type
                  2    0[COMRAM] int 
 Registers used:
		wreg, status,2
 Tracked objects:
		On entry : 
		On exit  : 
		Unchanged: 
 Data sizes:     COMRAM   BANK0   BANK1   BANK2   BANK3   BANK4   BANK5   BANK6   BANK7
      Params:         2       0       0       0       0       0       0       0       0
      Locals:         0       0       0       0       0       0       0       0       0
      Temps:          0       0       0       0       0       0       0       0       0
      Totals:         2       0       0       0       0       0       0       0       0
Total ram usage:        2 bytes
 Hardware stack levels used:    1
 This function calls:
		Nothing
 This function is called by:
		_main
 This function uses a non-reentrant model


 *************** function _OpenXLCD *****************
 Defined at:
		line 19 in file "/opt/microchip/xc8/v1.30/sources/pic18/plib/XLCD/openxlcd.c"
 Parameters:    Size  Location     Type
  lcdtype         1    wreg     unsigned char 
 Auto vars:     Size  Location     Type
  lcdtype         1    4[COMRAM] unsigned char 
 Return value:  Size  Location     Type
		None               void
 Registers used:
		wreg, status,2, status,0, cstack
 Tracked objects:
		On entry : 
		On exit  : 
		Unchanged: 
 Data sizes:     COMRAM   BANK0   BANK1   BANK2   BANK3   BANK4   BANK5   BANK6   BANK7
      Params:         0       0       0       0       0       0       0       0       0
      Locals:         1       0       0       0       0       0       0       0       0
      Temps:          0       0       0       0       0       0       0       0       0
      Totals:         1       0       0       0       0       0       0       0       0
Total ram usage:        1 bytes
 Hardware stack levels used:    1
 Hardware stack levels required when called:    2
 This function calls:
		_BusyXLCD
		_Delay10KTCYx
		_DelayPORXLCD
		_SetDDRamAddr
		_WriteCmdXLCD
 This function is called by:
		_main
 This function uses a non-reentrant model


 *************** function _WriteCmdXLCD *****************
 Defined at:
		line 13 in file "/opt/microchip/xc8/v1.30/sources/pic18/plib/XLCD/wcmdxlcd.c"
 Parameters:    Size  Location     Type
  cmd             1    wreg     unsigned char 
 Auto vars:     Size  Location     Type
  cmd             1    0[COMRAM] unsigned char 
 Return value:  Size  Location     Type
		None               void
 Registers used:
		wreg, status,2, status,0, cstack
 Tracked objects:
		On entry : 
		On exit  : 
		Unchanged: 
 Data sizes:     COMRAM   BANK0   BANK1   BANK2   BANK3   BANK4   BANK5   BANK6   BANK7
      Params:         0       0       0       0       0       0       0       0       0
      Locals:         1       0       0       0       0       0       0       0       0
      Temps:          0       0       0       0       0       0       0       0       0
      Totals:         1       0       0       0       0       0       0       0       0
Total ram usage:        1 bytes
 Hardware stack levels used:    1
 Hardware stack levels required when called:    1
 This function calls:
		_DelayFor18TCY
 This function is called by:
		_main
		_OpenXLCD
 This function uses a non-reentrant model


 *************** function _SetDDRamAddr *****************
 Defined at:
		line 13 in file "/opt/microchip/xc8/v1.30/sources/pic18/plib/XLCD/setddram.c"
 Parameters:    Size  Location     Type
  DDaddr          1    wreg     unsigned char 
 Auto vars:     Size  Location     Type
  DDaddr          1    3[COMRAM] unsigned char 
 Return value:  Size  Location     Type
		None               void
 Registers used:
		wreg, status,2, status,0, cstack
 Tracked objects:
		On entry : 
		On exit  : 
		Unchanged: 
 Data sizes:     COMRAM   BANK0   BANK1   BANK2   BANK3   BANK4   BANK5   BANK6   BANK7
      Params:         0       0       0       0       0       0       0       0       0
      Locals:         1       0       0       0       0       0       0       0       0
      Temps:          3       0       0       0       0       0       0       0       0
      Totals:         4       0       0       0       0       0       0       0       0
Total ram usage:        4 bytes
 Hardware stack levels used:    1
 Hardware stack levels required when called:    1
 This function calls:
		_DelayFor18TCY
 This function is called by:
		_main
		_OpenXLCD
 This function uses a non-reentrant model


 *************** function _DelayPORXLCD *****************
 Defined at:
		line 158 in file "sensor_temp01_main.c"
 Parameters:    Size  Location     Type
		None
 Auto vars:     Size  Location     Type
		None
 Return value:  Size  Location     Type
		None               void
 Registers used:
		wreg, cstack
 Tracked objects:
		On entry : 
		On exit  : 
		Unchanged: 
 Data sizes:     COMRAM   BANK0   BANK1   BANK2   BANK3   BANK4   BANK5   BANK6   BANK7
      Params:         0       0       0       0       0       0       0       0       0
      Locals:         0       0       0       0       0       0       0       0       0
      Temps:          0       0       0       0       0       0       0       0       0
      Totals:         0       0       0       0       0       0       0       0       0
Total ram usage:        0 bytes
 Hardware stack levels used:    1
 Hardware stack levels required when called:    1
 This function calls:
		_Delay1KTCYx
 This function is called by:
		_OpenXLCD
 This function uses a non-reentrant model


 *************** function _Delay1KTCYx *****************
 Defined at:
		line 8 in file "/opt/microchip/xc8/v1.30/sources/pic18/d1ktcyx.c"
 Parameters:    Size  Location     Type
  unit            1    wreg     unsigned char 
 Auto vars:     Size  Location     Type
  unit            1    0[COMRAM] unsigned char 
 Return value:  Size  Location     Type
		None               void
 Registers used:
		wreg
 Tracked objects:
		On entry : 
		On exit  : 
		Unchanged: 
 Data sizes:     COMRAM   BANK0   BANK1   BANK2   BANK3   BANK4   BANK5   BANK6   BANK7
      Params:         0       0       0       0       0       0       0       0       0
      Locals:         1       0       0       0       0       0       0       0       0
      Temps:          0       0       0       0       0       0       0       0       0
      Totals:         1       0       0       0       0       0       0       0       0
Total ram usage:        1 bytes
 Hardware stack levels used:    1
 This function calls:
		Nothing
 This function is called by:
		_DelayPORXLCD
		_DelayXLCD
 This function uses a non-reentrant model


 *************** function _Delay10KTCYx *****************
 Defined at:
		line 8 in file "/opt/microchip/xc8/v1.30/sources/pic18/d10ktcyx.c"
 Parameters:    Size  Location     Type
  unit            1    wreg     unsigned char 
 Auto vars:     Size  Location     Type
  unit            1    1[COMRAM] unsigned char 
 Return value:  Size  Location     Type
		None               void
 Registers used:
		wreg
 Tracked objects:
		On entry : 
		On exit  : 
		Unchanged: 
 Data sizes:     COMRAM   BANK0   BANK1   BANK2   BANK3   BANK4   BANK5   BANK6   BANK7
      Params:         0       0       0       0       0       0       0       0       0
      Locals:         1       0       0       0       0       0       0       0       0
      Temps:          1       0       0       0       0       0       0       0       0
      Totals:         2       0       0       0       0       0       0       0       0
Total ram usage:        2 bytes
 Hardware stack levels used:    1
 This function calls:
		Nothing
 This function is called by:
		_OpenXLCD
 This function uses a non-reentrant model


 *************** function _BusyXLCD *****************
 Defined at:
		line 11 in file "/opt/microchip/xc8/v1.30/sources/pic18/plib/XLCD/busyxlcd.c"
 Parameters:    Size  Location     Type
		None
 Auto vars:     Size  Location     Type
		None
 Return value:  Size  Location     Type
                  1    wreg      unsigned char 
 Registers used:
		wreg, cstack
 Tracked objects:
		On entry : 
		On exit  : 
		Unchanged: 
 Data sizes:     COMRAM   BANK0   BANK1   BANK2   BANK3   BANK4   BANK5   BANK6   BANK7
      Params:         0       0       0       0       0       0       0       0       0
      Locals:         0       0       0       0       0       0       0       0       0
      Temps:          0       0       0       0       0       0       0       0       0
      Totals:         0       0       0       0       0       0       0       0       0
Total ram usage:        0 bytes
 Hardware stack levels used:    1
 Hardware stack levels required when called:    1
 This function calls:
		_DelayFor18TCY
 This function is called by:
		_main
		_OpenXLCD
		_putrsXLCD
 This function uses a non-reentrant model


 *************** function _DelayFor18TCY *****************
 Defined at:
		line 136 in file "sensor_temp01_main.c"
 Parameters:    Size  Location     Type
		None
 Auto vars:     Size  Location     Type
		None
 Return value:  Size  Location     Type
		None               void
 Registers used:
		None
 Tracked objects:
		On entry : 
		On exit  : 
		Unchanged: 
 Data sizes:     COMRAM   BANK0   BANK1   BANK2   BANK3   BANK4   BANK5   BANK6   BANK7
      Params:         0       0       0       0       0       0       0       0       0
      Locals:         0       0       0       0       0       0       0       0       0
      Temps:          0       0       0       0       0       0       0       0       0
      Totals:         0       0       0       0       0       0       0       0       0
Total ram usage:        0 bytes
 Hardware stack levels used:    1
 This function calls:
		Nothing
 This function is called by:
		_BusyXLCD
		_SetDDRamAddr
		_WriteCmdXLCD
		_WriteDataXLCD
 This function uses a non-reentrant model


 *************** function _OpenADC *****************
 Defined at:
		line 68 in file "/opt/microchip/xc8/v1.30/sources/pic18/plib/ADC/adcopen.c"
 Parameters:    Size  Location     Type
  config          1    wreg     unsigned char 
  config2         1    0[COMRAM] unsigned char 
  portconfig      1    1[COMRAM] unsigned char 
 Auto vars:     Size  Location     Type
  config          1    4[COMRAM] unsigned char 
 Return value:  Size  Location     Type
		None               void
 Registers used:
		wreg, status,2, status,0
 Tracked objects:
		On entry : 
		On exit  : 
		Unchanged: 
 Data sizes:     COMRAM   BANK0   BANK1   BANK2   BANK3   BANK4   BANK5   BANK6   BANK7
      Params:         2       0       0       0       0       0       0       0       0
      Locals:         1       0       0       0       0       0       0       0       0
      Temps:          2       0       0       0       0       0       0       0       0
      Totals:         5       0       0       0       0       0       0       0       0
Total ram usage:        5 bytes
 Hardware stack levels used:    1
 This function calls:
		Nothing
 This function is called by:
		_main
 This function uses a non-reentrant model


 *************** function _Delay_ms *****************
 Defined at:
		line 180 in file "sensor_temp01_main.c"
 Parameters:    Size  Location     Type
  ms              2    0[COMRAM] unsigned int 
 Auto vars:     Size  Location     Type
  i               2    3[COMRAM] unsigned int 
 Return value:  Size  Location     Type
		None               void
 Registers used:
		wreg, status,2, status,0
 Tracked objects:
		On entry : 
		On exit  : 
		Unchanged: 
 Data sizes:     COMRAM   BANK0   BANK1   BANK2   BANK3   BANK4   BANK5   BANK6   BANK7
      Params:         2       0       0       0       0       0       0       0       0
      Locals:         2       0       0       0       0       0       0       0       0
      Temps:          1       0       0       0       0       0       0       0       0
      Totals:         5       0       0       0       0       0       0       0       0
Total ram usage:        5 bytes
 Hardware stack levels used:    1
 This function calls:
		Nothing
 This function is called by:
		_main
 This function uses a non-reentrant model


 *************** function _Delay10TCYx *****************
 Defined at:
		line 8 in file "/opt/microchip/xc8/v1.30/sources/pic18/d10tcyx.c"
 Parameters:    Size  Location     Type
  unit            1    wreg     unsigned char 
 Auto vars:     Size  Location     Type
  unit            1    0[COMRAM] unsigned char 
 Return value:  Size  Location     Type
		None               void
 Registers used:
		wreg
 Tracked objects:
		On entry : 
		On exit  : 
		Unchanged: 
 Data sizes:     COMRAM   BANK0   BANK1   BANK2   BANK3   BANK4   BANK5   BANK6   BANK7
      Params:         0       0       0       0       0       0       0       0       0
      Locals:         1       0       0       0       0       0       0       0       0
      Temps:          0       0       0       0       0       0       0       0       0
      Totals:         1       0       0       0       0       0       0       0       0
Total ram usage:        1 bytes
 Hardware stack levels used:    1
 This function calls:
		Nothing
 This function is called by:
		_main
 This function uses a non-reentrant model


 *************** function _ConvertADC *****************
 Defined at:
		line 22 in file "/opt/microchip/xc8/v1.30/sources/pic18/plib/ADC/adcconv.c"
 Parameters:    Size  Location     Type
		None
 Auto vars:     Size  Location     Type
		None
 Return value:  Size  Location     Type
		None               void
 Registers used:
		None
 Tracked objects:
		On entry : 
		On exit  : 
		Unchanged: 
 Data sizes:     COMRAM   BANK0   BANK1   BANK2   BANK3   BANK4   BANK5   BANK6   BANK7
      Params:         0       0       0       0       0       0       0       0       0
      Locals:         0       0       0       0       0       0       0       0       0
      Temps:          0       0       0       0       0       0       0       0       0
      Totals:         0       0       0       0       0       0       0       0       0
Total ram usage:        0 bytes
 Hardware stack levels used:    1
 This function calls:
		Nothing
 This function is called by:
		_main
 This function uses a non-reentrant model


 *************** function _BusyADC *****************
 Defined at:
		line 26 in file "/opt/microchip/xc8/v1.30/sources/pic18/plib/ADC/adcbusy.c"
 Parameters:    Size  Location     Type
		None
 Auto vars:     Size  Location     Type
		None
 Return value:  Size  Location     Type
                  1    wreg      unsigned char 
 Registers used:
		wreg
 Tracked objects:
		On entry : 
		On exit  : 
		Unchanged: 
 Data sizes:     COMRAM   BANK0   BANK1   BANK2   BANK3   BANK4   BANK5   BANK6   BANK7
      Params:         0       0       0       0       0       0       0       0       0
      Locals:         0       0       0       0       0       0       0       0       0
      Temps:          0       0       0       0       0       0       0       0       0
      Totals:         0       0       0       0       0       0       0       0       0
Total ram usage:        0 bytes
 Hardware stack levels used:    1
 This function calls:
		Nothing
 This function is called by:
		_main
 This function uses a non-reentrant model



MODULE INFORMATION

Module		Function		Class		Link	Load	Size
/opt/microchip/xc8/v1.30/sources/pic18/plib/XLCD/busyxlcd.c
		_BusyXLCD      		CODE           	2898	0000	58

/opt/microchip/xc8/v1.30/sources/pic18/plib/XLCD/busyxlcd.c estimated size: 58

/opt/microchip/xc8/v1.30/sources/common/fldivl.c
		__div_to_l_    		CODE           	1CBE	0000	314

/opt/microchip/xc8/v1.30/sources/common/fldivl.c estimated size: 314

/opt/microchip/xc8/v1.30/sources/pic18/plib/ADC/adcopen.c
		_OpenADC       		CODE           	2614	0000	96

/opt/microchip/xc8/v1.30/sources/pic18/plib/ADC/adcopen.c estimated size: 96

/opt/microchip/xc8/v1.30/sources/common/awmod.c
		___awmod       		CODE           	2394	0000	156

/opt/microchip/xc8/v1.30/sources/common/awmod.c estimated size: 156

/opt/microchip/xc8/v1.30/sources/common/ftdivl.c
		__tdiv_to_l_   		CODE           	1DF8	0000	260

/opt/microchip/xc8/v1.30/sources/common/ftdivl.c estimated size: 260

/opt/microchip/xc8/v1.30/sources/pic18/plib/XLCD/writdata.c
		_WriteDataXLCD 		CODE           	272A	0000	64

/opt/microchip/xc8/v1.30/sources/pic18/plib/XLCD/writdata.c estimated size: 64

/opt/microchip/xc8/v1.30/sources/pic18/asftadd.c
		___asftadd     		CODE           	2822	0000	60

/opt/microchip/xc8/v1.30/sources/pic18/asftadd.c estimated size: 60

/opt/microchip/xc8/v1.30/sources/pic18/plib/XLCD/setddram.c
		_SetDDRamAddr  		CODE           	26D0	0000	90

/opt/microchip/xc8/v1.30/sources/pic18/plib/XLCD/setddram.c estimated size: 90

/opt/microchip/xc8/v1.30/sources/common/awdiv.c
		___awdiv       		CODE           	2196	0000	176

/opt/microchip/xc8/v1.30/sources/common/awdiv.c estimated size: 176

/opt/microchip/xc8/v1.30/sources/common/ftadd.c
		___ftadd       		CODE           	196C	0000	440

/opt/microchip/xc8/v1.30/sources/common/ftadd.c estimated size: 440

/opt/microchip/xc8/v1.30/sources/pic18/d10tcyx.c
		_Delay10TCYx   		CODE           	2A1C	0000	18

/opt/microchip/xc8/v1.30/sources/pic18/d10tcyx.c estimated size: 18

/opt/microchip/xc8/v1.30/sources/common/lltoft.c
		___lltoft      		CODE           	25B0	0000	100

/opt/microchip/xc8/v1.30/sources/common/lltoft.c estimated size: 100

/opt/microchip/xc8/v1.30/sources/pic18/plib/ADC/adcbusy.c
		_BusyADC       		CODE           	2A2E	0000	12

/opt/microchip/xc8/v1.30/sources/pic18/plib/ADC/adcbusy.c estimated size: 12

/opt/microchip/xc8/v1.30/sources/common/lwtoft.c
		___lwtoft      		CODE           	2908	0000	44

/opt/microchip/xc8/v1.30/sources/common/lwtoft.c estimated size: 44

shared
		__stringdata   		SMALLCONST     	0877	0000	15
		__powers_      		SMALLCONST     	0850	0000	39
		_dpowers       		SMALLCONST     	0801	0000	40
		__npowers_     		SMALLCONST     	0829	0000	39
		__initializatio		CODE           	2A3A	0000	0

shared estimated size: 133

/opt/microchip/xc8/v1.30/sources/common/float.c
		___ftpack      		CODE           	2246	0000	168

/opt/microchip/xc8/v1.30/sources/common/float.c estimated size: 168

/opt/microchip/xc8/v1.30/sources/common/isdigit.c
		_isdigit       		CODE           	2960	0000	42

/opt/microchip/xc8/v1.30/sources/common/isdigit.c estimated size: 42

/opt/microchip/xc8/v1.30/sources/pic18/plib/XLCD/openxlcd.c
		_OpenXLCD      		CODE           	22EE	0000	166

/opt/microchip/xc8/v1.30/sources/pic18/plib/XLCD/openxlcd.c estimated size: 166

/opt/microchip/xc8/v1.30/sources/pic18/plib/ADC/adcconv.c
		_ConvertADC    		CODE           	2A56	0000	4

/opt/microchip/xc8/v1.30/sources/pic18/plib/ADC/adcconv.c estimated size: 4

/opt/microchip/xc8/v1.30/sources/pic18/plib/XLCD/wcmdxlcd.c
		_WriteCmdXLCD  		CODE           	276A	0000	64

/opt/microchip/xc8/v1.30/sources/pic18/plib/XLCD/wcmdxlcd.c estimated size: 64

/opt/microchip/xc8/v1.30/sources/common/llmod.c
		___llmod       		CODE           	2546	0000	106

/opt/microchip/xc8/v1.30/sources/common/llmod.c estimated size: 106

/opt/microchip/xc8/v1.30/sources/pic18/d1ktcyx.c
		_Delay1KTCYx   		CODE           	2A0A	0000	18

/opt/microchip/xc8/v1.30/sources/pic18/d1ktcyx.c estimated size: 18

/opt/microchip/xc8/v1.30/sources/pic18/plib/ADC/adcread.c
		_ReadADC       		CODE           	2A44	0000	10

/opt/microchip/xc8/v1.30/sources/pic18/plib/ADC/adcread.c estimated size: 10

/opt/microchip/xc8/v1.30/sources/pic18/asftsub.c
		___asftsub     		CODE           	27AA	0000	60

/opt/microchip/xc8/v1.30/sources/pic18/asftsub.c estimated size: 60

/opt/microchip/xc8/v1.30/sources/common/ftdiv.c
		___ftdiv       		CODE           	1FE8	0000	218

/opt/microchip/xc8/v1.30/sources/common/ftdiv.c estimated size: 218

/opt/microchip/xc8/v1.30/sources/common/lldiv.c
		___lldiv       		CODE           	24C0	0000	134

/opt/microchip/xc8/v1.30/sources/common/lldiv.c estimated size: 134

/opt/microchip/xc8/v1.30/sources/common/ftsub.c
		___ftsub       		CODE           	28D2	0000	54

/opt/microchip/xc8/v1.30/sources/common/ftsub.c estimated size: 54

sensor_temp01_main.c
		_main          		CODE           	1B24	0000	410
		_DelayFor18TCY 		CODE           	29B0	0000	38
		_setupMCU      		CODE           	29D6	0000	28
		_Delay_ms      		CODE           	2934	0000	44
		_DelayPORXLCD  		CODE           	2A4E	0000	8

sensor_temp01_main.c estimated size: 528

/opt/microchip/xc8/v1.30/sources/common/ftneg.c
		___ftneg       		CODE           	298A	0000	38

/opt/microchip/xc8/v1.30/sources/common/ftneg.c estimated size: 38

/opt/microchip/xc8/v1.30/sources/common/ftge.c
		___ftge        		CODE           	2430	0000	144

/opt/microchip/xc8/v1.30/sources/common/ftge.c estimated size: 144

/opt/microchip/xc8/v1.30/sources/common/wmul.c
		___wmul        		CODE           	285E	0000	58

/opt/microchip/xc8/v1.30/sources/common/wmul.c estimated size: 58

/opt/microchip/xc8/v1.30/sources/pic18/asftmul.c
		___asftmul     		CODE           	27E6	0000	60

/opt/microchip/xc8/v1.30/sources/pic18/asftmul.c estimated size: 60

/opt/microchip/xc8/v1.30/sources/common/doprnt.c
		_scale         		CODE           	1360	0000	976
		_sprintf       		CODE           	0888	0000	2776
		_fround        		CODE           	1730	0000	572

/opt/microchip/xc8/v1.30/sources/common/doprnt.c estimated size: 4324

/opt/microchip/xc8/v1.30/sources/pic18/plib/XLCD/putrxlcd.c
		_putrsXLCD     		CODE           	2674	0000	92

/opt/microchip/xc8/v1.30/sources/pic18/plib/XLCD/putrxlcd.c estimated size: 92

/opt/microchip/xc8/v1.30/sources/common/ftmul.c
		___ftmul       		CODE           	1EFC	0000	236

/opt/microchip/xc8/v1.30/sources/common/ftmul.c estimated size: 236

/opt/microchip/xc8/v1.30/sources/common/fttol.c
		___fttol       		CODE           	20C2	0000	212

/opt/microchip/xc8/v1.30/sources/common/fttol.c estimated size: 212

/opt/microchip/xc8/v1.30/sources/pic18/d10ktcyx.c
		_Delay10KTCYx  		CODE           	29F2	0000	24

/opt/microchip/xc8/v1.30/sources/pic18/d10ktcyx.c estimated size: 24

