Microchip MPLAB XC8 Compiler V1.30 ()

Linker command line:

--edf=/opt/microchip/xc8/v1.30/dat/en_msgs.txt -cs \
  -h+dist/default/production/xlcd_dynamic_display.X.production.sym \
  --cmf=dist/default/production/xlcd_dynamic_display.X.production.cmf -z \
  -Q18F2550 -o/tmp/cgtgsd0ag \
  -Mdist/default/production/xlcd_dynamic_display.X.production.map -E1 \
  -ver=XC8 -ASTACK=060h-07ffh -pstack=STACK -ACODE=00h-07FFFh \
  -ACONST=00h-07FFFh -ASMALLCONST=0800h-08FFhx120 \
  -AMEDIUMCONST=0800h-07FFFh -ACOMRAM=01h-05Fh -AABS1=00h-07FFh \
  -ABIGRAM=01h-07FFh -ARAM=060h-0FFh,0100h-01FFhx7 -ABANK0=060h-0FFh \
  -ABANK1=0100h-01FFh -ABANK2=0200h-02FFh -ABANK3=0300h-03FFh \
  -ABANK4=0400h-04FFh -ABANK5=0500h-05FFh -ABANK6=0600h-06FFh \
  -ABANK7=0700h-07FFh -ASFR=0F60h-0FFFh \
  -preset_vec=00h,intcode,intcodelo,powerup,init,end_init -pramtop=0800h \
  -psmallconst=SMALLCONST -pmediumconst=MEDIUMCONST -pconst=CONST \
  -AFARRAM=00h-00h -ACONFIG=0300000h-030000Dh -pconfig=CONFIG \
  -AIDLOC=0200000h-0200007h -pidloc=IDLOC -AEEDATA=0F00000h-0F000FFh \
  -peeprom_data=EEDATA \
  -prdata=COMRAM,nvrram=COMRAM,nvbit=COMRAM,rbss=COMRAM,rbit=COMRAM \
  -pfarbss=FARRAM,fardata=FARRAM,nvFARRAM=FARRAM \
  -pintsave_regs=BIGRAM,bigbss=BIGRAM,bigdata=BIGRAM -pbss=RAM \
  -pidata=CODE,irdata=CODE,ibigdata=CODE,ifardata=CODE /tmp/cgtXd42z9.obj \
  dist/default/production/xlcd_dynamic_display.X.production.obj 

Object code version is 3.11

Machine type is 18F2550

Call graph: (short form)




                Name                               Link     Load   Length Selector   Space Scale
/tmp/cgtXd42z9.obj
                end_init                              0        0        4        0       0
                idloc                            200000   200000        8   200000       0
                config                           300000   300000        E   300000       0
dist/default/production/xlcd_dynamic_display.X.production.obj
                smallconst                          800      800       12      400       0
                text16                              E2E      E2E       2C      409       0
                text15                              E84      E84       26      409       0
                text14                              DC6      DC6       3A      409       0
                text13                              EAA      EAA       18      409       0
                text12                              EC2      EC2       12      409       0
                text11                              EDE      EDE        8      409       0
                text10                              C16      C16       5A      409       0
                text9                               D4C      D4C       40      409       0
                text8                               B70      B70       A6      409       0
                text7                               D0C      D0C       40      409       0
                text6                               E00      E00       2E      409       0
                text5                               C70      C70       56      409       0
                text4                               CC6      CC6       46      409       0
                text3                               D8C      D8C       3A      409       0
                text2                               E5A      E5A       2A      409       0
                text1                               812      812      2AC      409       0
                text0                               ABE      ABE       B2      409       0
                cstackCOMRAM                          1        1       34        1       1
                cinit                               ED4      ED4        A      409       0

TOTAL           Name                               Link     Load   Length     Space
        CLASS   STACK          

        CLASS   CODE           
                end_init                              0        0        4         0
                text16                              E2E      E2E       2C         0
                text15                              E84      E84       26         0
                text14                              DC6      DC6       3A         0
                text13                              EAA      EAA       18         0
                text12                              EC2      EC2       12         0
                text11                              EDE      EDE        8         0
                text10                              C16      C16       5A         0
                text9                               D4C      D4C       40         0
                text8                               B70      B70       A6         0
                text7                               D0C      D0C       40         0
                text6                               E00      E00       2E         0
                text5                               C70      C70       56         0
                text4                               CC6      CC6       46         0
                text3                               D8C      D8C       3A         0
                text2                               E5A      E5A       2A         0
                text1                               812      812      2AC         0
                text0                               ABE      ABE       B2         0
                cinit                               ED4      ED4        A         0

        CLASS   CONST          

        CLASS   SMALLCONST     
                smallconst                          800      800       12         0

        CLASS   MEDIUMCONST    

        CLASS   COMRAM         
                cstackCOMRAM                          1        1       34         1

        CLASS   ABS1           

        CLASS   BIGRAM         

        CLASS   RAM            

        CLASS   BANK0          

        CLASS   BANK1          

        CLASS   BANK2          

        CLASS   BANK3          

        CLASS   BANK4          

        CLASS   BANK5          

        CLASS   BANK6          

        CLASS   BANK7          

        CLASS   SFR            

        CLASS   FARRAM         

        CLASS   CONFIG         
                config                           300000   300000        E         0

        CLASS   IDLOC          
                idloc                            200000   200000        8         0

        CLASS   EEDATA         



SEGMENTS        Name                           Load    Length   Top    Selector   Space  Class

                reset_vec                      000000  000004  000004         0       0  CODE    
                cstackCOMRAM                   000001  000034  000035         1       1  COMRAM  
                smallconst                     000800  000012  000812       400       0  SMALLCON
                text1                          000812  0006D4  000EE6       409       0  CODE    
                idloc                          200000  000008  200008    200000       0  IDLOC   
                config                         300000  00000E  30000E    300000       0  CONFIG  


UNUSED ADDRESS RANGES

        Name                Unused          Largest block    Delta
        BANK0            000060-0000FF               A0
        BANK1            000100-0001FF              100
        BANK2            000200-0002FF              100
        BANK3            000300-0003FF              100
        BANK4            000400-0004FF              100
        BANK5            000500-0005FF              100
        BANK6            000600-0006FF              100
        BANK7            000700-0007FF              100
        BIGRAM           000035-0007FF              7CB
        CODE             000004-0007FF              7FC
                         000EE6-007FFF             711A
        COMRAM           000035-00005F               2B
        CONST            000004-0007FF              7FC
                         000EE6-007FFF             711A
        EEDATA           F00000-F000FF              100
        MEDIUMCONST      000EE6-007FFF             711A
        RAM              000060-0007FF              100
        SFR              000F60-000FFF               A0
        SMALLCONST       000EE6-007FFF              100
        STACK            000060-0007FF              7A0

                                  Symbol Table

?___lwdiv                cstackCOMRAM 000001
?___lwmod                cstackCOMRAM 000009
?___wmul                 cstackCOMRAM 000001
?_sprintf                cstackCOMRAM 00000F
Delay10KTCYx@unit        cstackCOMRAM 000002
Delay1KTCYx@unit         cstackCOMRAM 000001
Delay_ms@i               cstackCOMRAM 000004
Delay_ms@ms              cstackCOMRAM 000001
OpenXLCD@lcdtype         cstackCOMRAM 000005
SetDDRamAddr@DDaddr      cstackCOMRAM 000004
WriteCmdXLCD@cmd         cstackCOMRAM 000001
WriteDataXLCD@data       cstackCOMRAM 000001
_ADCON0bits              (abs)        000FC2
_ADCON1                  (abs)        000FC1
_ADCON1bits              (abs)        000FC1
_BusyXLCD                text14       000DC6
_CMCONbits               (abs)        000FB4
_Delay10KTCYx            text13       000EAA
_Delay1KTCYx             text12       000EC2
_DelayFor18TCY           text15       000E84
_DelayPORXLCD            text11       000EDE
_Delay_ms                text16       000E2E
_LATBbits                (abs)        000F8A
_OpenXLCD                text8        000B70
_PORTB                   (abs)        000F81
_SetDDRamAddr            text10       000C16
_TRISB                   (abs)        000F93
_TRISBbits               (abs)        000F93
_WriteCmdXLCD            text9        000D4C
_WriteDataXLCD           text7        000D0C
__CFG_BOR$OFF            (abs)        000000
__CFG_CPUDIV$OSC1_PLL2   (abs)        000000
__CFG_FCMEN$OFF          (abs)        000000
__CFG_FOSC$HS            (abs)        000000
__CFG_IESO$OFF           (abs)        000000
__CFG_LPT1OSC$OFF        (abs)        000000
__CFG_LVP$OFF            (abs)        000000
__CFG_MCLRE$ON           (abs)        000000
__CFG_PBADEN$OFF         (abs)        000000
__CFG_PLLDIV$1           (abs)        000000
__CFG_PWRT$OFF           (abs)        000000
__CFG_STVREN$ON          (abs)        000000
__CFG_USBDIV$1           (abs)        000000
__CFG_VREGEN$OFF         (abs)        000000
__CFG_WDT$OFF            (abs)        000000
__CFG_WDTPS$32768        (abs)        000000
__CFG_XINST$OFF          (abs)        000000
__HRAM                   (abs)        000000
__Habs1                  abs1         000000
__Hbank0                 bank0        000000
__Hbank1                 bank1        000000
__Hbank2                 bank2        000000
__Hbank3                 bank3        000000
__Hbank4                 bank4        000000
__Hbank5                 bank5        000000
__Hbank6                 bank6        000000
__Hbank7                 bank7        000000
__Hbigbss                bigbss       000000
__Hbigdata               bigdata      000000
__Hbigram                bigram       000000
__Hbss                   bss          000000
__Hcinit                 cinit        000000
__Hclrtext               clrtext      000000
__Hcomram                comram       000000
__Hconfig                config       30000E
__Hconst                 const        000000
__HcstackCOMRAM          cstackCOMRAM 000000
__Hdata                  data         000000
__Heeprom_data           eeprom_data  000000
__Hend_init              end_init     000004
__Hfarbss                farbss       000000
__Hfardata               fardata      000000
__Hibigdata              ibigdata     000000
__Hidata                 idata        000000
__Hidloc                 idloc        200008
__Hifardata              ifardata     000000
__Hinit                  init         000000
__Hintcode               intcode      000000
__Hintcode_body          intcode_body 000000
__Hintcodelo             intcodelo    000000
__Hintentry              intentry     000000
__Hintret                intret       000000
__Hintsave_regs          intsave_regs 000000
__Hirdata                irdata       000000
__Hmediumconst           mediumconst  000000
__HnvFARRAM              nvFARRAM     000000
__Hnvbit                 nvbit        000000
__Hnvrram                nvrram       000000
__Hparam                 rparam       000000
__Hpowerup               powerup      000000
__Hram                   ram          000000
__Hramtop                ramtop       000800
__Hrbit                  rbit         000000
__Hrbss                  rbss         000000
__Hrdata                 rdata        000000
__Hreset_vec             reset_vec    000000
__Hrparam                rparam       000000
__Hsfr                   sfr          000000
__Hsmallconst            smallconst   000812
__Hstack                 stack        000000
__Hstruct                struct       000000
__Htemp                  temp         000000
__Htext                  text         000000
__Htext0                 text0        000000
__Htext1                 text1        000000
__Htext10                text10       000000
__Htext11                text11       000000
__Htext12                text12       000000
__Htext13                text13       000000
__Htext14                text14       000000
__Htext15                text15       000000
__Htext16                text16       000000
__Htext2                 text2        000000
__Htext3                 text3        000000
__Htext4                 text4        000000
__Htext5                 text5        000000
__Htext6                 text6        000000
__Htext7                 text7        000000
__Htext8                 text8        000000
__Htext9                 text9        000000
__LRAM                   (abs)        000001
__Labs1                  abs1         000000
__Lbank0                 bank0        000000
__Lbank1                 bank1        000000
__Lbank2                 bank2        000000
__Lbank3                 bank3        000000
__Lbank4                 bank4        000000
__Lbank5                 bank5        000000
__Lbank6                 bank6        000000
__Lbank7                 bank7        000000
__Lbigbss                bigbss       000000
__Lbigdata               bigdata      000000
__Lbigram                bigram       000000
__Lbss                   bss          000000
__Lcinit                 cinit        000000
__Lclrtext               clrtext      000000
__Lcomram                comram       000000
__Lconfig                config       300000
__Lconst                 const        000000
__LcstackCOMRAM          cstackCOMRAM 000000
__Ldata                  data         000000
__Leeprom_data           eeprom_data  000000
__Lend_init              end_init     000000
__Lfarbss                farbss       000000
__Lfardata               fardata      000000
__Libigdata              ibigdata     000000
__Lidata                 idata        000000
__Lidloc                 idloc        200000
__Lifardata              ifardata     000000
__Linit                  init         000000
__Lintcode               intcode      000000
__Lintcode_body          intcode_body 000000
__Lintcodelo             intcodelo    000000
__Lintentry              intentry     000000
__Lintret                intret       000000
__Lintsave_regs          intsave_regs 000000
__Lirdata                irdata       000000
__Lmediumconst           mediumconst  000000
__LnvFARRAM              nvFARRAM     000000
__Lnvbit                 nvbit        000000
__Lnvrram                nvrram       000000
__Lparam                 rparam       000000
__Lpowerup               powerup      000000
__Lram                   ram          000000
__Lramtop                ramtop       000800
__Lrbit                  rbit         000000
__Lrbss                  rbss         000000
__Lrdata                 rdata        000000
__Lreset_vec             reset_vec    000000
__Lrparam                rparam       000000
__Lsfr                   sfr          000000
__Lsmallconst            smallconst   000800
__Lstack                 stack        000000
__Lstruct                struct       000000
__Ltemp                  temp         000000
__Ltext                  text         000000
__Ltext0                 text0        000000
__Ltext1                 text1        000000
__Ltext10                text10       000000
__Ltext11                text11       000000
__Ltext12                text12       000000
__Ltext13                text13       000000
__Ltext14                text14       000000
__Ltext15                text15       000000
__Ltext16                text16       000000
__Ltext2                 text2        000000
__Ltext3                 text3        000000
__Ltext4                 text4        000000
__Ltext5                 text5        000000
__Ltext6                 text6        000000
__Ltext7                 text7        000000
__Ltext8                 text8        000000
__Ltext9                 text9        000000
__S0                     (abs)        30000E
__S1                     (abs)        000035
__S2                     (abs)        000000
___inthi_sp              stack        000000
___intlo_sp              stack        000000
___lwdiv                 text5        000C70
___lwdiv@counter         cstackCOMRAM 000008
___lwdiv@dividend        cstackCOMRAM 000001
___lwdiv@divisor         cstackCOMRAM 000003
___lwdiv@quotient        cstackCOMRAM 000006
___lwmod                 text4        000CC6
___lwmod@counter         cstackCOMRAM 00000E
___lwmod@dividend        cstackCOMRAM 000009
___lwmod@divisor         cstackCOMRAM 00000B
___sp                    stack        000000
___wmul                  text3        000D8C
___wmul@multiplicand     cstackCOMRAM 000003
___wmul@multiplier       cstackCOMRAM 000001
___wmul@product          cstackCOMRAM 000005
__accesstop              (abs)        000060
__activetblptr           (abs)        000002
__end_of_BusyXLCD        text14       000E00
__end_of_Delay10KTCYx    text13       000EC2
__end_of_Delay1KTCYx     text12       000ED4
__end_of_DelayFor18TCY   text15       000EAA
__end_of_DelayPORXLCD    text11       000EE6
__end_of_Delay_ms        text16       000E5A
__end_of_OpenXLCD        text8        000C16
__end_of_SetDDRamAddr    text10       000C70
__end_of_WriteCmdXLCD    text9        000D8C
__end_of_WriteDataXLCD   text7        000D4C
__end_of___lwdiv         text5        000CC6
__end_of___lwmod         text4        000D0C
__end_of___wmul          text3        000DC6
__end_of__initialization cinit        000ED4
__end_of__stringdata     smallconst   000810
__end_of_dpowers         smallconst   00080B
__end_of_isdigit         text2        000E84
__end_of_main            text0        000B70
__end_of_putrsXLCD       text6        000E2E
__end_of_sprintf         text1        000ABE
__initialization         cinit        000ED4
__mediumconst            mediumconst  000000
__pcinit                 cinit        000ED4
__pcstackCOMRAM          cstackCOMRAM 000001
__psmallconst            smallconst   000800
__ptext0                 text0        000ABE
__ptext1                 text1        000812
__ptext10                text10       000C16
__ptext11                text11       000EDE
__ptext12                text12       000EC2
__ptext13                text13       000EAA
__ptext14                text14       000DC6
__ptext15                text15       000E84
__ptext16                text16       000E2E
__ptext2                 text2        000E5A
__ptext3                 text3        000D8C
__ptext4                 text4        000CC6
__ptext5                 text5        000C70
__ptext6                 text6        000E00
__ptext7                 text7        000D0C
__ptext8                 text8        000B70
__ptext9                 text9        000D4C
__ramtop                 ramtop       000800
__size_of_BusyXLCD       (abs)        000000
__size_of_Delay10KTCYx   (abs)        000000
__size_of_Delay1KTCYx    (abs)        000000
__size_of_DelayFor18TCY  (abs)        000000
__size_of_DelayPORXLCD   (abs)        000000
__size_of_Delay_ms       (abs)        000000
__size_of_OpenXLCD       (abs)        000000
__size_of_SetDDRamAddr   (abs)        000000
__size_of_WriteCmdXLCD   (abs)        000000
__size_of_WriteDataXLCD  (abs)        000000
__size_of___lwdiv        (abs)        000000
__size_of___lwmod        (abs)        000000
__size_of___wmul         (abs)        000000
__size_of_isdigit        (abs)        000000
__size_of_main           (abs)        000000
__size_of_putrsXLCD      (abs)        000000
__size_of_sprintf        (abs)        000000
__smallconst             smallconst   000800
__stringdata             smallconst   00080B
_dpowers                 smallconst   000801
_isdigit                 text2        000E5A
_isdigit$907             cstackCOMRAM 000002
_main                    text0        000ABE
_putrsXLCD               text6        000E00
_sprintf                 text1        000812
end_of_initialization    cinit        000ED4
intlevel0                text         000000
intlevel1                text         000000
intlevel2                text         000000
intlevel3                text         000000
isdigit@c                cstackCOMRAM 000003
main@buffer              cstackCOMRAM 00002D
main@cont                cstackCOMRAM 000033
main@max                 cstackCOMRAM 00002B
putrsXLCD@buffer         cstackCOMRAM 000002
sprintf@_val             cstackCOMRAM 00001C
sprintf@ap               cstackCOMRAM 000019
sprintf@c                cstackCOMRAM 000024
sprintf@f                cstackCOMRAM 000011
sprintf@flag             cstackCOMRAM 000021
sprintf@prec             cstackCOMRAM 00001B
sprintf@sp               cstackCOMRAM 00000F
sprintf@width            cstackCOMRAM 000022
stackhi                  (abs)        0007FF
stacklo                  (abs)        000060
start                    init         000000
start_initialization     cinit        000ED4


FUNCTION INFORMATION:

 *************** function _main *****************
 Defined at:
		line 36 in file "xlcd_dyn_display_main.c"
 Parameters:    Size  Location     Type
  argc            2   36[COMRAM] int 
  argv            3   38[COMRAM] PTR PTR unsigned char 
 Auto vars:     Size  Location     Type
  buffer          6   44[COMRAM] unsigned char [6]
  cont            2   50[COMRAM] unsigned int 
  max             2   42[COMRAM] unsigned int 
 Return value:  Size  Location     Type
		None               void
 Registers used:
		wreg, fsr2l, fsr2h, status,2, status,0, tblptrl, tblptrh, tblptru, prodl, prodh, cstack
 Tracked objects:
		On entry : 
		On exit  : 
		Unchanged: 
 Data sizes:     COMRAM   BANK0   BANK1   BANK2   BANK3   BANK4   BANK5   BANK6   BANK7
      Params:         5       0       0       0       0       0       0       0       0
      Locals:        10       0       0       0       0       0       0       0       0
      Temps:          1       0       0       0       0       0       0       0       0
      Totals:        16       0       0       0       0       0       0       0       0
Total ram usage:       16 bytes
 Hardware stack levels required when called:    3
 This function calls:
		_BusyXLCD
		_Delay_ms
		_OpenXLCD
		_SetDDRamAddr
		_WriteCmdXLCD
		_putrsXLCD
		_sprintf
 This function is called by:
		Startup code after reset
 This function uses a non-reentrant model


 *************** function _sprintf *****************
 Defined at:
		line 492 in file "/opt/microchip/xc8/v1.30/sources/common/doprnt.c"
 Parameters:    Size  Location     Type
  sp              2   14[COMRAM] PTR unsigned char 
		 -> main@buffer(6), 
  f               2   16[COMRAM] PTR const unsigned char 
		 -> STR_1(5), 
 Auto vars:     Size  Location     Type
  _val            5   27[COMRAM] struct .
  width           2   33[COMRAM] int 
  ap              2   24[COMRAM] PTR void [1]
		 -> ?_sprintf(2), 
  c               1   35[COMRAM] char 
  flag            1   32[COMRAM] unsigned char 
  prec            1   26[COMRAM] char 
 Return value:  Size  Location     Type
                  2   14[COMRAM] int 
 Registers used:
		wreg, fsr2l, fsr2h, status,2, status,0, tblptrl, tblptrh, tblptru, prodl, prodh, cstack
 Tracked objects:
		On entry : 
		On exit  : 
		Unchanged: 
 Data sizes:     COMRAM   BANK0   BANK1   BANK2   BANK3   BANK4   BANK5   BANK6   BANK7
      Params:         6       0       0       0       0       0       0       0       0
      Locals:        12       0       0       0       0       0       0       0       0
      Temps:          4       0       0       0       0       0       0       0       0
      Totals:        22       0       0       0       0       0       0       0       0
Total ram usage:       22 bytes
 Hardware stack levels used:    1
 Hardware stack levels required when called:    1
 This function calls:
		___lwdiv
		___lwmod
		___wmul
		_isdigit
 This function is called by:
		_main
 This function uses a non-reentrant model


 *************** function _isdigit *****************
 Defined at:
		line 8 in file "/opt/microchip/xc8/v1.30/sources/common/isdigit.c"
 Parameters:    Size  Location     Type
  c               1    wreg     unsigned char 
 Auto vars:     Size  Location     Type
  c               1    2[COMRAM] unsigned char 
 Return value:  Size  Location     Type
		None               void
 Registers used:
		wreg, status,2, status,0
 Tracked objects:
		On entry : 
		On exit  : 
		Unchanged: 
 Data sizes:     COMRAM   BANK0   BANK1   BANK2   BANK3   BANK4   BANK5   BANK6   BANK7
      Params:         0       0       0       0       0       0       0       0       0
      Locals:         2       0       0       0       0       0       0       0       0
      Temps:          1       0       0       0       0       0       0       0       0
      Totals:         3       0       0       0       0       0       0       0       0
Total ram usage:        3 bytes
 Hardware stack levels used:    1
 This function calls:
		Nothing
 This function is called by:
		_sprintf
 This function uses a non-reentrant model


 *************** function ___wmul *****************
 Defined at:
		line 4 in file "/opt/microchip/xc8/v1.30/sources/common/wmul.c"
 Parameters:    Size  Location     Type
  multiplier      2    0[COMRAM] unsigned int 
  multiplicand    2    2[COMRAM] unsigned int 
 Auto vars:     Size  Location     Type
  product         2    4[COMRAM] unsigned int 
 Return value:  Size  Location     Type
                  2    0[COMRAM] unsigned int 
 Registers used:
		wreg, status,2, status,0, prodl, prodh
 Tracked objects:
		On entry : 
		On exit  : 
		Unchanged: 
 Data sizes:     COMRAM   BANK0   BANK1   BANK2   BANK3   BANK4   BANK5   BANK6   BANK7
      Params:         4       0       0       0       0       0       0       0       0
      Locals:         2       0       0       0       0       0       0       0       0
      Temps:          0       0       0       0       0       0       0       0       0
      Totals:         6       0       0       0       0       0       0       0       0
Total ram usage:        6 bytes
 Hardware stack levels used:    1
 This function calls:
		Nothing
 This function is called by:
		_sprintf
 This function uses a non-reentrant model


 *************** function ___lwmod *****************
 Defined at:
		line 8 in file "/opt/microchip/xc8/v1.30/sources/common/lwmod.c"
 Parameters:    Size  Location     Type
  dividend        2    8[COMRAM] unsigned int 
  divisor         2   10[COMRAM] unsigned int 
 Auto vars:     Size  Location     Type
  counter         1   13[COMRAM] unsigned char 
 Return value:  Size  Location     Type
                  2    8[COMRAM] unsigned int 
 Registers used:
		wreg, status,2, status,0
 Tracked objects:
		On entry : 
		On exit  : 
		Unchanged: 
 Data sizes:     COMRAM   BANK0   BANK1   BANK2   BANK3   BANK4   BANK5   BANK6   BANK7
      Params:         4       0       0       0       0       0       0       0       0
      Locals:         1       0       0       0       0       0       0       0       0
      Temps:          1       0       0       0       0       0       0       0       0
      Totals:         6       0       0       0       0       0       0       0       0
Total ram usage:        6 bytes
 Hardware stack levels used:    1
 This function calls:
		Nothing
 This function is called by:
		_sprintf
 This function uses a non-reentrant model


 *************** function ___lwdiv *****************
 Defined at:
		line 8 in file "/opt/microchip/xc8/v1.30/sources/common/lwdiv.c"
 Parameters:    Size  Location     Type
  dividend        2    0[COMRAM] unsigned int 
  divisor         2    2[COMRAM] unsigned int 
 Auto vars:     Size  Location     Type
  quotient        2    5[COMRAM] unsigned int 
  counter         1    7[COMRAM] unsigned char 
 Return value:  Size  Location     Type
                  2    0[COMRAM] unsigned int 
 Registers used:
		wreg, status,2, status,0
 Tracked objects:
		On entry : 
		On exit  : 
		Unchanged: 
 Data sizes:     COMRAM   BANK0   BANK1   BANK2   BANK3   BANK4   BANK5   BANK6   BANK7
      Params:         4       0       0       0       0       0       0       0       0
      Locals:         3       0       0       0       0       0       0       0       0
      Temps:          1       0       0       0       0       0       0       0       0
      Totals:         8       0       0       0       0       0       0       0       0
Total ram usage:        8 bytes
 Hardware stack levels used:    1
 This function calls:
		Nothing
 This function is called by:
		_sprintf
 This function uses a non-reentrant model


 *************** function _putrsXLCD *****************
 Defined at:
		line 16 in file "/opt/microchip/xc8/v1.30/sources/pic18/plib/XLCD/putrxlcd.c"
 Parameters:    Size  Location     Type
  buffer          2    1[COMRAM] PTR const unsigned char 
		 -> main@buffer(6), 
 Auto vars:     Size  Location     Type
		None
 Return value:  Size  Location     Type
		None               void
 Registers used:
		wreg, fsr2l, fsr2h, status,2, status,0, cstack
 Tracked objects:
		On entry : 
		On exit  : 
		Unchanged: 
 Data sizes:     COMRAM   BANK0   BANK1   BANK2   BANK3   BANK4   BANK5   BANK6   BANK7
      Params:         2       0       0       0       0       0       0       0       0
      Locals:         0       0       0       0       0       0       0       0       0
      Temps:          0       0       0       0       0       0       0       0       0
      Totals:         2       0       0       0       0       0       0       0       0
Total ram usage:        2 bytes
 Hardware stack levels used:    1
 Hardware stack levels required when called:    2
 This function calls:
		_BusyXLCD
		_WriteDataXLCD
 This function is called by:
		_main
 This function uses a non-reentrant model


 *************** function _WriteDataXLCD *****************
 Defined at:
		line 16 in file "/opt/microchip/xc8/v1.30/sources/pic18/plib/XLCD/writdata.c"
 Parameters:    Size  Location     Type
  data            1    wreg     unsigned char 
 Auto vars:     Size  Location     Type
  data            1    0[COMRAM] unsigned char 
 Return value:  Size  Location     Type
		None               void
 Registers used:
		wreg, status,2, status,0, cstack
 Tracked objects:
		On entry : 
		On exit  : 
		Unchanged: 
 Data sizes:     COMRAM   BANK0   BANK1   BANK2   BANK3   BANK4   BANK5   BANK6   BANK7
      Params:         0       0       0       0       0       0       0       0       0
      Locals:         1       0       0       0       0       0       0       0       0
      Temps:          0       0       0       0       0       0       0       0       0
      Totals:         1       0       0       0       0       0       0       0       0
Total ram usage:        1 bytes
 Hardware stack levels used:    1
 Hardware stack levels required when called:    1
 This function calls:
		_DelayFor18TCY
 This function is called by:
		_putrsXLCD
 This function uses a non-reentrant model


 *************** function _OpenXLCD *****************
 Defined at:
		line 19 in file "/opt/microchip/xc8/v1.30/sources/pic18/plib/XLCD/openxlcd.c"
 Parameters:    Size  Location     Type
  lcdtype         1    wreg     unsigned char 
 Auto vars:     Size  Location     Type
  lcdtype         1    4[COMRAM] unsigned char 
 Return value:  Size  Location     Type
		None               void
 Registers used:
		wreg, status,2, status,0, cstack
 Tracked objects:
		On entry : 
		On exit  : 
		Unchanged: 
 Data sizes:     COMRAM   BANK0   BANK1   BANK2   BANK3   BANK4   BANK5   BANK6   BANK7
      Params:         0       0       0       0       0       0       0       0       0
      Locals:         1       0       0       0       0       0       0       0       0
      Temps:          0       0       0       0       0       0       0       0       0
      Totals:         1       0       0       0       0       0       0       0       0
Total ram usage:        1 bytes
 Hardware stack levels used:    1
 Hardware stack levels required when called:    2
 This function calls:
		_BusyXLCD
		_Delay10KTCYx
		_DelayPORXLCD
		_SetDDRamAddr
		_WriteCmdXLCD
 This function is called by:
		_main
 This function uses a non-reentrant model


 *************** function _WriteCmdXLCD *****************
 Defined at:
		line 13 in file "/opt/microchip/xc8/v1.30/sources/pic18/plib/XLCD/wcmdxlcd.c"
 Parameters:    Size  Location     Type
  cmd             1    wreg     unsigned char 
 Auto vars:     Size  Location     Type
  cmd             1    0[COMRAM] unsigned char 
 Return value:  Size  Location     Type
		None               void
 Registers used:
		wreg, status,2, status,0, cstack
 Tracked objects:
		On entry : 
		On exit  : 
		Unchanged: 
 Data sizes:     COMRAM   BANK0   BANK1   BANK2   BANK3   BANK4   BANK5   BANK6   BANK7
      Params:         0       0       0       0       0       0       0       0       0
      Locals:         1       0       0       0       0       0       0       0       0
      Temps:          0       0       0       0       0       0       0       0       0
      Totals:         1       0       0       0       0       0       0       0       0
Total ram usage:        1 bytes
 Hardware stack levels used:    1
 Hardware stack levels required when called:    1
 This function calls:
		_DelayFor18TCY
 This function is called by:
		_main
		_OpenXLCD
 This function uses a non-reentrant model


 *************** function _SetDDRamAddr *****************
 Defined at:
		line 13 in file "/opt/microchip/xc8/v1.30/sources/pic18/plib/XLCD/setddram.c"
 Parameters:    Size  Location     Type
  DDaddr          1    wreg     unsigned char 
 Auto vars:     Size  Location     Type
  DDaddr          1    3[COMRAM] unsigned char 
 Return value:  Size  Location     Type
		None               void
 Registers used:
		wreg, status,2, status,0, cstack
 Tracked objects:
		On entry : 
		On exit  : 
		Unchanged: 
 Data sizes:     COMRAM   BANK0   BANK1   BANK2   BANK3   BANK4   BANK5   BANK6   BANK7
      Params:         0       0       0       0       0       0       0       0       0
      Locals:         1       0       0       0       0       0       0       0       0
      Temps:          3       0       0       0       0       0       0       0       0
      Totals:         4       0       0       0       0       0       0       0       0
Total ram usage:        4 bytes
 Hardware stack levels used:    1
 Hardware stack levels required when called:    1
 This function calls:
		_DelayFor18TCY
 This function is called by:
		_main
		_OpenXLCD
 This function uses a non-reentrant model


 *************** function _DelayPORXLCD *****************
 Defined at:
		line 122 in file "xlcd_dyn_display_main.c"
 Parameters:    Size  Location     Type
		None
 Auto vars:     Size  Location     Type
		None
 Return value:  Size  Location     Type
		None               void
 Registers used:
		wreg, cstack
 Tracked objects:
		On entry : 
		On exit  : 
		Unchanged: 
 Data sizes:     COMRAM   BANK0   BANK1   BANK2   BANK3   BANK4   BANK5   BANK6   BANK7
      Params:         0       0       0       0       0       0       0       0       0
      Locals:         0       0       0       0       0       0       0       0       0
      Temps:          0       0       0       0       0       0       0       0       0
      Totals:         0       0       0       0       0       0       0       0       0
Total ram usage:        0 bytes
 Hardware stack levels used:    1
 Hardware stack levels required when called:    1
 This function calls:
		_Delay1KTCYx
 This function is called by:
		_OpenXLCD
 This function uses a non-reentrant model


 *************** function _Delay1KTCYx *****************
 Defined at:
		line 8 in file "/opt/microchip/xc8/v1.30/sources/pic18/d1ktcyx.c"
 Parameters:    Size  Location     Type
  unit            1    wreg     unsigned char 
 Auto vars:     Size  Location     Type
  unit            1    0[COMRAM] unsigned char 
 Return value:  Size  Location     Type
		None               void
 Registers used:
		wreg
 Tracked objects:
		On entry : 
		On exit  : 
		Unchanged: 
 Data sizes:     COMRAM   BANK0   BANK1   BANK2   BANK3   BANK4   BANK5   BANK6   BANK7
      Params:         0       0       0       0       0       0       0       0       0
      Locals:         1       0       0       0       0       0       0       0       0
      Temps:          0       0       0       0       0       0       0       0       0
      Totals:         1       0       0       0       0       0       0       0       0
Total ram usage:        1 bytes
 Hardware stack levels used:    1
 This function calls:
		Nothing
 This function is called by:
		_DelayPORXLCD
		_DelayXLCD
 This function uses a non-reentrant model


 *************** function _Delay10KTCYx *****************
 Defined at:
		line 8 in file "/opt/microchip/xc8/v1.30/sources/pic18/d10ktcyx.c"
 Parameters:    Size  Location     Type
  unit            1    wreg     unsigned char 
 Auto vars:     Size  Location     Type
  unit            1    1[COMRAM] unsigned char 
 Return value:  Size  Location     Type
		None               void
 Registers used:
		wreg
 Tracked objects:
		On entry : 
		On exit  : 
		Unchanged: 
 Data sizes:     COMRAM   BANK0   BANK1   BANK2   BANK3   BANK4   BANK5   BANK6   BANK7
      Params:         0       0       0       0       0       0       0       0       0
      Locals:         1       0       0       0       0       0       0       0       0
      Temps:          1       0       0       0       0       0       0       0       0
      Totals:         2       0       0       0       0       0       0       0       0
Total ram usage:        2 bytes
 Hardware stack levels used:    1
 This function calls:
		Nothing
 This function is called by:
		_OpenXLCD
 This function uses a non-reentrant model


 *************** function _BusyXLCD *****************
 Defined at:
		line 11 in file "/opt/microchip/xc8/v1.30/sources/pic18/plib/XLCD/busyxlcd.c"
 Parameters:    Size  Location     Type
		None
 Auto vars:     Size  Location     Type
		None
 Return value:  Size  Location     Type
                  1    wreg      unsigned char 
 Registers used:
		wreg, cstack
 Tracked objects:
		On entry : 
		On exit  : 
		Unchanged: 
 Data sizes:     COMRAM   BANK0   BANK1   BANK2   BANK3   BANK4   BANK5   BANK6   BANK7
      Params:         0       0       0       0       0       0       0       0       0
      Locals:         0       0       0       0       0       0       0       0       0
      Temps:          0       0       0       0       0       0       0       0       0
      Totals:         0       0       0       0       0       0       0       0       0
Total ram usage:        0 bytes
 Hardware stack levels used:    1
 Hardware stack levels required when called:    1
 This function calls:
		_DelayFor18TCY
 This function is called by:
		_main
		_OpenXLCD
		_putrsXLCD
 This function uses a non-reentrant model


 *************** function _DelayFor18TCY *****************
 Defined at:
		line 100 in file "xlcd_dyn_display_main.c"
 Parameters:    Size  Location     Type
		None
 Auto vars:     Size  Location     Type
		None
 Return value:  Size  Location     Type
		None               void
 Registers used:
		None
 Tracked objects:
		On entry : 
		On exit  : 
		Unchanged: 
 Data sizes:     COMRAM   BANK0   BANK1   BANK2   BANK3   BANK4   BANK5   BANK6   BANK7
      Params:         0       0       0       0       0       0       0       0       0
      Locals:         0       0       0       0       0       0       0       0       0
      Temps:          0       0       0       0       0       0       0       0       0
      Totals:         0       0       0       0       0       0       0       0       0
Total ram usage:        0 bytes
 Hardware stack levels used:    1
 This function calls:
		Nothing
 This function is called by:
		_BusyXLCD
		_SetDDRamAddr
		_WriteCmdXLCD
		_WriteDataXLCD
 This function uses a non-reentrant model


 *************** function _Delay_ms *****************
 Defined at:
		line 144 in file "xlcd_dyn_display_main.c"
 Parameters:    Size  Location     Type
  ms              2    0[COMRAM] unsigned int 
 Auto vars:     Size  Location     Type
  i               2    3[COMRAM] unsigned int 
 Return value:  Size  Location     Type
		None               void
 Registers used:
		wreg, status,2, status,0
 Tracked objects:
		On entry : 
		On exit  : 
		Unchanged: 
 Data sizes:     COMRAM   BANK0   BANK1   BANK2   BANK3   BANK4   BANK5   BANK6   BANK7
      Params:         2       0       0       0       0       0       0       0       0
      Locals:         2       0       0       0       0       0       0       0       0
      Temps:          1       0       0       0       0       0       0       0       0
      Totals:         5       0       0       0       0       0       0       0       0
Total ram usage:        5 bytes
 Hardware stack levels used:    1
 This function calls:
		Nothing
 This function is called by:
		_main
 This function uses a non-reentrant model



MODULE INFORMATION

Module		Function		Class		Link	Load	Size
/opt/microchip/xc8/v1.30/sources/pic18/plib/XLCD/busyxlcd.c
		_BusyXLCD      		CODE           	0DC6	0000	58

/opt/microchip/xc8/v1.30/sources/pic18/plib/XLCD/busyxlcd.c estimated size: 58

/opt/microchip/xc8/v1.30/sources/pic18/plib/XLCD/writdata.c
		_WriteDataXLCD 		CODE           	0D0C	0000	64

/opt/microchip/xc8/v1.30/sources/pic18/plib/XLCD/writdata.c estimated size: 64

/opt/microchip/xc8/v1.30/sources/common/lwmod.c
		___lwmod       		CODE           	0CC6	0000	70

/opt/microchip/xc8/v1.30/sources/common/lwmod.c estimated size: 70

/opt/microchip/xc8/v1.30/sources/pic18/plib/XLCD/setddram.c
		_SetDDRamAddr  		CODE           	0C16	0000	90

/opt/microchip/xc8/v1.30/sources/pic18/plib/XLCD/setddram.c estimated size: 90

/opt/microchip/xc8/v1.30/sources/common/lwdiv.c
		___lwdiv       		CODE           	0C70	0000	86

/opt/microchip/xc8/v1.30/sources/common/lwdiv.c estimated size: 86

shared
		__stringdata   		SMALLCONST     	080B	0000	5
		_dpowers       		SMALLCONST     	0801	0000	10
		__initializatio		CODE           	0ED4	0000	0

shared estimated size: 15

/opt/microchip/xc8/v1.30/sources/common/isdigit.c
		_isdigit       		CODE           	0E5A	0000	42

/opt/microchip/xc8/v1.30/sources/common/isdigit.c estimated size: 42

/opt/microchip/xc8/v1.30/sources/pic18/plib/XLCD/openxlcd.c
		_OpenXLCD      		CODE           	0B70	0000	166

/opt/microchip/xc8/v1.30/sources/pic18/plib/XLCD/openxlcd.c estimated size: 166

/opt/microchip/xc8/v1.30/sources/pic18/plib/XLCD/wcmdxlcd.c
		_WriteCmdXLCD  		CODE           	0D4C	0000	64

/opt/microchip/xc8/v1.30/sources/pic18/plib/XLCD/wcmdxlcd.c estimated size: 64

xlcd_dyn_display_main.c
		_main          		CODE           	0ABE	0000	178
		_DelayFor18TCY 		CODE           	0E84	0000	38
		_Delay_ms      		CODE           	0E2E	0000	44
		_DelayPORXLCD  		CODE           	0EDE	0000	8

xlcd_dyn_display_main.c estimated size: 268

/opt/microchip/xc8/v1.30/sources/pic18/d1ktcyx.c
		_Delay1KTCYx   		CODE           	0EC2	0000	18

/opt/microchip/xc8/v1.30/sources/pic18/d1ktcyx.c estimated size: 18

/opt/microchip/xc8/v1.30/sources/common/wmul.c
		___wmul        		CODE           	0D8C	0000	58

/opt/microchip/xc8/v1.30/sources/common/wmul.c estimated size: 58

/opt/microchip/xc8/v1.30/sources/common/doprnt.c
		_sprintf       		CODE           	0812	0000	684

/opt/microchip/xc8/v1.30/sources/common/doprnt.c estimated size: 684

/opt/microchip/xc8/v1.30/sources/pic18/plib/XLCD/putrxlcd.c
		_putrsXLCD     		CODE           	0E00	0000	46

/opt/microchip/xc8/v1.30/sources/pic18/plib/XLCD/putrxlcd.c estimated size: 46

/opt/microchip/xc8/v1.30/sources/pic18/d10ktcyx.c
		_Delay10KTCYx  		CODE           	0EAA	0000	24

/opt/microchip/xc8/v1.30/sources/pic18/d10ktcyx.c estimated size: 24

