Microchip MPLAB XC8 Compiler V1.30 ()

Linker command line:

--edf=/opt/microchip/xc8/v1.30/dat/en_msgs.txt -cs \
  -h+dist/default/production/sensor_temperatura_adc_comm.X.production.sym \
  --cmf=dist/default/production/sensor_temperatura_adc_comm.X.production.cmf \
  -z -Q18F2550 -o/tmp/cgtmKCtm0 \
  -Mdist/default/production/sensor_temperatura_adc_comm.X.production.map \
  -E1 -ver=XC8 -ASTACK=0B0h-07ffh -pstack=STACK -ACODE=00h-07FFFh \
  -ACONST=00h-07FFFh -ASMALLCONST=0800h-08FFhx120 \
  -AMEDIUMCONST=0800h-07FFFh -ACOMRAM=01h-05Fh -AABS1=00h-07FFh \
  -ABIGRAM=01h-07FFh -ARAM=060h-0FFh,0100h-01FFhx7 -ABANK0=060h-0FFh \
  -ABANK1=0100h-01FFh -ABANK2=0200h-02FFh -ABANK3=0300h-03FFh \
  -ABANK4=0400h-04FFh -ABANK5=0500h-05FFh -ABANK6=0600h-06FFh \
  -ABANK7=0700h-07FFh -ASFR=0F60h-0FFFh \
  -preset_vec=00h,intcode=08h,intcodelo,powerup,init,end_init \
  -pramtop=0800h -psmallconst=SMALLCONST -pmediumconst=MEDIUMCONST \
  -pconst=CONST -AFARRAM=00h-00h -ACONFIG=0300000h-030000Dh -pconfig=CONFIG \
  -AIDLOC=0200000h-0200007h -pidloc=IDLOC -AEEDATA=0F00000h-0F000FFh \
  -peeprom_data=EEDATA \
  -prdata=COMRAM,nvrram=COMRAM,nvbit=COMRAM,rbss=COMRAM,rbit=COMRAM \
  -pfarbss=FARRAM,fardata=FARRAM,nvFARRAM=FARRAM \
  -pintsave_regs=BIGRAM,bigbss=BIGRAM,bigdata=BIGRAM -pbss=RAM \
  -pidata=CODE,irdata=CODE,ibigdata=CODE,ifardata=CODE /tmp/cgtayoMaG.obj \
  dist/default/production/sensor_temperatura_adc_comm.X.production.obj 

Object code version is 3.11

Machine type is 18F2550

Call graph: (short form)




                Name                               Link     Load   Length Selector   Space Scale
/tmp/cgtayoMaG.obj
                end_init                             14       14        4        4       0
                reset_vec                             0        0        4        0       0
                idloc                            200000   200000        8   200000       0
                config                           300000   300000        E   300000       0
dist/default/production/sensor_temperatura_adc_comm.X.production.obj
                intcode                               8        8        C        4       0
                smallconst                          800      800       90      400       0
                text48                             2D1C     2D1C       1E      448       0
                text47                             2D80     2D80       14      448       0
                text46                             298E     298E       5C      448       0
                intcode_body                       258C     258C       9C      448       0
                text44                             23A2     23A2       A8      448       0
                text43                             212C     212C       EC      448       0
                text42                             2DB8     2DB8        C      448       0
                text41                             2DD6     2DD6        4      448       0
                text40                             2DA6     2DA6       12      448       0
                text39                             2C7A     2C7A       2C      448       0
                text38                             2876     2876       60      448       0
                text37                             27A8     27A8       6A      448       0
                text36                             2CF6     2CF6       26      448       0
                text35                             2BB2     2BB2       3A      448       0
                text34                             2D54     2D54       18      448       0
                text33                             2D94     2D94       12      448       0
                text32                             2DCE     2DCE        8      448       0
                text31                             29EA     29EA       5A      448       0
                text30                             2A84     2A84       40      448       0
                text29                             244A     244A       A6      448       0
                text28                             2DC4     2DC4        A      448       0
                text27                             2218     2218       DA      448       0
                text26                             2C4E     2C4E       2C      448       0
                text25                             2A44     2A44       40      448       0
                text24                             2932     2932       5C      448       0
                text23                             2D6C     2D6C       14      448       0
                text22                             28D6     28D6       5C      448       0
                text21                             2C22     2C22       2C      448       0
                text20                             1C0A     1C0A      1B8      448       0
                text19                             2B3C     2B3C       3C      448       0
                text18                             2B00     2B00       3C      448       0
                text17                             2BEC     2BEC       36      448       0
                text16                             2AC4     2AC4       3C      448       0
                text15                             2628     2628       90      448       0
                text14                             2CD0     2CD0       26      448       0
                text13                             1EFC     1EFC      12C      448       0
                text12                             26B8     26B8       86      448       0
                text11                             273E     273E       6A      448       0
                text10                             2812     2812       64      448       0
                text9                              1DC2     1DC2      13A      448       0
                text8                              2028     2028      104      448       0
                text7                              22F2     22F2       B0      448       0
                text6                              24F0     24F0       9C      448       0
                text5                              2B78     2B78       3A      448       0
                text4                              17E6     17E6      23C      448       0
                text3                              2CA6     2CA6       2A      448       0
                text2                              1416     1416      3D0      448       0
                text1                               890      890      B86      448       0
                text0                              1A22     1A22      1E8      448       0
                cstackCOMRAM                          1        1       49        1       1
                cstackBANK0                          60       60       48       60       1
                bssBANK0                             A8       A8        6       60       1
                bssCOMRAM                            4A       4A        1        1       1
                cinit                              2D3A     2D3A       1A      448       0
                nvBANK0                              AE       AE        2       60       1

TOTAL           Name                               Link     Load   Length     Space
        CLASS   STACK          

        CLASS   CODE           
                end_init                             14       14        4         0
                intcode                               8        8        C         0
                reset_vec                             0        0        4         0
                text48                             2D1C     2D1C       1E         0
                text47                             2D80     2D80       14         0
                text46                             298E     298E       5C         0
                intcode_body                       258C     258C       9C         0
                text44                             23A2     23A2       A8         0
                text43                             212C     212C       EC         0
                text42                             2DB8     2DB8        C         0
                text41                             2DD6     2DD6        4         0
                text40                             2DA6     2DA6       12         0
                text39                             2C7A     2C7A       2C         0
                text38                             2876     2876       60         0
                text37                             27A8     27A8       6A         0
                text36                             2CF6     2CF6       26         0
                text35                             2BB2     2BB2       3A         0
                text34                             2D54     2D54       18         0
                text33                             2D94     2D94       12         0
                text32                             2DCE     2DCE        8         0
                text31                             29EA     29EA       5A         0
                text30                             2A84     2A84       40         0
                text29                             244A     244A       A6         0
                text28                             2DC4     2DC4        A         0
                text27                             2218     2218       DA         0
                text26                             2C4E     2C4E       2C         0
                text25                             2A44     2A44       40         0
                text24                             2932     2932       5C         0
                text23                             2D6C     2D6C       14         0
                text22                             28D6     28D6       5C         0
                text21                             2C22     2C22       2C         0
                text20                             1C0A     1C0A      1B8         0
                text19                             2B3C     2B3C       3C         0
                text18                             2B00     2B00       3C         0
                text17                             2BEC     2BEC       36         0
                text16                             2AC4     2AC4       3C         0
                text15                             2628     2628       90         0
                text14                             2CD0     2CD0       26         0
                text13                             1EFC     1EFC      12C         0
                text12                             26B8     26B8       86         0
                text11                             273E     273E       6A         0
                text10                             2812     2812       64         0
                text9                              1DC2     1DC2      13A         0
                text8                              2028     2028      104         0
                text7                              22F2     22F2       B0         0
                text6                              24F0     24F0       9C         0
                text5                              2B78     2B78       3A         0
                text4                              17E6     17E6      23C         0
                text3                              2CA6     2CA6       2A         0
                text2                              1416     1416      3D0         0
                text1                               890      890      B86         0
                text0                              1A22     1A22      1E8         0
                cinit                              2D3A     2D3A       1A         0

        CLASS   CONST          

        CLASS   SMALLCONST     
                smallconst                          800      800       90         0

        CLASS   MEDIUMCONST    

        CLASS   COMRAM         
                cstackCOMRAM                          1        1       49         1
                bssCOMRAM                            4A       4A        1         1

        CLASS   ABS1           

        CLASS   BIGRAM         

        CLASS   RAM            

        CLASS   BANK0          
                cstackBANK0                          60       60       48         1
                bssBANK0                             A8       A8        6         1
                nvBANK0                              AE       AE        2         1

        CLASS   BANK1          

        CLASS   BANK2          

        CLASS   BANK3          

        CLASS   BANK4          

        CLASS   BANK5          

        CLASS   BANK6          

        CLASS   BANK7          

        CLASS   SFR            

        CLASS   FARRAM         

        CLASS   CONFIG         
                config                           300000   300000        E         0

        CLASS   IDLOC          
                idloc                            200000   200000        8         0

        CLASS   EEDATA         



SEGMENTS        Name                           Load    Length   Top    Selector   Space  Class

                reset_vec                      000000  000004  000004         0       0  CODE    
                cstackCOMRAM                   000001  00004A  00004B         1       1  COMRAM  
                intcode                        000008  000010  000018         4       0  CODE    
                cstackBANK0                    000060  000050  0000B0        60       1  BANK0   
                smallconst                     000800  000090  000890       400       0  SMALLCON
                text1                          000890  00254A  002DDA       448       0  CODE    
                idloc                          200000  000008  200008    200000       0  IDLOC   
                config                         300000  00000E  30000E    300000       0  CONFIG  


UNUSED ADDRESS RANGES

        Name                Unused          Largest block    Delta
        BANK0            0000B0-0000FF               50
        BANK1            000100-0001FF              100
        BANK2            000200-0002FF              100
        BANK3            000300-0003FF              100
        BANK4            000400-0004FF              100
        BANK5            000500-0005FF              100
        BANK6            000600-0006FF              100
        BANK7            000700-0007FF              100
        BIGRAM           00004B-00005F               15
                         0000B0-0007FF              750
        CODE             000004-000007                4
                         000018-0007FF              7E8
                         002DDA-007FFF             5226
        COMRAM           00004B-00005F               15
        CONST            000004-000007                4
                         000018-0007FF              7E8
                         002DDA-007FFF             5226
        EEDATA           F00000-F000FF              100
        MEDIUMCONST      002DDA-007FFF             5226
        RAM              0000B0-0007FF              100
        SFR              000F60-000FFF               A0
        SMALLCONST       002DDA-007FFF              100
        STACK            0000B0-0007FF              750

                                  Symbol Table

?_ReadADC                      cstackCOMRAM 000015
?___awdiv                      cstackCOMRAM 00001C
?___awmod                      cstackCOMRAM 000015
?___ftadd                      cstackCOMRAM 00001D
?___ftdiv                      cstackCOMRAM 00003A
?___ftmul                      cstackCOMRAM 00002B
?___ftneg                      cstackCOMRAM 000015
?___ftpack                     cstackCOMRAM 000015
?___ftsub                      cstackCOMRAM 000029
?___fttol                      cstackCOMRAM 000041
?___lldiv                      cstackCOMRAM 000015
?___llmod                      cstackCOMRAM 000015
?___lltoft                     cstackCOMRAM 00001D
?___lwtoft                     cstackCOMRAM 00001D
?___wmul                       cstackCOMRAM 000025
?__div_to_l_                   cstackCOMRAM 000015
?__tdiv_to_l_                  cstackCOMRAM 000015
?_fround                       cstackCOMRAM 00003A
?_scale                        cstackCOMRAM 00003A
?_sprintf                      cstackBANK0  000066
Delay10KTCYx@unit              cstackCOMRAM 000016
Delay10TCYx@unit               cstackCOMRAM 000015
Delay1KTCYx@unit               cstackCOMRAM 000015
Delay_ms@i                     cstackCOMRAM 000018
Delay_ms@ms                    cstackCOMRAM 000015
OpenADC@config                 cstackCOMRAM 000019
OpenADC@config2                cstackCOMRAM 000015
OpenADC@portconfig             cstackCOMRAM 000016
OpenUSART@config               cstackCOMRAM 00001A
OpenUSART@spbrg                cstackCOMRAM 000015
OpenXLCD@lcdtype               cstackCOMRAM 000019
ReadUSART@data                 cstackCOMRAM 000001
SerialRxPinInterrupt@rx        cstackCOMRAM 000014
SetDDRamAddr@DDaddr            cstackCOMRAM 000018
WriteCmdXLCD@cmd               cstackCOMRAM 000015
WriteDataXLCD@data             cstackCOMRAM 000015
WriteUSART@data                cstackCOMRAM 000015
_ADCON0                        (abs)        000FC2
_ADCON0bits                    (abs)        000FC2
_ADCON1                        (abs)        000FC1
_ADCON2                        (abs)        000FC0
_ADRESH                        (abs)        000FC4
_ADRESL                        (abs)        000FC3
_BusyADC                       text42       002DB8
_BusyXLCD                      text35       002BB2
_CMCONbits                     (abs)        000FB4
_ConvertADC                    text41       002DD6
_Delay10KTCYx                  text34       002D54
_Delay10TCYx                   text40       002DA6
_Delay1KTCYx                   text33       002D94
_DelayFor18TCY                 text36       002CF6
_DelayPORXLCD                  text32       002DCE
_Delay_ms                      text39       002C7A
_INTCONbits                    (abs)        000FF2
_LATBbits                      (abs)        000F8A
_OpenADC                       text38       002876
_OpenUSART                     text37       0027A8
_OpenXLCD                      text29       00244A
_PEIE                          (abs)        007F96
_PIE1bits                      (abs)        000F9D
_PIR1bits                      (abs)        000F9E
_PORTB                         (abs)        000F81
_RCIE                          (abs)        007CED
_RCIF                          (abs)        007CF5
_RCIP                          (abs)        007CFD
_RCREG                         (abs)        000FAE
_RCSTA                         (abs)        000FAB
_RCSTAbits                     (abs)        000FAB
_ReadADC                       text28       002DC4
_ReadUSART                     text48       002D1C
_SPBRG                         (abs)        000FAF
_SPBRGH                        (abs)        000FB0
_SerialRxPinInterrupt          intcode      000008
_SetDDRamAddr                  text31       0029EA
_TRISAbits                     (abs)        000F92
_TRISB                         (abs)        000F93
_TRISBbits                     (abs)        000F93
_TRISCbits                     (abs)        000F94
_TXREG                         (abs)        000FAD
_TXSTA                         (abs)        000FAC
_TXSTAbits                     (abs)        000FAC
_USART_Status                  bssCOMRAM    00004A
_WriteCmdXLCD                  text30       002A84
_WriteDataXLCD                 text25       002A44
_WriteUSART                    text23       002D6C
__CFG_BOR$OFF                  (abs)        000000
__CFG_CPUDIV$OSC1_PLL2         (abs)        000000
__CFG_FCMEN$OFF                (abs)        000000
__CFG_FOSC$HS                  (abs)        000000
__CFG_IESO$OFF                 (abs)        000000
__CFG_LPT1OSC$OFF              (abs)        000000
__CFG_LVP$OFF                  (abs)        000000
__CFG_MCLRE$ON                 (abs)        000000
__CFG_PBADEN$OFF               (abs)        000000
__CFG_PLLDIV$1                 (abs)        000000
__CFG_PWRT$OFF                 (abs)        000000
__CFG_STVREN$ON                (abs)        000000
__CFG_USBDIV$1                 (abs)        000000
__CFG_VREGEN$OFF               (abs)        000000
__CFG_WDT$OFF                  (abs)        000000
__CFG_WDTPS$32768              (abs)        000000
__CFG_XINST$OFF                (abs)        000000
__HRAM                         (abs)        000000
__Habs1                        abs1         000000
__Hbank0                       bank0        000000
__Hbank1                       bank1        000000
__Hbank2                       bank2        000000
__Hbank3                       bank3        000000
__Hbank4                       bank4        000000
__Hbank5                       bank5        000000
__Hbank6                       bank6        000000
__Hbank7                       bank7        000000
__Hbigbss                      bigbss       000000
__Hbigdata                     bigdata      000000
__Hbigram                      bigram       000000
__Hbss                         bss          000000
__HbssBANK0                    bssBANK0     000000
__HbssCOMRAM                   bssCOMRAM    000000
__Hcinit                       cinit        000000
__Hclrtext                     clrtext      000000
__Hcomram                      comram       000000
__Hconfig                      config       30000E
__Hconst                       const        000000
__HcstackBANK0                 cstackBANK0  000000
__HcstackCOMRAM                cstackCOMRAM 000000
__Hdata                        data         000000
__Heeprom_data                 eeprom_data  000000
__Hend_init                    end_init     000018
__Hfarbss                      farbss       000000
__Hfardata                     fardata      000000
__Hibigdata                    ibigdata     000000
__Hidata                       idata        000000
__Hidloc                       idloc        200008
__Hifardata                    ifardata     000000
__Hinit                        init         000014
__Hintcode                     intcode      000014
__Hintcode_body                intcode_body 000000
__Hintcodelo                   intcodelo    000014
__Hintentry                    intentry     000000
__Hintret                      intret       000000
__Hintsave_regs                intsave_regs 000000
__Hirdata                      irdata       000000
__Hmediumconst                 mediumconst  000000
__HnvBANK0                     nvBANK0      000000
__HnvFARRAM                    nvFARRAM     000000
__Hnvbit                       nvbit        000000
__Hnvrram                      nvrram       000000
__Hparam                       rparam       000000
__Hpowerup                     powerup      000014
__Hram                         ram          000000
__Hramtop                      ramtop       000800
__Hrbit                        rbit         000000
__Hrbss                        rbss         000000
__Hrdata                       rdata        000000
__Hreset_vec                   reset_vec    000004
__Hrparam                      rparam       000000
__Hsfr                         sfr          000000
__Hsmallconst                  smallconst   000890
__Hstack                       stack        000000
__Hstruct                      struct       000000
__Htemp                        temp         000000
__Htext                        text         000000
__Htext0                       text0        000000
__Htext1                       text1        000000
__Htext10                      text10       000000
__Htext11                      text11       000000
__Htext12                      text12       000000
__Htext13                      text13       000000
__Htext14                      text14       000000
__Htext15                      text15       000000
__Htext16                      text16       000000
__Htext17                      text17       000000
__Htext18                      text18       000000
__Htext19                      text19       000000
__Htext2                       text2        000000
__Htext20                      text20       000000
__Htext21                      text21       000000
__Htext22                      text22       000000
__Htext23                      text23       000000
__Htext24                      text24       000000
__Htext25                      text25       000000
__Htext26                      text26       000000
__Htext27                      text27       000000
__Htext28                      text28       000000
__Htext29                      text29       000000
__Htext3                       text3        000000
__Htext30                      text30       000000
__Htext31                      text31       000000
__Htext32                      text32       000000
__Htext33                      text33       000000
__Htext34                      text34       000000
__Htext35                      text35       000000
__Htext36                      text36       000000
__Htext37                      text37       000000
__Htext38                      text38       000000
__Htext39                      text39       000000
__Htext4                       text4        000000
__Htext40                      text40       000000
__Htext41                      text41       000000
__Htext42                      text42       000000
__Htext43                      text43       000000
__Htext44                      text44       000000
__Htext46                      text46       000000
__Htext47                      text47       000000
__Htext48                      text48       000000
__Htext5                       text5        000000
__Htext6                       text6        000000
__Htext7                       text7        000000
__Htext8                       text8        000000
__Htext9                       text9        000000
__LRAM                         (abs)        000001
__Labs1                        abs1         000000
__Lbank0                       bank0        000000
__Lbank1                       bank1        000000
__Lbank2                       bank2        000000
__Lbank3                       bank3        000000
__Lbank4                       bank4        000000
__Lbank5                       bank5        000000
__Lbank6                       bank6        000000
__Lbank7                       bank7        000000
__Lbigbss                      bigbss       000000
__Lbigdata                     bigdata      000000
__Lbigram                      bigram       000000
__Lbss                         bss          000000
__LbssBANK0                    bssBANK0     000000
__LbssCOMRAM                   bssCOMRAM    000000
__Lcinit                       cinit        000000
__Lclrtext                     clrtext      000000
__Lcomram                      comram       000000
__Lconfig                      config       300000
__Lconst                       const        000000
__LcstackBANK0                 cstackBANK0  000000
__LcstackCOMRAM                cstackCOMRAM 000000
__Ldata                        data         000000
__Leeprom_data                 eeprom_data  000000
__Lend_init                    end_init     000014
__Lfarbss                      farbss       000000
__Lfardata                     fardata      000000
__Libigdata                    ibigdata     000000
__Lidata                       idata        000000
__Lidloc                       idloc        200000
__Lifardata                    ifardata     000000
__Linit                        init         000014
__Lintcode                     intcode      000008
__Lintcode_body                intcode_body 000000
__Lintcodelo                   intcodelo    000014
__Lintentry                    intentry     000000
__Lintret                      intret       000000
__Lintsave_regs                intsave_regs 000000
__Lirdata                      irdata       000000
__Lmediumconst                 mediumconst  000000
__LnvBANK0                     nvBANK0      000000
__LnvFARRAM                    nvFARRAM     000000
__Lnvbit                       nvbit        000000
__Lnvrram                      nvrram       000000
__Lparam                       rparam       000000
__Lpowerup                     powerup      000014
__Lram                         ram          000000
__Lramtop                      ramtop       000800
__Lrbit                        rbit         000000
__Lrbss                        rbss         000000
__Lrdata                       rdata        000000
__Lreset_vec                   reset_vec    000000
__Lrparam                      rparam       000000
__Lsfr                         sfr          000000
__Lsmallconst                  smallconst   000800
__Lstack                       stack        000000
__Lstruct                      struct       000000
__Ltemp                        temp         000000
__Ltext                        text         000000
__Ltext0                       text0        000000
__Ltext1                       text1        000000
__Ltext10                      text10       000000
__Ltext11                      text11       000000
__Ltext12                      text12       000000
__Ltext13                      text13       000000
__Ltext14                      text14       000000
__Ltext15                      text15       000000
__Ltext16                      text16       000000
__Ltext17                      text17       000000
__Ltext18                      text18       000000
__Ltext19                      text19       000000
__Ltext2                       text2        000000
__Ltext20                      text20       000000
__Ltext21                      text21       000000
__Ltext22                      text22       000000
__Ltext23                      text23       000000
__Ltext24                      text24       000000
__Ltext25                      text25       000000
__Ltext26                      text26       000000
__Ltext27                      text27       000000
__Ltext28                      text28       000000
__Ltext29                      text29       000000
__Ltext3                       text3        000000
__Ltext30                      text30       000000
__Ltext31                      text31       000000
__Ltext32                      text32       000000
__Ltext33                      text33       000000
__Ltext34                      text34       000000
__Ltext35                      text35       000000
__Ltext36                      text36       000000
__Ltext37                      text37       000000
__Ltext38                      text38       000000
__Ltext39                      text39       000000
__Ltext4                       text4        000000
__Ltext40                      text40       000000
__Ltext41                      text41       000000
__Ltext42                      text42       000000
__Ltext43                      text43       000000
__Ltext44                      text44       000000
__Ltext46                      text46       000000
__Ltext47                      text47       000000
__Ltext48                      text48       000000
__Ltext5                       text5        000000
__Ltext6                       text6        000000
__Ltext7                       text7        000000
__Ltext8                       text8        000000
__Ltext9                       text9        000000
__S0                           (abs)        30000E
__S1                           (abs)        0000B0
__S2                           (abs)        000000
___asftadd                     text19       002B3C
___asftadd@f1p                 cstackCOMRAM 000044
___asftadd@f2                  cstackCOMRAM 000046
___asftmul                     text18       002B00
___asftmul@f1p                 cstackCOMRAM 00003A
___asftmul@f2                  cstackCOMRAM 00003C
___asftsub                     text16       002AC4
___asftsub@f1p                 cstackCOMRAM 00002F
___asftsub@f2                  cstackCOMRAM 000031
___awdiv                       text7        0022F2
___awdiv@counter               cstackCOMRAM 000021
___awdiv@dividend              cstackCOMRAM 00001C
___awdiv@divisor               cstackCOMRAM 00001E
___awdiv@quotient              cstackCOMRAM 000023
___awdiv@sign                  cstackCOMRAM 000022
___awmod                       text6        0024F0
___awmod@counter               cstackCOMRAM 00001A
___awmod@dividend              cstackCOMRAM 000015
___awmod@divisor               cstackCOMRAM 000017
___awmod@sign                  cstackCOMRAM 00001B
___ftadd                       text20       001C0A
___ftadd@exp1                  cstackCOMRAM 000028
___ftadd@exp2                  cstackCOMRAM 000027
___ftadd@f1                    cstackCOMRAM 00001D
___ftadd@f2                    cstackCOMRAM 000020
___ftadd@sign                  cstackCOMRAM 000026
___ftdiv                       text27       002218
___ftdiv@cntr                  cstackCOMRAM 000043
___ftdiv@exp                   cstackCOMRAM 000047
___ftdiv@f1                    cstackCOMRAM 00003A
___ftdiv@f2                    cstackCOMRAM 00003D
___ftdiv@f3                    cstackCOMRAM 000044
___ftdiv@sign                  cstackCOMRAM 000048
___ftge                        text15       002628
___ftge@ff1                    cstackCOMRAM 000015
___ftge@ff2                    cstackCOMRAM 000018
___ftmul                       text43       00212C
___ftmul@cntr                  cstackCOMRAM 000038
___ftmul@exp                   cstackCOMRAM 000034
___ftmul@f1                    cstackCOMRAM 00002B
___ftmul@f2                    cstackCOMRAM 00002E
___ftmul@f3_as_product         cstackCOMRAM 000035
___ftmul@sign                  cstackCOMRAM 000039
___ftneg                       text14       002CD0
___ftneg@f1                    cstackCOMRAM 000015
___ftpack                      text44       0023A2
___ftpack@arg                  cstackCOMRAM 000015
___ftpack@exp                  cstackCOMRAM 000018
___ftpack@sign                 cstackCOMRAM 000019
___ftsub                       text17       002BEC
___ftsub@f1                    cstackCOMRAM 000029
___ftsub@f2                    cstackCOMRAM 00002C
___fttol                       text13       001EFC
___fttol@exp1                  cstackBANK0  000065
___fttol@f1                    cstackCOMRAM 000041
___fttol@lval                  cstackBANK0  000061
___fttol@sign1                 cstackBANK0  000060
___inthi_sp                    stack        000000
___intlo_sp                    stack        000000
___lldiv                       text12       0026B8
___lldiv@counter               cstackCOMRAM 000022
___lldiv@dividend              cstackCOMRAM 000015
___lldiv@divisor               cstackCOMRAM 000019
___lldiv@quotient              cstackCOMRAM 00001E
___llmod                       text11       00273E
___llmod@counter               cstackCOMRAM 00001E
___llmod@dividend              cstackCOMRAM 000015
___llmod@divisor               cstackCOMRAM 000019
___lltoft                      text10       002812
___lltoft@c                    cstackCOMRAM 00001D
___lltoft@exp                  cstackCOMRAM 000025
___lwtoft                      text26       002C4E
___lwtoft@c                    cstackCOMRAM 00001D
___sp                          stack        000000
___wmul                        text5        002B78
___wmul@multiplicand           cstackCOMRAM 000027
___wmul@multiplier             cstackCOMRAM 000025
___wmul@product                cstackCOMRAM 000029
__accesstop                    (abs)        000060
__activetblptr                 (abs)        000002
__div_to_l_                    text9        001DC2
__div_to_l_@cntr               cstackCOMRAM 000023
__div_to_l_@exp1               cstackCOMRAM 000024
__div_to_l_@f1                 cstackCOMRAM 000015
__div_to_l_@f2                 cstackCOMRAM 000018
__div_to_l_@quot               cstackCOMRAM 00001F
__end_of_BusyADC               text42       002DC4
__end_of_BusyXLCD              text35       002BEC
__end_of_ConvertADC            text41       002DDA
__end_of_Delay10KTCYx          text34       002D6C
__end_of_Delay10TCYx           text40       002DB8
__end_of_Delay1KTCYx           text33       002DA6
__end_of_DelayFor18TCY         text36       002D1C
__end_of_DelayPORXLCD          text32       002DD6
__end_of_Delay_ms              text39       002CA6
__end_of_OpenADC               text38       0028D6
__end_of_OpenUSART             text37       002812
__end_of_OpenXLCD              text29       0024F0
__end_of_ReadADC               text28       002DCE
__end_of_ReadUSART             text48       002D3A
__end_of_SerialRxPinInterrupt  intcode_body 002628
__end_of_SetDDRamAddr          text31       002A44
__end_of_WriteCmdXLCD          text30       002AC4
__end_of_WriteDataXLCD         text25       002A84
__end_of_WriteUSART            text23       002D80
__end_of___asftadd             text19       002B78
__end_of___asftmul             text18       002B3C
__end_of___asftsub             text16       002B00
__end_of___awdiv               text7        0023A2
__end_of___awmod               text6        00258C
__end_of___ftadd               text20       001DC2
__end_of___ftdiv               text27       0022F2
__end_of___ftge                text15       0026B8
__end_of___ftmul               text43       002218
__end_of___ftneg               text14       002CF6
__end_of___ftpack              text44       00244A
__end_of___ftsub               text17       002C22
__end_of___fttol               text13       002028
__end_of___lldiv               text12       00273E
__end_of___llmod               text11       0027A8
__end_of___lltoft              text10       002876
__end_of___lwtoft              text26       002C7A
__end_of___wmul                text5        002BB2
__end_of__div_to_l_            text9        001EFC
__end_of__initialization       cinit        002D4A
__end_of__npowers_             smallconst   000850
__end_of__powers_              smallconst   000877
__end_of__stringdata           smallconst   00088F
__end_of__tdiv_to_l_           text8        00212C
__end_of_dpowers               smallconst   000829
__end_of_fround                text4        001A22
__end_of_isdigit               text3        002CD0
__end_of_main                  text0        001C0A
__end_of_putrsXLCD             text24       00298E
__end_of_putsUSART             text22       002932
__end_of_scale                 text2        0017E6
__end_of_setupMCU              text21       002C4E
__end_of_sprintf               text1        001416
__end_ofi2_WriteUSART          text47       002D94
__end_ofi2_putsUSART           text46       0029EA
__initialization               cinit        002D3A
__mediumconst                  mediumconst  000000
__npowers_                     smallconst   000829
__pbssBANK0                    bssBANK0     0000A8
__pbssCOMRAM                   bssCOMRAM    00004A
__pcinit                       cinit        002D3A
__pcstackBANK0                 cstackBANK0  000060
__pcstackCOMRAM                cstackCOMRAM 000001
__pintcode                     intcode      000008
__pintcode_body                intcode_body 00258C
__pnvBANK0                     nvBANK0      0000AE
__powers_                      smallconst   000850
__psmallconst                  smallconst   000800
__ptext0                       text0        001A22
__ptext1                       text1        000890
__ptext10                      text10       002812
__ptext11                      text11       00273E
__ptext12                      text12       0026B8
__ptext13                      text13       001EFC
__ptext14                      text14       002CD0
__ptext15                      text15       002628
__ptext16                      text16       002AC4
__ptext17                      text17       002BEC
__ptext18                      text18       002B00
__ptext19                      text19       002B3C
__ptext2                       text2        001416
__ptext20                      text20       001C0A
__ptext21                      text21       002C22
__ptext22                      text22       0028D6
__ptext23                      text23       002D6C
__ptext24                      text24       002932
__ptext25                      text25       002A44
__ptext26                      text26       002C4E
__ptext27                      text27       002218
__ptext28                      text28       002DC4
__ptext29                      text29       00244A
__ptext3                       text3        002CA6
__ptext30                      text30       002A84
__ptext31                      text31       0029EA
__ptext32                      text32       002DCE
__ptext33                      text33       002D94
__ptext34                      text34       002D54
__ptext35                      text35       002BB2
__ptext36                      text36       002CF6
__ptext37                      text37       0027A8
__ptext38                      text38       002876
__ptext39                      text39       002C7A
__ptext4                       text4        0017E6
__ptext40                      text40       002DA6
__ptext41                      text41       002DD6
__ptext42                      text42       002DB8
__ptext43                      text43       00212C
__ptext44                      text44       0023A2
__ptext46                      text46       00298E
__ptext47                      text47       002D80
__ptext48                      text48       002D1C
__ptext5                       text5        002B78
__ptext6                       text6        0024F0
__ptext7                       text7        0022F2
__ptext8                       text8        002028
__ptext9                       text9        001DC2
__ramtop                       ramtop       000800
__size_of_BusyADC              (abs)        000000
__size_of_BusyXLCD             (abs)        000000
__size_of_ConvertADC           (abs)        000000
__size_of_Delay10KTCYx         (abs)        000000
__size_of_Delay10TCYx          (abs)        000000
__size_of_Delay1KTCYx          (abs)        000000
__size_of_DelayFor18TCY        (abs)        000000
__size_of_DelayPORXLCD         (abs)        000000
__size_of_Delay_ms             (abs)        000000
__size_of_OpenADC              (abs)        000000
__size_of_OpenUSART            (abs)        000000
__size_of_OpenXLCD             (abs)        000000
__size_of_ReadADC              (abs)        000000
__size_of_ReadUSART            (abs)        000000
__size_of_SerialRxPinInterrupt (abs)        000000
__size_of_SetDDRamAddr         (abs)        000000
__size_of_WriteCmdXLCD         (abs)        000000
__size_of_WriteDataXLCD        (abs)        000000
__size_of_WriteUSART           (abs)        000000
__size_of___asftadd            (abs)        000000
__size_of___asftmul            (abs)        000000
__size_of___asftsub            (abs)        000000
__size_of___awdiv              (abs)        000000
__size_of___awmod              (abs)        000000
__size_of___ftadd              (abs)        000000
__size_of___ftdiv              (abs)        000000
__size_of___ftge               (abs)        000000
__size_of___ftmul              (abs)        000000
__size_of___ftneg              (abs)        000000
__size_of___ftpack             (abs)        000000
__size_of___ftsub              (abs)        000000
__size_of___fttol              (abs)        000000
__size_of___lldiv              (abs)        000000
__size_of___llmod              (abs)        000000
__size_of___lltoft             (abs)        000000
__size_of___lwtoft             (abs)        000000
__size_of___wmul               (abs)        000000
__size_of__div_to_l_           (abs)        000000
__size_of__tdiv_to_l_          (abs)        000000
__size_of_fround               (abs)        000000
__size_of_isdigit              (abs)        000000
__size_of_main                 (abs)        000000
__size_of_putrsXLCD            (abs)        000000
__size_of_putsUSART            (abs)        000000
__size_of_scale                (abs)        000000
__size_of_setupMCU             (abs)        000000
__size_of_sprintf              (abs)        000000
__size_ofi2_WriteUSART         (abs)        000000
__size_ofi2_putsUSART          (abs)        000000
__smallconst                   smallconst   000800
__stringdata                   smallconst   000877
__tdiv_to_l_                   text8        002028
__tdiv_to_l_@cntr              cstackCOMRAM 000022
__tdiv_to_l_@exp1              cstackCOMRAM 000023
__tdiv_to_l_@f1                cstackCOMRAM 000015
__tdiv_to_l_@f2                cstackCOMRAM 000018
__tdiv_to_l_@quot              cstackCOMRAM 00001E
_dpowers                       smallconst   000801
_fround                        text4        0017E6
_fround$2194                   cstackCOMRAM 000040
_fround$2195                   cstackCOMRAM 00003D
_isdigit                       text3        002CA6
_isdigit$1861                  cstackCOMRAM 000016
_main                          text0        001A22
_main$2193                     cstackBANK0  00009A
_pBuffer                       nvBANK0      0000AE
_putrsXLCD                     text24       002932
_putsUSART                     text22       0028D6
_scale                         text2        001416
_scale$2196                    cstackCOMRAM 00003D
_setupMCU                      text21       002C22
_sprintf                       text1        000890
_sprintf$2197                  cstackBANK0  000073
_sprintf$606                   cstackBANK0  000076
end_of_initialization          cinit        002D4A
fround@prec                    cstackCOMRAM 000043
i2WriteUSART@data              cstackCOMRAM 000001
i2_WriteUSART                  text47       002D80
i2_putsUSART                   text46       00298E
i2putsUSART@data               cstackCOMRAM 000002
int_func                       intcode_body 00258C
intlevel0                      text         000000
intlevel1                      text         000000
intlevel2                      text         000000
intlevel3                      text         000000
isdigit@c                      cstackCOMRAM 000017
main@F4969                     bssBANK0     0000A8
main@buffer                    cstackBANK0  00009D
main@result                    cstackBANK0  0000A6
main@temp                      cstackBANK0  0000A3
putrsXLCD@buffer               cstackCOMRAM 000016
putsUSART@data                 cstackCOMRAM 000016
scale@scl                      cstackCOMRAM 000040
sprintf@_val                   cstackBANK0  000087
sprintf@ap                     cstackBANK0  00007A
sprintf@c                      cstackBANK0  000097
sprintf@exp                    cstackBANK0  000090
sprintf@f                      cstackBANK0  000068
sprintf@flag                   cstackBANK0  00008C
sprintf@fval                   cstackBANK0  000092
sprintf@integ                  cstackBANK0  000084
sprintf@prec                   cstackBANK0  000095
sprintf@sp                     cstackBANK0  000066
sprintf@vd                     cstackBANK0  00007C
sprintf@vd_608                 cstackBANK0  000080
sprintf@width                  cstackBANK0  00008E
stackhi                        (abs)        0007FF
stacklo                        (abs)        0000B0
start                          init         000014
start_initialization           cinit        002D3A


FUNCTION INFORMATION:

 *************** function _main *****************
 Defined at:
		line 74 in file "sensor_temp_adc_comm_main.c"
 Parameters:    Size  Location     Type
		None
 Auto vars:     Size  Location     Type
  buffer          6   61[BANK0 ] unsigned char [6]
  temp            3   67[BANK0 ] float 
  result          2   70[BANK0 ] unsigned int 
 Return value:  Size  Location     Type
		None               void
 Registers used:
		wreg, fsr0l, fsr0h, fsr1l, fsr1h, fsr1l, fsr1h, fsr2l, fsr2h, status,2, status,0, pclat, btemp, btemp+1, btemp+2, btemp+3, btemp+4, btemp+5, btemp+6, btemp+7, btemp+8, btemp+9, btemp+10, btemp+11, tosl, structret, tblptrl, tblptrh, tblptru, prodl, prodh, bsr, cstack
 Tracked objects:
		On entry : 
		On exit  : 
		Unchanged: 
 Data sizes:     COMRAM   BANK0   BANK1   BANK2   BANK3   BANK4   BANK5   BANK6   BANK7
      Params:         0       0       0       0       0       0       0       0       0
      Locals:         0      14       0       0       0       0       0       0       0
      Temps:          0       2       0       0       0       0       0       0       0
      Totals:         0      16       0       0       0       0       0       0       0
Total ram usage:       16 bytes
 Hardware stack levels required when called:    8
 This function calls:
		_BusyADC
		_BusyXLCD
		_ConvertADC
		_Delay10TCYx
		_Delay_ms
		_OpenADC
		_OpenUSART
		_OpenXLCD
		_ReadADC
		_SetDDRamAddr
		_WriteCmdXLCD
		___ftdiv
		___ftmul
		___lwtoft
		_putrsXLCD
		_putsUSART
		_setupMCU
		_sprintf
 This function is called by:
		Startup code after reset
 This function uses a non-reentrant model


 *************** function _sprintf *****************
 Defined at:
		line 492 in file "/opt/microchip/xc8/v1.30/sources/common/doprnt.c"
 Parameters:    Size  Location     Type
  sp              2    6[BANK0 ] PTR unsigned char 
		 -> NULL(0), main@buffer(6), 
  f               2    8[BANK0 ] PTR const unsigned char 
		 -> STR_4(6), 
 Auto vars:     Size  Location     Type
  vd              4   28[BANK0 ] unsigned long 
  vd              4   32[BANK0 ] unsigned long 
  _val            5   39[BANK0 ] struct .
  fval            3   50[BANK0 ] struct .
  integ           3   36[BANK0 ] struct .
  ival            3    0        struct .
  prec            2   53[BANK0 ] int 
  exp             2   48[BANK0 ] int 
  width           2   46[BANK0 ] int 
  flag            2   44[BANK0 ] unsigned short 
  ap              2   26[BANK0 ] PTR void [1]
		 -> ?_sprintf(2), 
  c               1   55[BANK0 ] char 
  d               1    0        unsigned char 
 Return value:  Size  Location     Type
                  2    6[BANK0 ] int 
 Registers used:
		wreg, fsr2l, fsr2h, status,2, status,0, tblptrl, tblptrh, tblptru, prodl, prodh, cstack
 Tracked objects:
		On entry : 
		On exit  : 
		Unchanged: 
 Data sizes:     COMRAM   BANK0   BANK1   BANK2   BANK3   BANK4   BANK5   BANK6   BANK7
      Params:         0       7       0       0       0       0       0       0       0
      Locals:         0      37       0       0       0       0       0       0       0
      Temps:          0       6       0       0       0       0       0       0       0
      Totals:         0      50       0       0       0       0       0       0       0
Total ram usage:       50 bytes
 Hardware stack levels used:    1
 Hardware stack levels required when called:    7
 This function calls:
		___asftadd
		___asftmul
		___asftsub
		___awdiv
		___ftge
		___ftmul
		___ftneg
		___fttol
		___lldiv
		___llmod
		___lltoft
		___wmul
		__div_to_l_
		__tdiv_to_l_
		_fround
		_isdigit
		_scale
 This function is called by:
		_main
 This function uses a non-reentrant model


 *************** function _scale *****************
 Defined at:
		line 425 in file "/opt/microchip/xc8/v1.30/sources/common/doprnt.c"
 Parameters:    Size  Location     Type
  scl             1    wreg     char 
 Auto vars:     Size  Location     Type
  scl             1   63[COMRAM] char 
 Return value:  Size  Location     Type
                  3   57[COMRAM] char 
 Registers used:
		wreg, status,2, status,0, tblptrl, tblptrh, tblptru, prodl, prodh, cstack
 Tracked objects:
		On entry : 
		On exit  : 
		Unchanged: 
 Data sizes:     COMRAM   BANK0   BANK1   BANK2   BANK3   BANK4   BANK5   BANK6   BANK7
      Params:         3       0       0       0       0       0       0       0       0
      Locals:         4       0       0       0       0       0       0       0       0
      Temps:          0       0       0       0       0       0       0       0       0
      Totals:         7       0       0       0       0       0       0       0       0
Total ram usage:        7 bytes
 Hardware stack levels used:    1
 Hardware stack levels required when called:    5
 This function calls:
		___awdiv
		___awmod
		___ftmul
		___wmul
 This function is called by:
		_sprintf
 This function uses a non-reentrant model


 *************** function _isdigit *****************
 Defined at:
		line 8 in file "/opt/microchip/xc8/v1.30/sources/common/isdigit.c"
 Parameters:    Size  Location     Type
  c               1    wreg     unsigned char 
 Auto vars:     Size  Location     Type
  c               1   22[COMRAM] unsigned char 
 Return value:  Size  Location     Type
		None               void
 Registers used:
		wreg, status,2, status,0
 Tracked objects:
		On entry : 
		On exit  : 
		Unchanged: 
 Data sizes:     COMRAM   BANK0   BANK1   BANK2   BANK3   BANK4   BANK5   BANK6   BANK7
      Params:         0       0       0       0       0       0       0       0       0
      Locals:         2       0       0       0       0       0       0       0       0
      Temps:          1       0       0       0       0       0       0       0       0
      Totals:         3       0       0       0       0       0       0       0       0
Total ram usage:        3 bytes
 Hardware stack levels used:    1
 Hardware stack levels required when called:    3
 This function calls:
		Nothing
 This function is called by:
		_sprintf
 This function uses a non-reentrant model


 *************** function _fround *****************
 Defined at:
		line 409 in file "/opt/microchip/xc8/v1.30/sources/common/doprnt.c"
 Parameters:    Size  Location     Type
  prec            1    wreg     unsigned char 
 Auto vars:     Size  Location     Type
  prec            1   66[COMRAM] unsigned char 
 Return value:  Size  Location     Type
                  3   57[COMRAM] unsigned char 
 Registers used:
		wreg, status,2, status,0, tblptrl, tblptrh, tblptru, prodl, prodh, cstack
 Tracked objects:
		On entry : 
		On exit  : 
		Unchanged: 
 Data sizes:     COMRAM   BANK0   BANK1   BANK2   BANK3   BANK4   BANK5   BANK6   BANK7
      Params:         3       0       0       0       0       0       0       0       0
      Locals:         7       0       0       0       0       0       0       0       0
      Temps:          0       0       0       0       0       0       0       0       0
      Totals:        10       0       0       0       0       0       0       0       0
Total ram usage:       10 bytes
 Hardware stack levels used:    1
 Hardware stack levels required when called:    5
 This function calls:
		___awdiv
		___awmod
		___ftmul
		___wmul
 This function is called by:
		_sprintf
 This function uses a non-reentrant model


 *************** function ___wmul *****************
 Defined at:
		line 4 in file "/opt/microchip/xc8/v1.30/sources/common/wmul.c"
 Parameters:    Size  Location     Type
  multiplier      2   36[COMRAM] unsigned int 
  multiplicand    2   38[COMRAM] unsigned int 
 Auto vars:     Size  Location     Type
  product         2   40[COMRAM] unsigned int 
 Return value:  Size  Location     Type
                  2   36[COMRAM] unsigned int 
 Registers used:
		wreg, status,2, status,0, prodl, prodh
 Tracked objects:
		On entry : 
		On exit  : 
		Unchanged: 
 Data sizes:     COMRAM   BANK0   BANK1   BANK2   BANK3   BANK4   BANK5   BANK6   BANK7
      Params:         4       0       0       0       0       0       0       0       0
      Locals:         2       0       0       0       0       0       0       0       0
      Temps:          0       0       0       0       0       0       0       0       0
      Totals:         6       0       0       0       0       0       0       0       0
Total ram usage:        6 bytes
 Hardware stack levels used:    1
 Hardware stack levels required when called:    3
 This function calls:
		Nothing
 This function is called by:
		_fround
		_scale
		_sprintf
 This function uses a non-reentrant model


 *************** function ___awmod *****************
 Defined at:
		line 8 in file "/opt/microchip/xc8/v1.30/sources/common/awmod.c"
 Parameters:    Size  Location     Type
  dividend        2   20[COMRAM] int 
  divisor         2   22[COMRAM] int 
 Auto vars:     Size  Location     Type
  sign            1   26[COMRAM] unsigned char 
  counter         1   25[COMRAM] unsigned char 
 Return value:  Size  Location     Type
                  2   20[COMRAM] int 
 Registers used:
		wreg, status,2, status,0, prodl
 Tracked objects:
		On entry : 
		On exit  : 
		Unchanged: 
 Data sizes:     COMRAM   BANK0   BANK1   BANK2   BANK3   BANK4   BANK5   BANK6   BANK7
      Params:         4       0       0       0       0       0       0       0       0
      Locals:         2       0       0       0       0       0       0       0       0
      Temps:          1       0       0       0       0       0       0       0       0
      Totals:         7       0       0       0       0       0       0       0       0
Total ram usage:        7 bytes
 Hardware stack levels used:    1
 Hardware stack levels required when called:    3
 This function calls:
		Nothing
 This function is called by:
		_fround
		_scale
 This function uses a non-reentrant model


 *************** function ___awdiv *****************
 Defined at:
		line 8 in file "/opt/microchip/xc8/v1.30/sources/common/awdiv.c"
 Parameters:    Size  Location     Type
  dividend        2   27[COMRAM] int 
  divisor         2   29[COMRAM] int 
 Auto vars:     Size  Location     Type
  quotient        2   34[COMRAM] int 
  sign            1   33[COMRAM] unsigned char 
  counter         1   32[COMRAM] unsigned char 
 Return value:  Size  Location     Type
                  2   27[COMRAM] int 
 Registers used:
		wreg, status,2, status,0, prodl
 Tracked objects:
		On entry : 
		On exit  : 
		Unchanged: 
 Data sizes:     COMRAM   BANK0   BANK1   BANK2   BANK3   BANK4   BANK5   BANK6   BANK7
      Params:         4       0       0       0       0       0       0       0       0
      Locals:         4       0       0       0       0       0       0       0       0
      Temps:          1       0       0       0       0       0       0       0       0
      Totals:         9       0       0       0       0       0       0       0       0
Total ram usage:        9 bytes
 Hardware stack levels used:    1
 Hardware stack levels required when called:    3
 This function calls:
		Nothing
 This function is called by:
		_fround
		_scale
		_sprintf
 This function uses a non-reentrant model


 *************** function __tdiv_to_l_ *****************
 Defined at:
		line 60 in file "/opt/microchip/xc8/v1.30/sources/common/ftdivl.c"
 Parameters:    Size  Location     Type
  f1              3   20[COMRAM] float 
  f2              3   23[COMRAM] float 
 Auto vars:     Size  Location     Type
  quot            4   29[COMRAM] unsigned long 
  exp1            1   34[COMRAM] unsigned char 
  cntr            1   33[COMRAM] unsigned char 
 Return value:  Size  Location     Type
                  4   20[COMRAM] unsigned long 
 Registers used:
		wreg, status,2, status,0
 Tracked objects:
		On entry : 
		On exit  : 
		Unchanged: 
 Data sizes:     COMRAM   BANK0   BANK1   BANK2   BANK3   BANK4   BANK5   BANK6   BANK7
      Params:         6       0       0       0       0       0       0       0       0
      Locals:         6       0       0       0       0       0       0       0       0
      Temps:          3       0       0       0       0       0       0       0       0
      Totals:        15       0       0       0       0       0       0       0       0
Total ram usage:       15 bytes
 Hardware stack levels used:    1
 Hardware stack levels required when called:    3
 This function calls:
		Nothing
 This function is called by:
		_sprintf
 This function uses a non-reentrant model


 *************** function __div_to_l_ *****************
 Defined at:
		line 60 in file "/opt/microchip/xc8/v1.30/sources/common/fldivl.c"
 Parameters:    Size  Location     Type
  f1              3   20[COMRAM] unsigned long 
  f2              3   23[COMRAM] unsigned long 
 Auto vars:     Size  Location     Type
  quot            4   30[COMRAM] unsigned long 
  exp1            1   35[COMRAM] unsigned char 
  cntr            1   34[COMRAM] unsigned char 
 Return value:  Size  Location     Type
                  4   20[COMRAM] unsigned long 
 Registers used:
		wreg, status,2, status,0
 Tracked objects:
		On entry : 
		On exit  : 
		Unchanged: 
 Data sizes:     COMRAM   BANK0   BANK1   BANK2   BANK3   BANK4   BANK5   BANK6   BANK7
      Params:         6       0       0       0       0       0       0       0       0
      Locals:         6       0       0       0       0       0       0       0       0
      Temps:          4       0       0       0       0       0       0       0       0
      Totals:        16       0       0       0       0       0       0       0       0
Total ram usage:       16 bytes
 Hardware stack levels used:    1
 Hardware stack levels required when called:    3
 This function calls:
		Nothing
 This function is called by:
		_sprintf
 This function uses a non-reentrant model


 *************** function ___lltoft *****************
 Defined at:
		line 35 in file "/opt/microchip/xc8/v1.30/sources/common/lltoft.c"
 Parameters:    Size  Location     Type
  c               4   28[COMRAM] unsigned long 
 Auto vars:     Size  Location     Type
  exp             1   36[COMRAM] unsigned char 
 Return value:  Size  Location     Type
                  3   28[COMRAM] float 
 Registers used:
		wreg, status,2, status,0, cstack
 Tracked objects:
		On entry : 
		On exit  : 
		Unchanged: 
 Data sizes:     COMRAM   BANK0   BANK1   BANK2   BANK3   BANK4   BANK5   BANK6   BANK7
      Params:         4       0       0       0       0       0       0       0       0
      Locals:         1       0       0       0       0       0       0       0       0
      Temps:          4       0       0       0       0       0       0       0       0
      Totals:         9       0       0       0       0       0       0       0       0
Total ram usage:        9 bytes
 Hardware stack levels used:    1
 Hardware stack levels required when called:    4
 This function calls:
		___ftpack
 This function is called by:
		_sprintf
 This function uses a non-reentrant model


 *************** function ___llmod *****************
 Defined at:
		line 8 in file "/opt/microchip/xc8/v1.30/sources/common/llmod.c"
 Parameters:    Size  Location     Type
  dividend        4   20[COMRAM] unsigned long 
  divisor         4   24[COMRAM] unsigned long 
 Auto vars:     Size  Location     Type
  counter         1   29[COMRAM] unsigned char 
 Return value:  Size  Location     Type
                  4   20[COMRAM] unsigned long 
 Registers used:
		wreg, status,2, status,0
 Tracked objects:
		On entry : 
		On exit  : 
		Unchanged: 
 Data sizes:     COMRAM   BANK0   BANK1   BANK2   BANK3   BANK4   BANK5   BANK6   BANK7
      Params:         8       0       0       0       0       0       0       0       0
      Locals:         1       0       0       0       0       0       0       0       0
      Temps:          1       0       0       0       0       0       0       0       0
      Totals:        10       0       0       0       0       0       0       0       0
Total ram usage:       10 bytes
 Hardware stack levels used:    1
 Hardware stack levels required when called:    3
 This function calls:
		Nothing
 This function is called by:
		_sprintf
 This function uses a non-reentrant model


 *************** function ___lldiv *****************
 Defined at:
		line 8 in file "/opt/microchip/xc8/v1.30/sources/common/lldiv.c"
 Parameters:    Size  Location     Type
  dividend        4   20[COMRAM] unsigned long 
  divisor         4   24[COMRAM] unsigned long 
 Auto vars:     Size  Location     Type
  quotient        4   29[COMRAM] unsigned long 
  counter         1   33[COMRAM] unsigned char 
 Return value:  Size  Location     Type
                  4   20[COMRAM] unsigned long 
 Registers used:
		wreg, status,2, status,0
 Tracked objects:
		On entry : 
		On exit  : 
		Unchanged: 
 Data sizes:     COMRAM   BANK0   BANK1   BANK2   BANK3   BANK4   BANK5   BANK6   BANK7
      Params:         8       0       0       0       0       0       0       0       0
      Locals:         5       0       0       0       0       0       0       0       0
      Temps:          1       0       0       0       0       0       0       0       0
      Totals:        14       0       0       0       0       0       0       0       0
Total ram usage:       14 bytes
 Hardware stack levels used:    1
 Hardware stack levels required when called:    3
 This function calls:
		Nothing
 This function is called by:
		_sprintf
 This function uses a non-reentrant model


 *************** function ___fttol *****************
 Defined at:
		line 44 in file "/opt/microchip/xc8/v1.30/sources/common/fttol.c"
 Parameters:    Size  Location     Type
  f1              3   64[COMRAM] float 
 Auto vars:     Size  Location     Type
  lval            4    1[BANK0 ] unsigned long 
  exp1            1    5[BANK0 ] unsigned char 
  sign1           1    0[BANK0 ] unsigned char 
 Return value:  Size  Location     Type
                  4   64[COMRAM] long 
 Registers used:
		wreg, status,2, status,0
 Tracked objects:
		On entry : 
		On exit  : 
		Unchanged: 
 Data sizes:     COMRAM   BANK0   BANK1   BANK2   BANK3   BANK4   BANK5   BANK6   BANK7
      Params:         4       0       0       0       0       0       0       0       0
      Locals:         0       6       0       0       0       0       0       0       0
      Temps:          5       0       0       0       0       0       0       0       0
      Totals:         9       6       0       0       0       0       0       0       0
Total ram usage:       15 bytes
 Hardware stack levels used:    1
 Hardware stack levels required when called:    3
 This function calls:
		Nothing
 This function is called by:
		_sprintf
 This function uses a non-reentrant model


 *************** function ___ftneg *****************
 Defined at:
		line 15 in file "/opt/microchip/xc8/v1.30/sources/common/ftneg.c"
 Parameters:    Size  Location     Type
  f1              3   20[COMRAM] float 
 Auto vars:     Size  Location     Type
		None
 Return value:  Size  Location     Type
                  3   20[COMRAM] float 
 Registers used:
		wreg, status,2, status,0
 Tracked objects:
		On entry : 
		On exit  : 
		Unchanged: 
 Data sizes:     COMRAM   BANK0   BANK1   BANK2   BANK3   BANK4   BANK5   BANK6   BANK7
      Params:         3       0       0       0       0       0       0       0       0
      Locals:         0       0       0       0       0       0       0       0       0
      Temps:          0       0       0       0       0       0       0       0       0
      Totals:         3       0       0       0       0       0       0       0       0
Total ram usage:        3 bytes
 Hardware stack levels used:    1
 Hardware stack levels required when called:    3
 This function calls:
		Nothing
 This function is called by:
		_sprintf
 This function uses a non-reentrant model


 *************** function ___ftge *****************
 Defined at:
		line 4 in file "/opt/microchip/xc8/v1.30/sources/common/ftge.c"
 Parameters:    Size  Location     Type
  ff1             3   20[COMRAM] float 
  ff2             3   23[COMRAM] float 
 Auto vars:     Size  Location     Type
		None
 Return value:  Size  Location     Type
		None               void
 Registers used:
		wreg, status,2, status,0
 Tracked objects:
		On entry : 
		On exit  : 
		Unchanged: 
 Data sizes:     COMRAM   BANK0   BANK1   BANK2   BANK3   BANK4   BANK5   BANK6   BANK7
      Params:         6       0       0       0       0       0       0       0       0
      Locals:         0       0       0       0       0       0       0       0       0
      Temps:          3       0       0       0       0       0       0       0       0
      Totals:         9       0       0       0       0       0       0       0       0
Total ram usage:        9 bytes
 Hardware stack levels used:    1
 Hardware stack levels required when called:    3
 This function calls:
		Nothing
 This function is called by:
		_sprintf
 This function uses a non-reentrant model


 *************** function ___asftsub *****************
 Defined at:
		line 4 in file "/opt/microchip/xc8/v1.30/sources/pic18/asftsub.c"
 Parameters:    Size  Location     Type
  f1p             2   46[COMRAM] PTR float 
		 -> sprintf@fval(3), 
  f2              3   48[COMRAM] float 
 Auto vars:     Size  Location     Type
		None
 Return value:  Size  Location     Type
                  3   46[COMRAM] float 
 Registers used:
		wreg, fsr2l, fsr2h, status,2, status,0, cstack
 Tracked objects:
		On entry : 
		On exit  : 
		Unchanged: 
 Data sizes:     COMRAM   BANK0   BANK1   BANK2   BANK3   BANK4   BANK5   BANK6   BANK7
      Params:         5       0       0       0       0       0       0       0       0
      Locals:         0       0       0       0       0       0       0       0       0
      Temps:          0       0       0       0       0       0       0       0       0
      Totals:         5       0       0       0       0       0       0       0       0
Total ram usage:        5 bytes
 Hardware stack levels used:    1
 Hardware stack levels required when called:    6
 This function calls:
		___ftsub
 This function is called by:
		_sprintf
 This function uses a non-reentrant model


 *************** function ___ftsub *****************
 Defined at:
		line 20 in file "/opt/microchip/xc8/v1.30/sources/common/ftsub.c"
 Parameters:    Size  Location     Type
  f1              3   40[COMRAM] float 
  f2              3   43[COMRAM] float 
 Auto vars:     Size  Location     Type
		None
 Return value:  Size  Location     Type
                  3   40[COMRAM] float 
 Registers used:
		wreg, status,2, status,0, cstack
 Tracked objects:
		On entry : 
		On exit  : 
		Unchanged: 
 Data sizes:     COMRAM   BANK0   BANK1   BANK2   BANK3   BANK4   BANK5   BANK6   BANK7
      Params:         6       0       0       0       0       0       0       0       0
      Locals:         0       0       0       0       0       0       0       0       0
      Temps:          0       0       0       0       0       0       0       0       0
      Totals:         6       0       0       0       0       0       0       0       0
Total ram usage:        6 bytes
 Hardware stack levels used:    1
 Hardware stack levels required when called:    5
 This function calls:
		___ftadd
 This function is called by:
		___asftsub
 This function uses a non-reentrant model


 *************** function ___asftmul *****************
 Defined at:
		line 4 in file "/opt/microchip/xc8/v1.30/sources/pic18/asftmul.c"
 Parameters:    Size  Location     Type
  f1p             2   57[COMRAM] PTR float 
		 -> sprintf@integ(3), 
  f2              3   59[COMRAM] float 
 Auto vars:     Size  Location     Type
		None
 Return value:  Size  Location     Type
                  3   57[COMRAM] float 
 Registers used:
		wreg, fsr2l, fsr2h, status,2, status,0, cstack
 Tracked objects:
		On entry : 
		On exit  : 
		Unchanged: 
 Data sizes:     COMRAM   BANK0   BANK1   BANK2   BANK3   BANK4   BANK5   BANK6   BANK7
      Params:         5       0       0       0       0       0       0       0       0
      Locals:         0       0       0       0       0       0       0       0       0
      Temps:          0       0       0       0       0       0       0       0       0
      Totals:         5       0       0       0       0       0       0       0       0
Total ram usage:        5 bytes
 Hardware stack levels used:    1
 Hardware stack levels required when called:    5
 This function calls:
		___ftmul
 This function is called by:
		_sprintf
 This function uses a non-reentrant model


 *************** function ___asftadd *****************
 Defined at:
		line 4 in file "/opt/microchip/xc8/v1.30/sources/pic18/asftadd.c"
 Parameters:    Size  Location     Type
  f1p             2   67[COMRAM] PTR float 
		 -> sprintf@fval(3), 
  f2              3   69[COMRAM] float 
 Auto vars:     Size  Location     Type
		None
 Return value:  Size  Location     Type
                  3   67[COMRAM] float 
 Registers used:
		wreg, fsr2l, fsr2h, status,2, status,0, cstack
 Tracked objects:
		On entry : 
		On exit  : 
		Unchanged: 
 Data sizes:     COMRAM   BANK0   BANK1   BANK2   BANK3   BANK4   BANK5   BANK6   BANK7
      Params:         5       0       0       0       0       0       0       0       0
      Locals:         0       0       0       0       0       0       0       0       0
      Temps:          0       0       0       0       0       0       0       0       0
      Totals:         5       0       0       0       0       0       0       0       0
Total ram usage:        5 bytes
 Hardware stack levels used:    1
 Hardware stack levels required when called:    5
 This function calls:
		___ftadd
 This function is called by:
		_sprintf
 This function uses a non-reentrant model


 *************** function ___ftadd *****************
 Defined at:
		line 86 in file "/opt/microchip/xc8/v1.30/sources/common/ftadd.c"
 Parameters:    Size  Location     Type
  f1              3   28[COMRAM] float 
  f2              3   31[COMRAM] float 
 Auto vars:     Size  Location     Type
  exp1            1   39[COMRAM] unsigned char 
  exp2            1   38[COMRAM] unsigned char 
  sign            1   37[COMRAM] unsigned char 
 Return value:  Size  Location     Type
                  3   28[COMRAM] float 
 Registers used:
		wreg, status,2, status,0, cstack
 Tracked objects:
		On entry : 
		On exit  : 
		Unchanged: 
 Data sizes:     COMRAM   BANK0   BANK1   BANK2   BANK3   BANK4   BANK5   BANK6   BANK7
      Params:         6       0       0       0       0       0       0       0       0
      Locals:         3       0       0       0       0       0       0       0       0
      Temps:          3       0       0       0       0       0       0       0       0
      Totals:        12       0       0       0       0       0       0       0       0
Total ram usage:       12 bytes
 Hardware stack levels used:    1
 Hardware stack levels required when called:    4
 This function calls:
		___ftpack
 This function is called by:
		___asftadd
		___ftsub
 This function uses a non-reentrant model


 *************** function _setupMCU *****************
 Defined at:
		line 44 in file "sensor_temp_adc_comm_main.c"
 Parameters:    Size  Location     Type
		None
 Auto vars:     Size  Location     Type
		None
 Return value:  Size  Location     Type
		None               void
 Registers used:
		wreg, status,2
 Tracked objects:
		On entry : 
		On exit  : 
		Unchanged: 
 Data sizes:     COMRAM   BANK0   BANK1   BANK2   BANK3   BANK4   BANK5   BANK6   BANK7
      Params:         0       0       0       0       0       0       0       0       0
      Locals:         0       0       0       0       0       0       0       0       0
      Temps:          0       0       0       0       0       0       0       0       0
      Totals:         0       0       0       0       0       0       0       0       0
Total ram usage:        0 bytes
 Hardware stack levels used:    1
 Hardware stack levels required when called:    3
 This function calls:
		Nothing
 This function is called by:
		_main
 This function uses a non-reentrant model


 *************** function _putsUSART *****************
 Defined at:
		line 14 in file "/opt/microchip/xc8/v1.30/sources/pic18/plib/USART/uputs.c"
 Parameters:    Size  Location     Type
  data            2   21[COMRAM] PTR unsigned char 
		 -> NULL(0), STR_5(3), STR_1(9), main@buffer(6), 
 Auto vars:     Size  Location     Type
		None
 Return value:  Size  Location     Type
		None               void
 Registers used:
		wreg, fsr0l, fsr0h, status,2, status,0, tblptrl, tblptrh, tblptru, cstack
 Tracked objects:
		On entry : 
		On exit  : 
		Unchanged: 
 Data sizes:     COMRAM   BANK0   BANK1   BANK2   BANK3   BANK4   BANK5   BANK6   BANK7
      Params:         2       0       0       0       0       0       0       0       0
      Locals:         0       0       0       0       0       0       0       0       0
      Temps:          2       0       0       0       0       0       0       0       0
      Totals:         4       0       0       0       0       0       0       0       0
Total ram usage:        4 bytes
 Hardware stack levels used:    1
 Hardware stack levels required when called:    4
 This function calls:
		_WriteUSART
 This function is called by:
		_main
 This function uses a non-reentrant model


 *************** function _WriteUSART *****************
 Defined at:
		line 13 in file "/opt/microchip/xc8/v1.30/sources/pic18/plib/USART/uwrite.c"
 Parameters:    Size  Location     Type
  data            1    wreg     unsigned char 
 Auto vars:     Size  Location     Type
  data            1   20[COMRAM] unsigned char 
 Return value:  Size  Location     Type
		None               void
 Registers used:
		wreg
 Tracked objects:
		On entry : 
		On exit  : 
		Unchanged: 
 Data sizes:     COMRAM   BANK0   BANK1   BANK2   BANK3   BANK4   BANK5   BANK6   BANK7
      Params:         0       0       0       0       0       0       0       0       0
      Locals:         1       0       0       0       0       0       0       0       0
      Temps:          0       0       0       0       0       0       0       0       0
      Totals:         1       0       0       0       0       0       0       0       0
Total ram usage:        1 bytes
 Hardware stack levels used:    1
 Hardware stack levels required when called:    3
 This function calls:
		Nothing
 This function is called by:
		_putsUSART
 This function uses a non-reentrant model


 *************** function _putrsXLCD *****************
 Defined at:
		line 16 in file "/opt/microchip/xc8/v1.30/sources/pic18/plib/XLCD/putrxlcd.c"
 Parameters:    Size  Location     Type
  buffer          2   21[COMRAM] PTR const unsigned char 
		 -> NULL(0), STR_3(2), STR_2(7), main@buffer(6), 
 Auto vars:     Size  Location     Type
		None
 Return value:  Size  Location     Type
		None               void
 Registers used:
		wreg, fsr0l, fsr0h, status,2, status,0, tblptrl, tblptrh, tblptru, cstack
 Tracked objects:
		On entry : 
		On exit  : 
		Unchanged: 
 Data sizes:     COMRAM   BANK0   BANK1   BANK2   BANK3   BANK4   BANK5   BANK6   BANK7
      Params:         2       0       0       0       0       0       0       0       0
      Locals:         0       0       0       0       0       0       0       0       0
      Temps:          0       0       0       0       0       0       0       0       0
      Totals:         2       0       0       0       0       0       0       0       0
Total ram usage:        2 bytes
 Hardware stack levels used:    1
 Hardware stack levels required when called:    5
 This function calls:
		_BusyXLCD
		_WriteDataXLCD
 This function is called by:
		_main
 This function uses a non-reentrant model


 *************** function _WriteDataXLCD *****************
 Defined at:
		line 16 in file "/opt/microchip/xc8/v1.30/sources/pic18/plib/XLCD/writdata.c"
 Parameters:    Size  Location     Type
  data            1    wreg     unsigned char 
 Auto vars:     Size  Location     Type
  data            1   20[COMRAM] unsigned char 
 Return value:  Size  Location     Type
		None               void
 Registers used:
		wreg, status,2, status,0, cstack
 Tracked objects:
		On entry : 
[...]
      Params:         2       0       0       0       0       0       0       0       0
      Locals:         1       0       0       0       0       0       0       0       0
      Temps:          2       0       0       0       0       0       0       0       0
      Totals:         5       0       0       0       0       0       0       0       0
Total ram usage:        5 bytes
 Hardware stack levels used:    1
 Hardware stack levels required when called:    3
 This function calls:
		Nothing
 This function is called by:
		_main
 This function uses a non-reentrant model


 *************** function _Delay_ms *****************
 Defined at:
		line 217 in file "sensor_temp_adc_comm_main.c"
 Parameters:    Size  Location     Type
  ms              2   20[COMRAM] unsigned int 
 Auto vars:     Size  Location     Type
  i               2   23[COMRAM] unsigned int 
 Return value:  Size  Location     Type
		None               void
 Registers used:
		wreg, status,2, status,0
 Tracked objects:
		On entry : 
		On exit  : 
		Unchanged: 
 Data sizes:     COMRAM   BANK0   BANK1   BANK2   BANK3   BANK4   BANK5   BANK6   BANK7
      Params:         2       0       0       0       0       0       0       0       0
      Locals:         2       0       0       0       0       0       0       0       0
      Temps:          1       0       0       0       0       0       0       0       0
      Totals:         5       0       0       0       0       0       0       0       0
Total ram usage:        5 bytes
 Hardware stack levels used:    1
 Hardware stack levels required when called:    3
 This function calls:
		Nothing
 This function is called by:
		_main
 This function uses a non-reentrant model


 *************** function _Delay10TCYx *****************
 Defined at:
		line 8 in file "/opt/microchip/xc8/v1.30/sources/pic18/d10tcyx.c"
 Parameters:    Size  Location     Type
  unit            1    wreg     unsigned char 
 Auto vars:     Size  Location     Type
  unit            1   20[COMRAM] unsigned char 
 Return value:  Size  Location     Type
		None               void
 Registers used:
		wreg
 Tracked objects:
		On entry : 
		On exit  : 
		Unchanged: 
 Data sizes:     COMRAM   BANK0   BANK1   BANK2   BANK3   BANK4   BANK5   BANK6   BANK7
      Params:         0       0       0       0       0       0       0       0       0
      Locals:         1       0       0       0       0       0       0       0       0
      Temps:          0       0       0       0       0       0       0       0       0
      Totals:         1       0       0       0       0       0       0       0       0
Total ram usage:        1 bytes
 Hardware stack levels used:    1
 Hardware stack levels required when called:    3
 This function calls:
		Nothing
 This function is called by:
		_main
 This function uses a non-reentrant model


 *************** function _ConvertADC *****************
 Defined at:
		line 22 in file "/opt/microchip/xc8/v1.30/sources/pic18/plib/ADC/adcconv.c"
 Parameters:    Size  Location     Type
		None
 Auto vars:     Size  Location     Type
		None
 Return value:  Size  Location     Type
		None               void
 Registers used:
		None
 Tracked objects:
		On entry : 
		On exit  : 
		Unchanged: 
 Data sizes:     COMRAM   BANK0   BANK1   BANK2   BANK3   BANK4   BANK5   BANK6   BANK7
      Params:         0       0       0       0       0       0       0       0       0
      Locals:         0       0       0       0       0       0       0       0       0
      Temps:          0       0       0       0       0       0       0       0       0
      Totals:         0       0       0       0       0       0       0       0       0
Total ram usage:        0 bytes
 Hardware stack levels used:    1
 Hardware stack levels required when called:    3
 This function calls:
		Nothing
 This function is called by:
		_main
 This function uses a non-reentrant model


 *************** function _BusyADC *****************
 Defined at:
		line 26 in file "/opt/microchip/xc8/v1.30/sources/pic18/plib/ADC/adcbusy.c"
 Parameters:    Size  Location     Type
		None
 Auto vars:     Size  Location     Type
		None
 Return value:  Size  Location     Type
                  1    wreg      unsigned char 
 Registers used:
		wreg
 Tracked objects:
		On entry : 
		On exit  : 
		Unchanged: 
 Data sizes:     COMRAM   BANK0   BANK1   BANK2   BANK3   BANK4   BANK5   BANK6   BANK7
      Params:         0       0       0       0       0       0       0       0       0
      Locals:         0       0       0       0       0       0       0       0       0
      Temps:          0       0       0       0       0       0       0       0       0
      Totals:         0       0       0       0       0       0       0       0       0
Total ram usage:        0 bytes
 Hardware stack levels used:    1
 Hardware stack levels required when called:    3
 This function calls:
		Nothing
 This function is called by:
		_main
 This function uses a non-reentrant model


 *************** function ___ftmul *****************
 Defined at:
		line 51 in file "/opt/microchip/xc8/v1.30/sources/common/ftmul.c"
 Parameters:    Size  Location     Type
  f1              3   42[COMRAM] float 
  f2              3   45[COMRAM] float 
 Auto vars:     Size  Location     Type
  f3_as_produc    3   52[COMRAM] unsigned um
  sign            1   56[COMRAM] unsigned char 
  cntr            1   55[COMRAM] unsigned char 
  exp             1   51[COMRAM] unsigned char 
 Return value:  Size  Location     Type
                  3   42[COMRAM] float 
 Registers used:
		wreg, status,2, status,0, cstack
 Tracked objects:
		On entry : 
		On exit  : 
		Unchanged: 
 Data sizes:     COMRAM   BANK0   BANK1   BANK2   BANK3   BANK4   BANK5   BANK6   BANK7
      Params:         6       0       0       0       0       0       0       0       0
      Locals:         6       0       0       0       0       0       0       0       0
      Temps:          3       0       0       0       0       0       0       0       0
      Totals:        15       0       0       0       0       0       0       0       0
Total ram usage:       15 bytes
 Hardware stack levels used:    1
 Hardware stack levels required when called:    4
 This function calls:
		___ftpack
 This function is called by:
		_main
		_fround
		_scale
		_sprintf
		___asftmul
 This function uses a non-reentrant model


 *************** function ___ftpack *****************
 Defined at:
		line 62 in file "/opt/microchip/xc8/v1.30/sources/common/float.c"
 Parameters:    Size  Location     Type
  arg             3   20[COMRAM] unsigned um
  exp             1   23[COMRAM] unsigned char 
  sign            1   24[COMRAM] unsigned char 
 Auto vars:     Size  Location     Type
		None
 Return value:  Size  Location     Type
                  3   20[COMRAM] float 
 Registers used:
		wreg, status,2, status,0
 Tracked objects:
		On entry : 
		On exit  : 
		Unchanged: 
 Data sizes:     COMRAM   BANK0   BANK1   BANK2   BANK3   BANK4   BANK5   BANK6   BANK7
      Params:         5       0       0       0       0       0       0       0       0
      Locals:         0       0       0       0       0       0       0       0       0
      Temps:          3       0       0       0       0       0       0       0       0
      Totals:         8       0       0       0       0       0       0       0       0
Total ram usage:        8 bytes
 Hardware stack levels used:    1
 Hardware stack levels required when called:    3
 This function calls:
		Nothing
 This function is called by:
		___ftadd
		___ftdiv
		___ftmul
		___lltoft
		___lwtoft
 This function uses a non-reentrant model


 *************** function _SerialRxPinInterrupt *****************
 Defined at:
		line 156 in file "sensor_temp_adc_comm_main.c"
 Parameters:    Size  Location     Type
		None
 Auto vars:     Size  Location     Type
  rx              1   19[COMRAM] unsigned char 
 Return value:  Size  Location     Type
		None               void
 Registers used:
		wreg, fsr0l, fsr0h, status,2, status,0, tblptrl, tblptrh, tblptru, cstack
 Tracked objects:
		On entry : 
		On exit  : 
		Unchanged: 
 Data sizes:     COMRAM   BANK0   BANK1   BANK2   BANK3   BANK4   BANK5   BANK6   BANK7
      Params:         0       0       0       0       0       0       0       0       0
      Locals:         1       0       0       0       0       0       0       0       0
      Temps:         14       0       0       0       0       0       0       0       0
      Totals:        15       0       0       0       0       0       0       0       0
Total ram usage:       15 bytes
 Hardware stack levels used:    1
 Hardware stack levels required when called:    2
 This function calls:
		_ReadUSART
		i2_putsUSART
 This function is called by:
		Interrupt level 2
 This function uses a non-reentrant model


 *************** function i2_putsUSART *****************
 Defined at:
		line 14 in file "/opt/microchip/xc8/v1.30/sources/pic18/plib/USART/uputs.c"
 Parameters:    Size  Location     Type
  data            2    1[COMRAM] PTR unsigned char 
		 -> NULL(0), STR_5(3), STR_1(9), main@buffer(6), 
 Auto vars:     Size  Location     Type
		None
 Return value:  Size  Location     Type
		None               void
 Registers used:
		wreg, fsr0l, fsr0h, status,2, status,0, tblptrl, tblptrh, tblptru, cstack
 Tracked objects:
		On entry : 
		On exit  : 
		Unchanged: 
 Data sizes:     COMRAM   BANK0   BANK1   BANK2   BANK3   BANK4   BANK5   BANK6   BANK7
      Params:         2       0       0       0       0       0       0       0       0
      Locals:         0       0       0       0       0       0       0       0       0
      Temps:          2       0       0       0       0       0       0       0       0
      Totals:         4       0       0       0       0       0       0       0       0
Total ram usage:        4 bytes
 Hardware stack levels used:    1
 Hardware stack levels required when called:    1
 This function calls:
		i2_WriteUSART
 This function is called by:
		_SerialRxPinInterrupt
 This function uses a non-reentrant model


 *************** function i2_WriteUSART *****************
 Defined at:
		line 13 in file "/opt/microchip/xc8/v1.30/sources/pic18/plib/USART/uwrite.c"
 Parameters:    Size  Location     Type
  data            1    wreg     unsigned char 
 Auto vars:     Size  Location     Type
  data            1    0[COMRAM] unsigned char 
 Return value:  Size  Location     Type
		None               void
 Registers used:
		wreg
 Tracked objects:
		On entry : 
		On exit  : 
		Unchanged: 
 Data sizes:     COMRAM   BANK0   BANK1   BANK2   BANK3   BANK4   BANK5   BANK6   BANK7
      Params:         0       0       0       0       0       0       0       0       0
      Locals:         1       0       0       0       0       0       0       0       0
      Temps:          0       0       0       0       0       0       0       0       0
      Totals:         1       0       0       0       0       0       0       0       0
Total ram usage:        1 bytes
 Hardware stack levels used:    1
 This function calls:
		Nothing
 This function is called by:
		i2_putsUSART
 This function uses a non-reentrant model


 *************** function _ReadUSART *****************
 Defined at:
		line 15 in file "/opt/microchip/xc8/v1.30/sources/pic18/plib/USART/uread.c"
 Parameters:    Size  Location     Type
		None
 Auto vars:     Size  Location     Type
  data            1    0[COMRAM] unsigned char 
 Return value:  Size  Location     Type
                  1    wreg      unsigned char 
 Registers used:
		wreg, status,2, status,0
 Tracked objects:
		On entry : 
		On exit  : 
		Unchanged: 
 Data sizes:     COMRAM   BANK0   BANK1   BANK2   BANK3   BANK4   BANK5   BANK6   BANK7
      Params:         0       0       0       0       0       0       0       0       0
      Locals:         1       0       0       0       0       0       0       0       0
      Temps:          0       0       0       0       0       0       0       0       0
      Totals:         1       0       0       0       0       0       0       0       0
Total ram usage:        1 bytes
 Hardware stack levels used:    1
 This function calls:
		Nothing
 This function is called by:
		_SerialRxPinInterrupt
 This function uses a non-reentrant model



MODULE INFORMATION

Module		Function		Class		Link	Load	Size
/opt/microchip/xc8/v1.30/sources/pic18/plib/XLCD/busyxlcd.c
		_BusyXLCD      		CODE           	2BB2	0000	58

/opt/microchip/xc8/v1.30/sources/pic18/plib/XLCD/busyxlcd.c estimated size: 58

/opt/microchip/xc8/v1.30/sources/common/fldivl.c
		__div_to_l_    		CODE           	1DC2	0000	314

/opt/microchip/xc8/v1.30/sources/common/fldivl.c estimated size: 314

/opt/microchip/xc8/v1.30/sources/pic18/plib/ADC/adcopen.c
		_OpenADC       		CODE           	2876	0000	96

/opt/microchip/xc8/v1.30/sources/pic18/plib/ADC/adcopen.c estimated size: 96

/opt/microchip/xc8/v1.30/sources/common/awmod.c
		___awmod       		CODE           	24F0	0000	156

/opt/microchip/xc8/v1.30/sources/common/awmod.c estimated size: 156

/opt/microchip/xc8/v1.30/sources/common/ftdivl.c
		__tdiv_to_l_   		CODE           	2028	0000	260

/opt/microchip/xc8/v1.30/sources/common/ftdivl.c estimated size: 260

/opt/microchip/xc8/v1.30/sources/pic18/plib/XLCD/writdata.c
		_WriteDataXLCD 		CODE           	2A44	0000	64

/opt/microchip/xc8/v1.30/sources/pic18/plib/XLCD/writdata.c estimated size: 64

/opt/microchip/xc8/v1.30/sources/pic18/asftadd.c
		___asftadd     		CODE           	2B3C	0000	60

/opt/microchip/xc8/v1.30/sources/pic18/asftadd.c estimated size: 60

/opt/microchip/xc8/v1.30/sources/pic18/plib/XLCD/setddram.c
		_SetDDRamAddr  		CODE           	29EA	0000	90

/opt/microchip/xc8/v1.30/sources/pic18/plib/XLCD/setddram.c estimated size: 90

/opt/microchip/xc8/v1.30/sources/common/awdiv.c
		___awdiv       		CODE           	22F2	0000	176

/opt/microchip/xc8/v1.30/sources/common/awdiv.c estimated size: 176

/opt/microchip/xc8/v1.30/sources/common/ftadd.c
		___ftadd       		CODE           	1C0A	0000	440

/opt/microchip/xc8/v1.30/sources/common/ftadd.c estimated size: 440

/opt/microchip/xc8/v1.30/sources/pic18/d10tcyx.c
		_Delay10TCYx   		CODE           	2DA6	0000	18

/opt/microchip/xc8/v1.30/sources/pic18/d10tcyx.c estimated size: 18

/opt/microchip/xc8/v1.30/sources/common/lltoft.c
		___lltoft      		CODE           	2812	0000	100

/opt/microchip/xc8/v1.30/sources/common/lltoft.c estimated size: 100

/opt/microchip/xc8/v1.30/sources/pic18/plib/ADC/adcbusy.c
		_BusyADC       		CODE           	2DB8	0000	12

/opt/microchip/xc8/v1.30/sources/pic18/plib/ADC/adcbusy.c estimated size: 12

/opt/microchip/xc8/v1.30/sources/common/lwtoft.c
		___lwtoft      		CODE           	2C4E	0000	44

/opt/microchip/xc8/v1.30/sources/common/lwtoft.c estimated size: 44

shared
		__stringdata   		SMALLCONST     	0877	0000	24
		__powers_      		SMALLCONST     	0850	0000	39
		_dpowers       		SMALLCONST     	0801	0000	40
		__npowers_     		SMALLCONST     	0829	0000	39
		__initializatio		CODE           	2D3A	0000	16
		i2_putsUSART   		CODE           	298E	0000	92
		i2_WriteUSART  		CODE           	2D80	0000	20

shared estimated size: 270

/opt/microchip/xc8/v1.30/sources/common/float.c
		___ftpack      		CODE           	23A2	0000	168

/opt/microchip/xc8/v1.30/sources/common/float.c estimated size: 168

/opt/microchip/xc8/v1.30/sources/common/isdigit.c
		_isdigit       		CODE           	2CA6	0000	42

/opt/microchip/xc8/v1.30/sources/common/isdigit.c estimated size: 42

/opt/microchip/xc8/v1.30/sources/pic18/plib/XLCD/openxlcd.c
		_OpenXLCD      		CODE           	244A	0000	166

/opt/microchip/xc8/v1.30/sources/pic18/plib/XLCD/openxlcd.c estimated size: 166

/opt/microchip/xc8/v1.30/sources/pic18/plib/USART/uread.c
		_ReadUSART     		CODE           	2D1C	0000	30

/opt/microchip/xc8/v1.30/sources/pic18/plib/USART/uread.c estimated size: 30

/opt/microchip/xc8/v1.30/sources/pic18/plib/ADC/adcconv.c
		_ConvertADC    		CODE           	2DD6	0000	4

/opt/microchip/xc8/v1.30/sources/pic18/plib/ADC/adcconv.c estimated size: 4

sensor_temp_adc_comm_main.c
		_SerialRxPinInt		CODE           	0008	0000	9760
		_main          		CODE           	1A22	0000	488
		_DelayFor18TCY 		CODE           	2CF6	0000	38
		_setupMCU      		CODE           	2C22	0000	44
		_Delay_ms      		CODE           	2C7A	0000	44
		_DelayPORXLCD  		CODE           	2DCE	0000	8

sensor_temp_adc_comm_main.c estimated size: 10382

/opt/microchip/xc8/v1.30/sources/pic18/plib/XLCD/wcmdxlcd.c
		_WriteCmdXLCD  		CODE           	2A84	0000	64

/opt/microchip/xc8/v1.30/sources/pic18/plib/XLCD/wcmdxlcd.c estimated size: 64

/opt/microchip/xc8/v1.30/sources/common/llmod.c
		___llmod       		CODE           	273E	0000	106

/opt/microchip/xc8/v1.30/sources/common/llmod.c estimated size: 106

/opt/microchip/xc8/v1.30/sources/pic18/d1ktcyx.c
		_Delay1KTCYx   		CODE           	2D94	0000	18

/opt/microchip/xc8/v1.30/sources/pic18/d1ktcyx.c estimated size: 18

/opt/microchip/xc8/v1.30/sources/pic18/plib/ADC/adcread.c
		_ReadADC       		CODE           	2DC4	0000	10

/opt/microchip/xc8/v1.30/sources/pic18/plib/ADC/adcread.c estimated size: 10

/opt/microchip/xc8/v1.30/sources/pic18/asftsub.c
		___asftsub     		CODE           	2AC4	0000	60

/opt/microchip/xc8/v1.30/sources/pic18/asftsub.c estimated size: 60

/opt/microchip/xc8/v1.30/sources/common/ftdiv.c
		___ftdiv       		CODE           	2218	0000	218

/opt/microchip/xc8/v1.30/sources/common/ftdiv.c estimated size: 218

/opt/microchip/xc8/v1.30/sources/common/lldiv.c
		___lldiv       		CODE           	26B8	0000	134

/opt/microchip/xc8/v1.30/sources/common/lldiv.c estimated size: 134

/opt/microchip/xc8/v1.30/sources/common/ftsub.c
		___ftsub       		CODE           	2BEC	0000	54

/opt/microchip/xc8/v1.30/sources/common/ftsub.c estimated size: 54

/opt/microchip/xc8/v1.30/sources/pic18/plib/USART/uputs.c
		_putsUSART     		CODE           	28D6	0000	92

/opt/microchip/xc8/v1.30/sources/pic18/plib/USART/uputs.c estimated size: 92

/opt/microchip/xc8/v1.30/sources/pic18/plib/USART/uwrite.c
		_WriteUSART    		CODE           	2D6C	0000	20

/opt/microchip/xc8/v1.30/sources/pic18/plib/USART/uwrite.c estimated size: 20

/opt/microchip/xc8/v1.30/sources/pic18/plib/USART/uopen.c
		_OpenUSART     		CODE           	27A8	0000	106

/opt/microchip/xc8/v1.30/sources/pic18/plib/USART/uopen.c estimated size: 106

/opt/microchip/xc8/v1.30/sources/common/ftneg.c
		___ftneg       		CODE           	2CD0	0000	38

/opt/microchip/xc8/v1.30/sources/common/ftneg.c estimated size: 38

/opt/microchip/xc8/v1.30/sources/common/ftge.c
		___ftge        		CODE           	2628	0000	144

/opt/microchip/xc8/v1.30/sources/common/ftge.c estimated size: 144

/opt/microchip/xc8/v1.30/sources/common/wmul.c
		___wmul        		CODE           	2B78	0000	58

/opt/microchip/xc8/v1.30/sources/common/wmul.c estimated size: 58

/opt/microchip/xc8/v1.30/sources/pic18/asftmul.c
		___asftmul     		CODE           	2B00	0000	60

/opt/microchip/xc8/v1.30/sources/pic18/asftmul.c estimated size: 60

/opt/microchip/xc8/v1.30/sources/common/doprnt.c
		_scale         		CODE           	1416	0000	976
		_sprintf       		CODE           	0890	0000	2950
		_fround        		CODE           	17E6	0000	572

/opt/microchip/xc8/v1.30/sources/common/doprnt.c estimated size: 4498

/opt/microchip/xc8/v1.30/sources/pic18/plib/XLCD/putrxlcd.c
		_putrsXLCD     		CODE           	2932	0000	92

/opt/microchip/xc8/v1.30/sources/pic18/plib/XLCD/putrxlcd.c estimated size: 92

/opt/microchip/xc8/v1.30/sources/common/ftmul.c
		___ftmul       		CODE           	212C	0000	236

/opt/microchip/xc8/v1.30/sources/common/ftmul.c estimated size: 236

/opt/microchip/xc8/v1.30/sources/common/fttol.c
		___fttol       		CODE           	1EFC	0000	300

/opt/microchip/xc8/v1.30/sources/common/fttol.c estimated size: 300

/opt/microchip/xc8/v1.30/sources/pic18/d10ktcyx.c
		_Delay10KTCYx  		CODE           	2D54	0000	24

/opt/microchip/xc8/v1.30/sources/pic18/d10ktcyx.c estimated size: 24

