Microchip MPLAB XC8 Compiler V1.30 ()

Linker command line:

--edf=/opt/microchip/xc8/v1.30/dat/en_msgs.txt -cs \
  -h+dist/default/production/usart_msg.X.production.sym \
  --cmf=dist/default/production/usart_msg.X.production.cmf -z -Q16F628A \
  -o/tmp/cgtBIcehA -Mdist/default/production/usart_msg.X.production.map -E1 \
  -ver=XC8 -ASTACK=0A0h-0efh -pstack=STACK -ACONST=00h-0FFhx8 \
  -ACODE=00h-07FFh -ASTRCODE=00h-07FFh -AENTRY=00h-0FFhx8 \
  -ASTRING=00h-0FFhx8 -ACOMMON=070h-07Fh -ABANK0=020h-06Fh \
  -ABANK1=0A0h-0EFh -ABANK2=0120h-014Fh \
  -ARAM=020h-06Fh,0A0h-0EFh,0120h-014Fh \
  -AABS1=020h-07Fh,0A0h-0EFh,0120h-014Fh -ASFR0=00h-01Fh -ASFR1=080h-09Fh \
  -ASFR2=0100h-011Fh -ASFR3=0180h-01EFh \
  -preset_vec=00h,intentry=04h,init,end_init -ppowerup=CODE -pcinit=CODE \
  -pfunctab=CODE -ACONFIG=02007h-02007h -pconfig=CONFIG -DCONFIG=2 \
  -AIDLOC=02000h-02003h -pidloc=IDLOC -DIDLOC=2 -AEEDATA=00h-07Fh/02100h \
  -peeprom_data=EEDATA -DEEDATA=2 -DCODE=2 -DSTRCODE=2 -DSTRING=2 -DCONST=2 \
  -DENTRY=2 -k /tmp/cgtHVizYM.obj \
  dist/default/production/usart_msg.X.production.obj 

Object code version is 3.11

Machine type is 16F628A



                Name                               Link     Load   Length Selector   Space Scale
/tmp/cgtHVizYM.obj
                end_init                             10       10        1        8       0
                reset_vec                             0        0        1        0       0
                config                             2007     2007        1     400E       0
dist/default/production/usart_msg.X.production.obj
                cinit                                11       11        4        8       0
                intentry                              4        4        C        8       0
                text6                               1F8      1F8       11      368       0
                text5                               209      209        9      368       0
                text4                               1B4      1B4       28      368       0
                text3                               1DC      1DC       1C      368       0
                text2                                BC       BC       8F        8       0
                text1                                15       15       A7        8       0
                maintext                            14B      14B       40        8       0
                cstackBANK0                          20       20       21       20       1
                cstackCOMMON                         70       70        8       70       1
                bssBANK0                             41       41        1       20       1
                bitbssCOMMON                        3C0       78        1       70       1     8
                strings                             18B      18B       29      316       0

TOTAL           Name                               Link     Load   Length     Space
        CLASS   STACK          

        CLASS   CONST          

        CLASS   CODE           
                end_init                             10       10        1         0
                cinit                                11       11        4         0
                intentry                              4        4        C         0
                reset_vec                             0        0        1         0
                text6                               1F8      1F8       11         0
                text5                               209      209        9         0
                text4                               1B4      1B4       28         0
                text3                               1DC      1DC       1C         0
                text2                                BC       BC       8F         0
                text1                                15       15       A7         0
                maintext                            14B      14B       40         0

        CLASS   STRCODE        

        CLASS   ENTRY          

        CLASS   STRING         
                strings                             18B      18B       29         0

        CLASS   COMMON         
                cstackCOMMON                         70       70        8         1
                bitbssCOMMON                        3C0       78        1         1

        CLASS   BANK0          
                cstackBANK0                          20       20       21         1
                bssBANK0                             41       41        1         1

        CLASS   BANK1          

        CLASS   BANK2          

        CLASS   RAM            

        CLASS   ABS1           
                abs_s1                               7E       7E        2         1

        CLASS   SFR0           

        CLASS   SFR1           

        CLASS   SFR2           

        CLASS   SFR3           

        CLASS   CONFIG         
                config                             2007     2007        1         0

        CLASS   IDLOC          

        CLASS   EEDATA         

        CLASS   BANK3          



SEGMENTS        Name                           Load    Length   Top    Selector   Space  Class     Delta

                reset_vec                      000000  000001  000001         0       0  CODE        2
                intentry                       000004  000187  00018B         8       0  CODE        2
                cstackBANK0                    000020  000022  000042        20       1  BANK0       1
                cstackCOMMON                   000070  000009  000079        70       1  COMMON      1
                strings                        00018B  000029  0001B4       316       0  STRING      2
                text4                          0001B4  00005E  000212       368       0  CODE        2
                config                         002007  000001  002008      400E       0  CONFIG      2


UNUSED ADDRESS RANGES

        Name                Unused          Largest block    Delta
        BANK0            0042-006F             2E           1
        BANK1            00A0-00EF             50           1
        BANK2            0120-014F             30           1
        CODE             0001-0003              3           2
                         0212-07FF            5EE
        COMMON           0079-007D              5           1
        CONST            0001-0003              3           2
                         0212-07FF            100
        EEDATA           2100-217F             80           2
        ENTRY            0001-0003              3           2
                         0212-07FF            100
        IDLOC            2000-2003              4           2
        RAM              0042-006F             2E           1
                         00A0-00EF             50
                         0120-014F             30
        SFR0             0000-001F             20           1
        SFR1             0080-009F             20           1
        SFR2             0100-011F             20           1
        SFR3             0180-01EF             70           1
        STACK            00A0-00EF             50           1
        STRCODE          0001-0003              3           2
                         0212-07FF            5EE
        STRING           0001-0003              3           2
                         0212-07FF            100

                                  Symbol Table

?___aldiv                   cstackBANK0  0020
?_strlen                    cstackCOMMON 0075
_GIE                        (abs)        005F
_PEIE                       (abs)        005E
_PORTB                      (abs)        0006
_RCIE                       (abs)        0465
_RCIF                       (abs)        0065
_RCREG                      (abs)        001A
_RCSTA                      (abs)        0018
_RS232                      text6        01F8
_SPBRG                      (abs)        0099
_TRISB                      (abs)        0086
_TXIE                       (abs)        0464
_TXIF                       (abs)        0064
_TXREG                      (abs)        0019
_TXSTA                      (abs)        0098
__CFG_BOREN$OFF             (abs)        0000
__CFG_CP$OFF                (abs)        0000
__CFG_CPD$OFF               (abs)        0000
__CFG_FOSC$XT               (abs)        0000
__CFG_LVP$OFF               (abs)        0000
__CFG_MCLRE$ON              (abs)        0000
__CFG_PWRTE$ON              (abs)        0000
__CFG_WDTE$OFF              (abs)        0000
__Habs1                     abs1         0000
__Hbank0                    bank0        0000
__Hbank1                    bank1        0000
__Hbank2                    bank2        0000
__Hbank3                    bank3        0000
__HbitbssCOMMON             bitbssCOMMON 0000
__HbssBANK0                 bssBANK0     0000
__Hcinit                    cinit        0015
__Hclrtext                  clrtext      0000
__Hcode                     code         0000
__Hcommon                   common       0000
__Hconfig                   config       2008
__HcstackBANK0              cstackBANK0  0000
__HcstackCOMMON             cstackCOMMON 0000
__Heeprom_data              eeprom_data  0000
__Hend_init                 end_init     0011
__Hfunctab                  functab      0000
__Hidloc                    idloc        0000
__Hinit                     init         0010
__Hintentry                 intentry     0010
__Hmaintext                 maintext     0000
__Hpowerup                  powerup      0000
__Hram                      ram          0000
__Hreset_vec                reset_vec    0001
__Hsfr0                     sfr0         0000
__Hsfr1                     sfr1         0000
__Hsfr2                     sfr2         0000
__Hsfr3                     sfr3         0000
__Hstack                    stack        0000
__Hstrings                  strings      0000
__Htext                     text         0000
__Labs1                     abs1         0000
__Lbank0                    bank0        0000
__Lbank1                    bank1        0000
__Lbank2                    bank2        0000
__Lbank3                    bank3        0000
__LbitbssCOMMON             bitbssCOMMON 0000
__LbssBANK0                 bssBANK0     0000
__Lcinit                    cinit        0011
__Lclrtext                  clrtext      0000
__Lcode                     code         0000
__Lcommon                   common       0000
__Lconfig                   config       2007
__LcstackBANK0              cstackBANK0  0000
__LcstackCOMMON             cstackCOMMON 0000
__Leeprom_data              eeprom_data  0000
__Lend_init                 end_init     0010
__Lfunctab                  functab      0000
__Lidloc                    idloc        0000
__Linit                     init         0010
__Lintentry                 intentry     0004
__Lmaintext                 maintext     0000
__Lpowerup                  powerup      0000
__Lram                      ram          0000
__Lreset_vec                reset_vec    0000
__Lsfr0                     sfr0         0000
__Lsfr1                     sfr1         0000
__Lsfr2                     sfr2         0000
__Lsfr3                     sfr3         0000
__Lstack                    stack        0000
__Lstrings                  strings      0000
__Ltext                     text         0000
__S0                        (abs)        2008
__S1                        (abs)        0079
__S2                        (abs)        0000
__S3                        (abs)        0000
___aldiv                    text2        00BC
___aldiv@counter            cstackBANK0  0028
___aldiv@dividend           cstackBANK0  0024
___aldiv@divisor            cstackBANK0  0020
___aldiv@quotient           cstackBANK0  002A
___aldiv@sign               cstackBANK0  0029
___int_sp                   stack        0000
___latbits                  (abs)        0000
___sp                       stack        0000
__end_of_RS232              text6        0209
__end_of___aldiv            text2        014B
__end_of__initialization    cinit        0013
__end_of__stringdata        strings      01B4
__end_of__stringtab         strings      0191
__end_of_escreve            text5        0212
__end_of_imprime            text3        01F8
__end_of_inicializa_RS232   text1        00BC
__end_of_main               maintext     018B
__end_of_strlen             text4        01DC
__initialization            cinit        0011
__pbitbssCOMMON             bitbssCOMMON 03C0
__pbssBANK0                 bssBANK0     0041
__pcstackBANK0              cstackBANK0  0020
__pcstackCOMMON             cstackCOMMON 0070
__pintentry                 intentry     0004
__pmaintext                 maintext     014B
__pstrings                  strings      018B
__ptext1                    text1        0015
__ptext2                    text2        00BC
__ptext3                    text3        01DC
__ptext4                    text4        01B4
__ptext5                    text5        0209
__ptext6                    text6        01F8
__size_of_RS232             (abs)        0000
__size_of___aldiv           (abs)        0000
__size_of_escreve           (abs)        0000
__size_of_imprime           (abs)        0000
__size_of_inicializa_RS232  (abs)        0000
__size_of_main              (abs)        0000
__size_of_strlen            (abs)        0000
__stringbase                strings      0190
__stringdata                strings      0191
__stringtab                 strings      018B
_caracter                   bssBANK0     0041
_escreve                    text5        0209
_flag_interrupcao           bitbssCOMMON 03C0
_imprime                    text3        01DC
_inicializa_RS232           text1        0015
_inicializa_RS232$459       cstackBANK0  003A
_main                       maintext     014B
_strlen                     text4        01B4
btemp                       (abs)        007E
end_of_initialization       cinit        0013
escreve@valor               cstackCOMMON 0075
imprime@frase               cstackBANK0  0027
imprime@indice              cstackBANK0  0028
imprime@tamanho             cstackBANK0  0026
inicializa_RS232@modo       cstackBANK0  0032
inicializa_RS232@valor      cstackBANK0  0038
inicializa_RS232@velocidade cstackBANK0  002E
interrupt_function          intentry     0004
intlevel0                   functab      0000
intlevel1                   functab      0000
intlevel2                   functab      0000
intlevel3                   functab      0000
intlevel4                   functab      0000
intlevel5                   functab      0000
ltemp                       (abs)        007E
ltemp0                      (abs)        007E
ltemp1                      (abs)        0082
ltemp2                      (abs)        0086
ltemp3                      (abs)        0080
reset_vec                   reset_vec    0000
saved_w                     (abs)        007E
stackhi                     (abs)        0000
stacklo                     (abs)        0000
start                       init         0010
start_initialization        cinit        0011
strlen@cp                   cstackBANK0  0025
strlen@s                    cstackBANK0  0024
ttemp                       (abs)        007E
ttemp0                      (abs)        007E
ttemp1                      (abs)        0081
ttemp2                      (abs)        0084
ttemp3                      (abs)        0087
ttemp4                      (abs)        007F
wtemp                       (abs)        007E
wtemp0                      (abs)        007E
wtemp1                      (abs)        0080
wtemp2                      (abs)        0082
wtemp3                      (abs)        0084
wtemp4                      (abs)        0086
wtemp5                      (abs)        0088
wtemp6                      (abs)        007F


FUNCTION INFORMATION:

 *************** function _main *****************
 Defined at:
		line 79 in file "usart_msg_main.c"
 Parameters:    Size  Location     Type
		None
 Auto vars:     Size  Location     Type
		None
 Return value:  Size  Location     Type
		None               void
 Registers used:
		wreg, fsr0l, fsr0h, status,2, status,0, pclath, cstack
 Tracked objects:
		On entry : 
		On exit  : 
		Unchanged: 
 Data sizes:     COMMON   BANK0   BANK1   BANK2
      Params:         0       0       0       0
      Locals:         0       0       0       0
      Temps:          0       3       0       0
      Totals:         0       3       0       0
Total ram usage:        3 bytes
 Hardware stack levels required when called:    4
 This function calls:
		_escreve
		_imprime
		_inicializa_RS232
 This function is called by:
		Startup code after reset
 This function uses a non-reentrant model


 *************** function _inicializa_RS232 *****************
 Defined at:
		line 37 in file "usart_msg_main.c"
 Parameters:    Size  Location     Type
  velocidade      4   14[BANK0 ] long 
  modo            2   18[BANK0 ] int 
 Auto vars:     Size  Location     Type
  valor           2   24[BANK0 ] int 
 Return value:  Size  Location     Type
		None               void
 Registers used:
		wreg, status,2, status,0, pclath, cstack
 Tracked objects:
		On entry : 
		On exit  : 
		Unchanged: 
 Data sizes:     COMMON   BANK0   BANK1   BANK2
      Params:         0       6       0       0
      Locals:         0       6       0       0
      Temps:          0       4       0       0
      Totals:         0      16       0       0
Total ram usage:       16 bytes
 Hardware stack levels used:    1
 Hardware stack levels required when called:    2
 This function calls:
		___aldiv
 This function is called by:
		_main
 This function uses a non-reentrant model


 *************** function ___aldiv *****************
 Defined at:
		line 6 in file "/opt/microchip/xc8/v1.30/sources/common/aldiv.c"
 Parameters:    Size  Location     Type
  divisor         4    0[BANK0 ] long 
  dividend        4    4[BANK0 ] long 
 Auto vars:     Size  Location     Type
  quotient        4   10[BANK0 ] long 
  sign            1    9[BANK0 ] unsigned char 
  counter         1    8[BANK0 ] unsigned char 
 Return value:  Size  Location     Type
                  4    0[BANK0 ] long 
 Registers used:
		wreg, status,2, status,0
 Tracked objects:
		On entry : 
		On exit  : 
		Unchanged: 
 Data sizes:     COMMON   BANK0   BANK1   BANK2
      Params:         0       8       0       0
      Locals:         0       6       0       0
      Temps:          1       0       0       0
      Totals:         1      14       0       0
Total ram usage:       15 bytes
 Hardware stack levels used:    1
 Hardware stack levels required when called:    1
 This function calls:
		Nothing
 This function is called by:
		_inicializa_RS232
 This function uses a non-reentrant model


 *************** function _imprime *****************
 Defined at:
		line 68 in file "usart_msg_main.c"
 Parameters:    Size  Location     Type
  frase           1    wreg     PTR const unsigned char 
		 -> STR_2(23), STR_1(12), 
 Auto vars:     Size  Location     Type
  frase           1    7[BANK0 ] PTR const unsigned char 
		 -> STR_2(23), STR_1(12), 
  indice          1    8[BANK0 ] unsigned char 
  tamanho         1    6[BANK0 ] unsigned char 
 Return value:  Size  Location     Type
		None               void
 Registers used:
		wreg, fsr0l, fsr0h, status,2, status,0, pclath, cstack
 Tracked objects:
		On entry : 
		On exit  : 
		Unchanged: 
 Data sizes:     COMMON   BANK0   BANK1   BANK2
      Params:         0       0       0       0
      Locals:         0       3       0       0
      Temps:          1       0       0       0
      Totals:         1       3       0       0
Total ram usage:        4 bytes
 Hardware stack levels used:    1
 Hardware stack levels required when called:    3
 This function calls:
		_escreve
		_strlen
 This function is called by:
		_main
 This function uses a non-reentrant model


 *************** function _strlen *****************
 Defined at:
		line 4 in file "/opt/microchip/xc8/v1.30/sources/common/strlen.c"
 Parameters:    Size  Location     Type
  s               1    wreg     PTR const unsigned char 
		 -> STR_2(23), STR_1(12), 
 Auto vars:     Size  Location     Type
  s               1    4[BANK0 ] PTR const unsigned char 
		 -> STR_2(23), STR_1(12), 
  cp              1    5[BANK0 ] PTR const unsigned char 
		 -> STR_2(23), STR_1(12), 
 Return value:  Size  Location     Type
                  2    5[COMMON] unsigned int 
 Registers used:
		wreg, fsr0l, fsr0h, status,2, status,0, pclath
 Tracked objects:
		On entry : 
		On exit  : 
		Unchanged: 
 Data sizes:     COMMON   BANK0   BANK1   BANK2
      Params:         2       0       0       0
      Locals:         0       2       0       0
      Temps:          0       4       0       0
      Totals:         2       6       0       0
Total ram usage:        8 bytes
 Hardware stack levels used:    2
 Hardware stack levels required when called:    1
 This function calls:
		Nothing
 This function is called by:
		_imprime
 This function uses a non-reentrant model


 *************** function _escreve *****************
 Defined at:
		line 62 in file "usart_msg_main.c"
 Parameters:    Size  Location     Type
  valor           1    wreg     unsigned char 
 Auto vars:     Size  Location     Type
  valor           1    5[COMMON] unsigned char 
 Return value:  Size  Location     Type
		None               void
 Registers used:
		wreg
 Tracked objects:
		On entry : 
		On exit  : 
		Unchanged: 
 Data sizes:     COMMON   BANK0   BANK1   BANK2
      Params:         0       0       0       0
      Locals:         1       0       0       0
      Temps:          0       0       0       0
      Totals:         1       0       0       0
Total ram usage:        1 bytes
 Hardware stack levels used:    1
 Hardware stack levels required when called:    1
 This function calls:
		Nothing
 This function is called by:
		_imprime
		_main
 This function uses a non-reentrant model


 *************** function _RS232 *****************
 Defined at:
		line 29 in file "usart_msg_main.c"
 Parameters:    Size  Location     Type
		None
 Auto vars:     Size  Location     Type
		None
 Return value:  Size  Location     Type
		None               void
 Registers used:
		wreg
 Tracked objects:
		On entry : 
		On exit  : 
		Unchanged: 
 Data sizes:     COMMON   BANK0   BANK1   BANK2
      Params:         0       0       0       0
      Locals:         0       0       0       0
      Temps:          5       0       0       0
      Totals:         5       0       0       0
Total ram usage:        5 bytes
 Hardware stack levels used:    1
 This function calls:
		Nothing
 This function is called by:
		Interrupt level 1
 This function uses a non-reentrant model



MODULE INFORMATION

Module		Function		Class		Link	Load	Size
/opt/microchip/xc8/v1.30/sources/common/strlen.c
		_strlen        		CODE           	01B4	0000	40

/opt/microchip/xc8/v1.30/sources/common/strlen.c estimated size: 40

usart_msg_main.c
		_escreve       		CODE           	0209	0000	9
		_imprime       		CODE           	01DC	0000	28
		_main          		CODE           	014B	0000	64
		_RS232         		CODE           	01F8	0000	17
		_inicializa_RS2		CODE           	0015	0000	167

usart_msg_main.c estimated size: 285

shared
		__stringtab    		STRING         	018B	0000	6
		__stringdata   		STRING         	0191	0000	35
		__initializatio		CODE           	0011	0000	2

shared estimated size: 43

/opt/microchip/xc8/v1.30/sources/common/aldiv.c
		___aldiv       		CODE           	00BC	0000	143

/opt/microchip/xc8/v1.30/sources/common/aldiv.c estimated size: 143

